
==================================================================
  SCENARIO 0 — a response that says nothing must not become dead air
==================================================================
[Realtime] Connected: gpt-realtime-2
[Realtime] Session configured — template=forage_data_collection voice=cedar
[Realtime] Waiting for Twilio stream start...
[Realtime] Twilio stream started: MZtest (0.00s after the socket opened — Twilio's own handshake)

════════════════════════════════════════════════════════════
  CALL STARTED  20:53:48
  Doctor  : Dr. Jane Okafor
  Hospital: Northside Medical Group
  Call ID : call-20260903-2053-tsid
════════════════════════════════════════════════════════════
  Greeting → Hi, this is David, calling on behalf of Forage AI about a doctor listing, do you know which branch Dr. Okafor works out of?
────────────────────────────────────────────────────────────

[Realtime] Context sent, greeting requested — starting audio loops

[20:53:48] 🤖 AGENT  : Hi, this is Sarah...
[Recording] Full options rejected (Twilio disabled in tests) — retrying bare
[Realtime] usage: in_text=1900 (cached 0)  in_audio=400 (cached 0)  out_audio=800  out_text=20  (cap 1500)  [completed]
[Realtime] Greeting done — now listening to caller (OpenAI's audio clock starts 0.00s into ours)
[Recording] Could not start: Twilio disabled in tests. The local WAV mix will still be written.
[20:53:48] 👤 CALLER : Actually, he is not working now. He's retired.
[Realtime] usage: in_text=1900 (cached 1800)  in_audio=400 (cached 0)  out_audio=0  out_text=20  (cap 1500)  [completed]
[Realtime] Response produced no audio — re-requesting to avoid dead air (1/2)
[Realtime] Recording: caller=8000 samples, agent_responses=0, n=8000
[Realtime] Caller raw RMS per 3s: []

════════════════════════════════════════════════════════════
  CALL ENDED  —  call-20260903-2053-tsid
────────────────────────────────────────────────────────────
  Doctor   : Dr. Jane Okafor
  Hospital : Northside Medical Group
  Duration : 0s
  Result   : ⚠️  NOT RESOLVED — unknown
────────────────────────────────────────────────────────────
  TRANSCRIPT:
  [20:53:48] 🤖 AGENT : Hi, this is Sarah...
  [20:53:48] 👤 Caller: Actually, he is not working now. He's retired.
────────────────────────────────────────────────────────────
  Recording: C:\Users\varun\AppData\Local\Temp\realtime-protocol-test\call-20260903-2053-tsid.wav
  JSON     : data/3 cases jsons/call-20260903-2053-tsid.json
════════════════════════════════════════════════════════════

  CONVERSATION SHAPE
    agent turns          1
    of which questions   0
    caller turns         1 (0 of them questions)
    stapled onto answers 0 of 0  (n/a)
    asked twice running  0
    asked twice in a turn 0
    turns stacking moves 0   (longest 0 sentences, 0 words)
    repeated sentences   0
    said twice in a row  0
    spoke over itself    0
    caller turns measured 0 of 1   <- unmeasured turns bypass the hint-echo check

────────────────────────────────────────────────────────
  💰  CALL COST — call-20260903-2053-tsid
      model=gpt-realtime-2  template=forage_data_collection
────────────────────────────────────────────────────────
  Duration         0s (0.0 min), 2 responses
  Audio in                  800 tok  → $0.0256
  Audio in cached             0 tok  → $0.0000
  Audio out                 800 tok  → $0.0512
  Text in                 2,000 tok  → $0.0080
  Text in cached          1,800 tok  → $0.0007
  Text out                   40 tok  → $0.0010
  Telephony                0.00 min  → $0.0000
────────────────────────────────────────────────────────
  TOTAL                              → $0.0865
  cache hit rate                       39.1%
────────────────────────────────────────────────────────

  [PASS] empty response triggers a re-request instead of silence  — 2 response.create sent
  response.create sent: 2 (greeting + recovery)

==================================================================
  SCENARIO 0a — a callee who never speaks must not stall the call
==================================================================
[Realtime] 3.5s of silence — prompting the callee (opening 1/2)
  [PASS] silence triggers a response  — 1 sent
  [PASS] the model is told the callee has gone quiet
  [PASS] opening silence prompts are capped  — 1
  [PASS] opening silence does not spend the mid-call budget
  [PASS] owed after muting: True  for "I'm trying to find out which branch Dr. "
  [PASS] owed after muting: True  for "I'm calling on behalf of Definitive Heal"
  [PASS] owed after muting: False for 'Sure, no rush.'
  [PASS] owed after muting: False for 'Got it, which branch in San Francisco is'
  [PASS] owed after muting: False for 'Got it, do you know which branch she wor'
  [PASS] owed after muting: True  for 'Which branch does Dr. Okafor see patient'
[20:53:53] 💬 OWED SUBSTANCE — the half they never heard, saying it now: "I'm trying to find out which branch Dr. Okafor works out of."
  [PASS] the muted half is recovered on the next turn
  [PASS] and it is quoted back verbatim, not paraphrased
  [PASS] and a response is created to speak it
  [PASS] the attempt is counted where it is SPENT (1 this call)  — counting on the recovery landing instead would never count the case that matters — a recovery muted exactly like the turn that created the debt, which is the livelock on call-20260825-1435
  [PASS] cleared once said, so it cannot fire twice  — 1 recovered
  [PASS] no response is created while the queue is still playing out
  [PASS] and the owed text is KEPT, not counted as recovered  — owed="I'm trying to find out w" recovered=0
  [PASS] the directive is injected once across many refused retries  — 1 injected over ~5 ticks
  [PASS] no prompt while the caller has the turn  — 0 sent
  [PASS] no response.create while one is already generating  — 0 sent
  [PASS] first silence is given less rope than a mid-call one  — 3.5s vs 7.0s
  [PASS] found the silence-budget assignments to judge  — 4 assignments
  [PASS] only __init__ declarations zero the silence budget, never a reset  — ['self._silence_prompts_opening: int = 0', 'self._silence_prompts_midcall: int = 0']
  [PASS] no mid-call reset of the silence budget through the session
  [PASS] every silence-budget assignment parsed  — 0 unparsed
  [PASS] silence budget is only ever initialised or incremented  — ['0', '0', '1', '1']
  [PASS] no prompt while the agent's audio is still playing out  — 0 sent
  [PASS] silence clock is never set to bare response.done time
  [PASS] silence clock is offset by the audio still to play
  [PASS] found the API-error branch in the module
  [PASS] API-error branch body extracted, not empty  — 52 lines
  [PASS] nothing on the API-error branch goes to the unconfigured logger
  [PASS] the API-error branch prints, so errors reach the terminal
  [PASS] identity question recognised: 'Hello, may I ask who is speaking?'
  [PASS] identity question recognised: 'who are you'
  [PASS] identity question recognised: 'Who is this?'
  [PASS] identity question recognised: 'where are you calling from'
  [PASS] identity question recognised: 'are you a robot'
  [PASS] identity question recognised: 'who gave you this number'
  [PASS] not mistaken for an identity question: 'which branch is he at'
  [PASS] not mistaken for an identity question: 'what location does she use'
  [PASS] not mistaken for an identity question: 'who does he see on Tuesdays'
  [PASS] contraction recognised: "Sorry, who's calling again?"
  [PASS] contraction recognised: "who's this?"
  [PASS] contraction recognised: "Who's speaking?"
  [PASS] contraction recognised: "who's calling"
  [PASS] the re-introduction guard consults the identity detector
  [PASS] and stands down when the caller just asked who is calling
  [PASS] and only the most recent caller turn licenses it
  [PASS] the detector still recognises the greeting formula itself
  [PASS] re-ask gap covers the 3s badgering seen on call-20260811-1649  — 6.0s
  [PASS] _reask_nudged is one-shot
  [PASS] _identity_nudged is one-shot
  [PASS] hint does not supply the caller's line: 'yes, speaking'
  [PASS] hint does not supply the caller's line: 'hold on'
  [PASS] hint does not supply the caller's line: 'one moment'
  [PASS] hint does not supply the caller's line: 'let me check'
  [PASS] hint does not supply the caller's line: 'let me transfer you'
  [PASS] hint does not supply the caller's line: 'this is'
  [PASS] hint does not supply the caller's line: 'not available'
  [PASS] hint does not supply the caller's line: "we can't share that"
  [PASS] hint does not supply the caller's line: 'he practices at'
  [PASS] hint has no complete-utterance section at all
  [PASS] the template primes the transcriber with nothing  — ''
  [PASS] the retired vocabulary still carries 'campus' for the detectors  — deleting it here disarms the guard that catches it coming back
  [PASS] the retired vocabulary still carries 'medical center' for the detectors  — deleting it here disarms the guard that catches it coming back
  [PASS] the retired vocabulary still carries 'boulevard' for the detectors  — deleting it here disarms the guard that catches it coming back
  [PASS] the retired vocabulary still carries 'street' for the detectors  — deleting it here disarms the guard that catches it coming back
  [PASS] the retired vocabulary still carries 'clinic' for the detectors  — deleting it here disarms the guard that catches it coming back
  [PASS] the retired vocabulary still carries 'waitlist' for the detectors  — deleting it here disarms the guard that catches it coming back
  [PASS] the retired vocabulary still carries 'referral' for the detectors  — deleting it here disarms the guard that catches it coming back
  [PASS] hint no longer primes: 'Mercy'
  [PASS] hint no longer primes: 'Baptist'
  [PASS] hint no longer primes: 'Mayo'
  [PASS] hint no longer primes: 'Northwell'
  [PASS] hint no longer primes: 'receptionist'
  [PASS] hint is location vocabulary only  — 0 chars
  [PASS] detector still knows the fabrication vocabulary: 'mercy'
  [PASS] detector still knows the fabrication vocabulary: 'mayo'
  [PASS] detector still knows the fabrication vocabulary: 'northwell'
  [PASS] detector still knows the fabrication vocabulary: 'baptist'
  [PASS] detector still knows the fabrication vocabulary: 'methodist'
  [PASS] detector still knows the fabrication vocabulary: 'sutter'
  [PASS] detector still knows the fabrication vocabulary: 'providence'
  [PASS] detector still knows the fabrication vocabulary: 'cleveland'
  [PASS] detector still knows the fabrication vocabulary: 'kaiser'
  [PASS] detector vocabulary survived the hint being minimised  — 24 names
  [PASS] fabrication still caught under the minimal hint: 'Mercy Hospital'
  [PASS] fabrication still caught under the minimal hint: 'Hello, I need to schedule an appointme'
  [PASS] fabrication still caught under the minimal hint: 'across from the Northwell campus'
  [PASS] fabrication still caught under the minimal hint: 'Hi, this is Mercy Hospital. How may I '
  [PASS] fabrication still caught under the minimal hint: "Okay, I'm looking at her profile now. "
  [PASS] real answer not mistaken for fabrication: "It's the Mission Bay clinic, 1825 Four"
  [PASS] real answer not mistaken for fabrication: 'She works at the Abadan branch'
  [PASS] real answer not mistaken for fabrication: 'Northgate'
  [PASS] real answer not mistaken for fabrication: 'Yes.'
  [PASS] re-introduction detector: the observed turn-2 failure
  [PASS] re-introduction detector: employment claim is a different defect, not a re-introduction
  [PASS] re-introduction detector: the correct answer to WHY
  [PASS] re-introduction detector: org named without self-naming
  [PASS] re-introduction detector: name without org
  [PASS] employment claim: the observed mid-call claim
  [PASS] employment claim: the greeting itself must not trip it
  [PASS] employment claim: 'with'
  [PASS] employment claim: 'at'
  [PASS] employment claim: org named without an employment claim
  [PASS] forage_data_collection: greeting does not trip the employment detector
  [PASS] forage_ai_disclosed: greeting does not trip the employment detector
  [PASS] provider_verification: greeting does not trip the employment detector
  [PASS] patient_discovery: greeting does not trip the employment detector
  [PASS] forage_data_collection: instructions do not mandate an employment claim
  [PASS] forage_data_collection: instructions specify the on-behalf-of form
  [PASS] forage_ai_disclosed: instructions do not mandate an employment claim
  [PASS] forage_ai_disclosed: instructions specify the on-behalf-of form
  [PASS] provider_verification: instructions do not mandate an employment claim
  [PASS] provider_verification: instructions specify the on-behalf-of form
  [PASS] patient_discovery: instructions do not mandate an employment claim
  [PASS] patient_discovery: instructions specify the on-behalf-of form
  [PASS] hint-echo: bare hint word on dead air is rejected
  [PASS] hint-echo: bare one-word answer on strong audio still grounds
  [PASS] hint-echo: quiet turn with surrounding words still grounds
  [PASS] hint-echo: unmeasured audio gets the benefit of the doubt
  [PASS] hint-echo: a term never said at all is still rejected
  [PASS] a repeated clause inside differing turns is caught  — 1
  [PASS] trailing punctuation does not hide a repeat  — 1
  [PASS] comma-led restatements are a known, accepted blind spot  — 0
  [PASS] a doubled sentence counts once, not once per clause  — 1
  [PASS] distinct turns are not flagged as repeats  — 0
  [PASS] no segments yet -> nothing to report
  [PASS] the loudest segment survives a trailing silent one  — 0.13, 2 segs
  [PASS] and consuming it clears the accumulator
  [PASS] a leading silent segment does not win either
  [PASS] an unmeasurable segment stays unmeasured, not zero
  [PASS] forage_data_collection: the Right example softens the ask, not just the opener
  [PASS] forage_data_collection: and the cushioned demand is explicitly marked Wrong
  [PASS] forage_data_collection: the prose rule it now matches is still present
  [PASS] forage_ai_disclosed: the Right example softens the ask, not just the opener
  [PASS] forage_ai_disclosed: and the cushioned demand is explicitly marked Wrong
  [PASS] forage_ai_disclosed: the prose rule it now matches is still present
  [PASS] provider_verification: the Right example softens the ask, not just the opener
  [PASS] provider_verification: and the cushioned demand is explicitly marked Wrong
  [PASS] provider_verification: the prose rule it now matches is still present
  [PASS] patient_discovery: the Right example softens the ask, not just the opener
  [PASS] patient_discovery: and the cushioned demand is explicitly marked Wrong
  [PASS] patient_discovery: the prose rule it now matches is still present
  [PASS] OpenAI's timestamps cut the SPEECH, not the silence after it  — timestamped 0.9803 vs arrival-time 0.000000
  [PASS] no timestamps -> fall back to the chunk position
  [PASS] out-of-range timestamps fall back rather than slicing nothing
  [PASS] OpenAI's ms are offset by where ITS buffer starts, not ours  — rms 0.9803 (speech), not the pre-greeting silence
  [PASS] and ignoring the offset collapses the measurement to the floor  — offset 0.9803 vs no-offset 0.000000000
  [PASS] the offset is recorded where listening is enabled
  [PASS] and set in exactly two places: the initialiser and that one site  — 2 assignments
  [PASS] the hint's proper nouns are derived from its capitalisation  — 24 found
  [PASS] hint-vocabulary signal: True  for 'Hello, I need to schedule an appointment'
  [PASS] hint-vocabulary signal: True  for 'Mercy Hospital'
  [PASS] hint-vocabulary signal: True  for 'across from the Northwell campus'
  [PASS] hint-vocabulary signal: False for "It's the Mission Bay clinic, 1825 Fourth"
  [PASS] hint-vocabulary signal: False for 'Northside Medical Group, this is Varun'
  [PASS] hint-vocabulary signal: False for 'She works at the Abadan branch'
  [PASS] hint-vocabulary signal: False for 'Okay, she is in San Francisco.'
  [PASS] hint-vocabulary signal: False for 'Yes.'
  [PASS] a fabrication wrapped in ordinary English is still caught
  [PASS] the drop requires both signals together
  [PASS] vocabulary test cannot see this fabrication: 'Hi, I need to schedule an appointm'
  [PASS] vocabulary test cannot see this fabrication: 'Hello,'
  [PASS] mu-law digital silence is silence
  [PASS] and so is the 0.0003 the Twilio channel shows under all three
  [PASS] real caller speech is not silence: 0.1583
  [PASS] real caller speech is not silence: 0.1197
  [PASS] real caller speech is not silence: 0.1882
  [PASS] real caller speech is not silence: 0.0969
  [PASS] real caller speech is not silence: 0.1584
  [PASS] real caller speech is not silence: 0.1304
  [PASS] real caller speech is not silence: 0.1642
  [PASS] real caller speech is not silence: 0.1239
  [PASS] real caller speech is not silence: 0.1227
  [PASS] real caller speech is not silence: 0.0793
  [PASS] real caller speech is not silence: 0.03
  [PASS] unmeasured is not silent — absence of measurement proves nothing
  [PASS] the silence floor stays far below the faint threshold  — 0.002 vs 0.015
  [PASS] and at least 10x below the quietest genuine turn on record  — 15x
  [PASS] the drop site acts on silence independently of vocabulary
  [PASS] and records it, so the artifact says the model was told a phantom
  [PASS] found the silence branch to inspect
  [PASS] the silence nudge is not rationed like the faint-line warning
[Realtime] 🚱 TRANSCRIPT ON SILENCE dropped: 'Hello,' — the line carried no signal at all (rms=0.000300, floor 0.002)
[Realtime]   ^ reply to it: no reply in flight
  [PASS] a transcript over a silent line never becomes a caller turn
  [PASS] it is recorded as fabricated  — ['Hello,']
  [PASS] and the model is told not to answer it  — 1 nudges
[20:54:01] 👤 CALLER : She's at the Mission Bay clinic, 1825 Fourth Street.
  [PASS] the quietest genuine turn on record is kept in full
  [PASS] not flagged, and no nudge sent
[20:54:02] 👤 CALLER : Northgate
  [PASS] an unmeasured turn is kept — absence of measurement is not evidence
[Realtime] 🚱 TRANSCRIPT ON SILENCE dropped: 'Hello,' — the line carried no signal at all (rms=0.000300, floor 0.002)
[Realtime]   ^ reply to it: cancelled before any audio
  [PASS] reply in flight with no audio yet -> response.cancel is sent
  [PASS] and the cancelled response's own transcript is marked to be skipped
  [PASS] recorded as cancelled  — cancelled before any audio
  [PASS] with the margin, so it can be measured across calls  — 0.4s
[Realtime] 🚱 TRANSCRIPT ON SILENCE dropped: 'Hello,' — the line carried no signal at all (rms=0.000300, floor 0.002)
[Realtime]   ^ reply to it: TOO LATE — audio already reaching the caller
  [PASS] audio already reaching the caller -> no cancel is attempted
  [PASS] and its transcript is NOT skipped — the caller did hear it
  [PASS] recorded as too late, not as a prevention  — TOO LATE — audio already reaching the caller
[Realtime] 🚱 TRANSCRIPT ON SILENCE dropped: 'Hello,' — the line carried no signal at all (rms=0.000300, floor 0.002)
[Realtime]   ^ reply to it: no reply in flight
  [PASS] nothing in flight -> nothing cancelled
  [PASS] a suppressed response's transcript never becomes an agent turn
  [PASS] and the flag is consumed, so the next response is unaffected

[20:54:05] 🤖 AGENT  : Okay, I'll hold.
  [PASS] an ordinary response is still recorded
  [PASS] audio-started is initialised, reset per response, and set on audio  — ['True', 'False', 'False']
  [PASS] the reset lives in the response.created handler, before any audio  — handler spans 2437 chars
  [PASS] and the set lives in the audio-delta handler
  [PASS] and _oai_to_twilio actually dispatches to it
  [PASS] turns the quarantine discarded is written into the call artifact  — suppressed_echoes is missing from the record — the guard would fire invisibly, which is the failure every one of these was retrofitted to stop
  [PASS] audio muted before it reached the caller is written into the call artifact  — dropped_second_items is missing from the record — the guard would fire invisibly, which is the failure every one of these was retrofitted to stop
  [PASS] substance the recovery gave up on is written into the call artifact  — owed_abandoned is missing from the record — the guard would fire invisibly, which is the failure every one of these was retrofitted to stop
  [PASS] a surname that was not our doctor's is written into the call artifact  — name_mismatches is missing from the record — the guard would fire invisibly, which is the failure every one of these was retrofitted to stop
  [PASS] a grounding verdict the transcript revised is written into the call artifact  — grounding_at_save is missing from the record — the guard would fire invisibly, which is the failure every one of these was retrofitted to stop

------------------------------------------------------------------
  Where a turn's seconds actually went
------------------------------------------------------------------
  [PASS] a turn with no tool records ONE inference under its own name  — 1.5
  [PASS] and the tool-only stages are absent, not zero  — [('inference_1', None), ('our_work', None), ('deferral', None), ('inference_2', None)]
  [PASS] and it is not attributed to a tool
  [PASS] a tool turn separates the pre-response wait from inference 1  — vad->resp 0.45  infer1 5.5
  [PASS] and splits our work, the deferral, and inference 2  — ours 0.01  defer 0.64  infer2 0.49
  [PASS] a tool turn does not also report a no-tool inference  — both present would double-count the same seconds
  [PASS] the five stages add up to the gap the caller actually felt  — 7.09s vs felt 7.09s
  [PASS] "t2" is stamped where it belongs — the tool call arriving
  [PASS] "t3" is stamped where it belongs — the result going back
  [PASS] "t4" is stamped where it belongs — the deferral ending
  [PASS] "t1" is wired into the handler that owns it — response.created
  [PASS] "t4" is wired into the handler that owns it — response.done
  [PASS] the row is closed where reply_latency is measured, on first audio
  [PASS] t0 opens the record at speech_stopped  — opening it at response.created cannot measure the stage BEFORE the response exists, which is the one that carried the variance
  [PASS] and the rows reach the call artifact
[Realtime] 🎯 outcome=complete  collected=branch

[20:54:05] ✅ BRANCH SAVED   : {'branch': 'Riverside Campus'}
  [PASS] the tool handler stamps t2 and t3 on a real call  — marks now: ['t0', 't1', 't2', 't3', 'tool', 'tools']
  [PASS] and records which tool the turn was spent on  — save_branch
  [PASS] with the result submitted no earlier than the call arrived
  [PASS] and the tool output really was sent — the marks bracket real work  — ['conversation.item.create', 'conversation.item.create', 'response.create']

------------------------------------------------------------------
  Every tool in a turn, not just the first
------------------------------------------------------------------
  [PASS] the first tool still names the turn — the intervals are measured from it
  [PASS] and the full list carries every tool WITH its verdict  — without the verdict a rejected save and an accepted one look identical
  [PASS] a turn with no tool reports tools as absent, not as an empty list  — absent and empty mean different things when a median is taken
[Realtime] 🎯 outcome=complete  collected=branch

[20:54:06] ✅ BRANCH SAVED   : {'branch': 'Riverside Campus'}
[20:54:06] 📝 NOTE           : {'key': 'address', 'value': '1467 River Street'}
  [PASS] two tool calls in one turn produce two entries  — [{'tool': 'save_branch', 'ok': True}, {'tool': 'note_info', 'ok': True}]
  [PASS] in the order they arrived  — ['save_branch', 'note_info']
  [PASS] each carrying whether it was accepted
  [PASS] and the FIRST tool still owns t2, so inference_1 is unchanged  — recording more must not move the interval boundaries
  [PASS] nothing reads a stage timing to decide anything  — [] — a stage DURATION must never decide behaviour
  [PASS] claiming a session that was never warmed returns nothing
  [PASS] a warmed session is handed to the call that placed it
  [PASS] and it is claimed exactly once — never handed to a second call
  [PASS] a stale session is refused rather than reused  — TTL 150.0s
  [PASS] and the stale socket is closed, not leaked
  [PASS] a failed pre-warm leaves nothing behind for the call to claim
  [PASS] so handle_realtime falls back to connecting on answer
  [PASS] session.update is built in exactly one place  — 1 found
  [PASS] register_call schedules the pre-warm onto the server's loop
  [PASS] hold vs challenge: False for 'Hang on, are you a real person or is this a '
  [PASS] hold vs challenge: False for 'Hang on — who did you say you were?'
  [PASS] hold vs challenge: False for 'Hold on, what do you want exactly?'
  [PASS] hold vs challenge: True  for 'can you please give me a minute? I just need'
  [PASS] hold vs challenge: True  for 'Ok, alright. Give me a minute, let me pull t'
  [PASS] hold vs challenge: True  for 'Hang on a second, let me check.'
  [PASS] hold vs challenge: True  for 'Can you hold on a moment?'
  [PASS] hold vs challenge: True  for 'Let me just look that up for you.'
  [PASS] hold vs challenge: True  for 'One moment.'
  [PASS] hold vs challenge: True  for 'Bear with me.'
  [PASS] patient question: True  for 'Is it about a patient or something urgen'
  [PASS] patient question: True  for 'Is this about a patient, or something ur'
  [PASS] patient question: True  for 'Is this about one of our patients?'
  [PASS] patient question: False for 'Which branch do you need?'
  [PASS] patient question: False for 'She is not seeing patients today.'
  [PASS] patient question: False for 'Are you a real person?'
  [PASS] the patient nudge starts unfired, and is one-shot
  [PASS] a street address in the transcript is recognised  — '1825 Fourth Street'
  [PASS] saving only the site name, when a street address was given, is caught
  [PASS] and saving both is accepted
  [PASS] the number alone is enough to count as recorded
  [PASS] no address offered -> the guard cannot fire
  [PASS] and a save with no address in play is untouched
  [PASS] not an address: 'Give me a minute, I need to check.'
  [PASS] not an address: 'We have 3 sites in the area.'
  [PASS] not an address: 'She joined us in 2019.'
  [PASS] the address nudge starts unfired
  [PASS] address rejection has no speakable imperative ('ask them')
  [PASS] address rejection has no speakable imperative ('could you')
  [PASS] address rejection has no speakable imperative ('tell me')
  [PASS] address rejection has no speakable imperative ('please provide')
  [PASS] address rejection has no speakable imperative ('you should')
  [PASS] digit grounding: blocked — the real call: 1825 heard, 1855 saved
  [PASS] digit grounding: blocked — a digit dropped
  [PASS] digit grounding: blocked — a digit appended
  [PASS] digit grounding: allowed — the number as spoken survives
  [PASS] digit grounding: allowed — a value with no digits is unaffected
  [PASS] a misheard word is still forgiven — only digits are strict
  [PASS] digit rejection has no speakable imperative ('ask them')
  [PASS] digit rejection has no speakable imperative ('could you')
  [PASS] digit rejection has no speakable imperative ('tell me')
  [PASS] digit rejection has no speakable imperative ('please provide')
  [PASS] spelled-number grounding: blocked — the exact bypass that shipped a bad record
  [PASS] spelled-number grounding: blocked — and the same trick with a different invented number
  [PASS] spelled-number grounding: allowed — the caller's own digits are still accepted
  [PASS] a save budget exists and allows a normal correction cycle  — 3
  [PASS] found the rejection-counting site
  [PASS] at the limit the agent is handed the caller's verbatim words
  [PASS] and a truthful escalation is offered as the exit
  [PASS] and told to stop closing the call until something succeeds
[Realtime] ⚠️  grounded on other words — 'eighteen', 'forty', 'fourth' never appeared in the caller transcript

[20:54:07] 🚫 HALLUCINATED BRANCH BLOCKED: {'branch': 'mission bay clinic, eighteen forty fourth street', 'city': 'San Francisco'}

[20:54:07] ⛔ BRANCH REJECTED: {'branch': 'mission bay clinic, eighteen forty fourth street', 'city': 'San Francisco'}
          reason: REJECTED — branch='mission bay clinic, eighteen forty fourth street' (numbers as words: eighteen, forty, fourth | caller did not say them) | RE-READ: caller turns, verbatim; a valid location is often already among them | NEED: their own words, any number in digits
[Realtime] ⚠️  grounded on other words — 'eighteen', 'forty', 'fourth' never appeared in the caller transcript

[20:54:07] 🚫 HALLUCINATED BRANCH BLOCKED: {'branch': 'mission bay clinic, eighteen forty fourth street', 'city': 'San Francisco'}

[20:54:07] ⛔ BRANCH REJECTED: {'branch': 'mission bay clinic, eighteen forty fourth street', 'city': 'San Francisco'}
          reason: REJECTED — branch='mission bay clinic, eighteen forty fourth street' (numbers as words: eighteen, forty, fourth | caller did not say them) | RE-READ: caller turns, verbatim; a valid location is often already among them | NEED: their own words, any number in digits
  [PASS] under the budget the agent is left to correct itself  — 2 rejections, 0 directives
[Realtime] ⚠️  grounded on other words — 'eighteen', 'forty', 'fourth' never appeared in the caller transcript

[20:54:08] 🚫 HALLUCINATED BRANCH BLOCKED: {'branch': 'mission bay clinic, eighteen forty fourth street', 'city': 'San Francisco'}

[20:54:08] ⛔ BRANCH REJECTED: {'branch': 'mission bay clinic, eighteen forty fourth street', 'city': 'San Francisco'}
          reason: REJECTED — branch='mission bay clinic, eighteen forty fourth street' (numbers as words: eighteen, forty, fourth | caller did not say them) | RE-READ: caller turns, verbatim; a valid location is often already among them | NEED: their own words, any number in digits
[Realtime] ⚠️  grounded on other words — 'eighteen', 'forty', 'fourth' never appeared in the caller transcript

[20:54:08] 🚫 HALLUCINATED BRANCH BLOCKED: {'branch': 'mission bay clinic, eighteen forty fourth street', 'city': 'San Francisco'}

[20:54:08] ⛔ BRANCH REJECTED: {'branch': 'mission bay clinic, eighteen forty fourth street', 'city': 'San Francisco'}
          reason: REJECTED — branch='mission bay clinic, eighteen forty fourth street' (numbers as words: eighteen, forty, fourth | caller did not say them) | RE-READ: caller turns, verbatim; a valid location is often already among them | NEED: their own words, any number in digits
[Realtime] ⚠️  grounded on other words — 'eighteen', 'forty', 'fourth' never appeared in the caller transcript

[20:54:08] 🚫 HALLUCINATED BRANCH BLOCKED: {'branch': 'mission bay clinic, eighteen forty fourth street', 'city': 'San Francisco'}

[20:54:08] ⛔ BRANCH REJECTED: {'branch': 'mission bay clinic, eighteen forty fourth street', 'city': 'San Francisco'}
          reason: REJECTED — branch='mission bay clinic, eighteen forty fourth street' (numbers as words: eighteen, forty, fourth | caller did not say them) | RE-READ: caller turns, verbatim; a valid location is often already among them | NEED: their own words, any number in digits
[20:54:08] 🧱 3 save attempts rejected — handing the agent the caller's own words
  [PASS] at the budget the directive fires exactly once  — 1 directives
  [PASS] and it quotes the caller's number, digit for digit
  [PASS] the save counter is only initialised or incremented, never reset  — [('+=', '1'), ('=', '0')]
  [PASS] turn asserts (assertion): True  for "It's the Mission Bay Clinic."
  [PASS] turn asserts (assertion): True  for "She's in San Francisco."
  [PASS] turn asserts (assertion): True  for 'Northgate.'
  [PASS] turn asserts (assertion): True  for 'Sorry, Northgate.'
  [PASS] turn asserts (assertion): True  for 'Um, Northgate.'
  [PASS] turn asserts (assertion): True  for 'Yes, San Francisco.'
  [PASS] turn asserts (assertion): True  for 'She works out of the Abadan branch.'
  [PASS] turn asserts (assertion): True  for 'Where she works is the Mission Bay clinic.'
  [PASS] turn asserts (assertion): True  for 'Northgate and Riverside.'
  [PASS] turn asserts (assertion): True  for "Can confirm it's the Abadan branch."
  [PASS] turn asserts (confirm-seeking): False for "She's in San Francisco, right?"
  [PASS] turn asserts (confirm-seeking): False for 'Is she in San Francisco?'
  [PASS] turn asserts (confirm-seeking): False for "Maybe San Francisco? I'm not sure."
  [PASS] turn asserts (screening): False for "Sorry, who's calling again?"
  [PASS] turn asserts (screening): False for 'Is this about a patient?'
  [PASS] turn asserts (screening): False for 'How can I help you?'
  [PASS] turn asserts (hedged): True  for "I think it's the Mission Bay clinic."
  [PASS] turn asserts (mixed): True  for 'Which one — the Mission Bay clinic?'
  [PASS] turn asserts (mixed): True  for "It's Mission Bay Clinic, right?"
  [PASS] turn asserts (mixed): True  for "It's the Mission Bay clinic. Is that what yo"
  [PASS] turn asserts (mixed): True  for "Who's calling? Oh — she's at the Northgate c"
  [PASS] turn asserts (mixed): True  for 'Mission Bay Clinic. Anything else?'
  [PASS] turn asserts (negation (untouched)): True  for "We're not Northside Medical Group."
  [PASS] turn asserts CHOICE (the 1847 turn): True  for 'Yes?'
  [PASS] turn asserts CHOICE (bare, informal): True  for 'Yeah?'
  [PASS] turn asserts CHOICE (bare, formal): True  for 'Correct?'
  [PASS] turn asserts CHOICE (the phone idiom): True  for 'Speaking?'
  [PASS] turn asserts CHOICE (repeated bare): True  for 'Yes, yes?'
  [PASS] turn asserts CHOICE (no mark at all): True  for 'Yes.'
  [PASS] turn asserts CHOICE (affirmative + a real question): False for 'Yeah, hi David, how are you?'
  [PASS] turn asserts CHOICE (echoing us back, not telling us): False for "Yes, that's right?"
  [PASS] turn asserts CHOICE (asking us): False for "That's her?"
  [PASS] turn asserts CHOICE (wrong state): False for 'No?'
  [PASS] turn asserts CHOICE (screening): False for "Sorry, who's calling again?"
  [PASS] turn asserts CHOICE (referral says no): True  for 'No?'
  [PASS] turn asserts CHOICE (accepting says no): True  for 'No?'
  [PASS] PLACE callers pass no classifier and are byte-identical
  [PASS] a bare 'Yes?' still fails the PLACE path — the rescue is opt-in
  [PASS] call-1847: 'Yes?' now grounds the identity it always meant
  [PASS] and `heard` is the caller's real turn, not the model's version  — Yes?
  [PASS] a screening question still grounds nothing
  [PASS] _field_vocabulary binds identity to its own classifier
  [PASS] _field_vocabulary binds referral to its own classifier
  [PASS] _field_vocabulary binds choice to its own classifier
  [PASS] _field_vocabulary binds PLACE (no states) to its own classifier
  [PASS] an answered identity question is found
  [PASS] an unanswered one is not
  [PASS] an untranscribed turn is not an answer
  [PASS] turns BEFORE the last ask do not count
  [PASS] identity words do not answer the referral field
  [PASS] call-1010: 'No, I don't have it.' answered the ADDRESS, not this  — the branch ask between the two took the floor
  [PASS] an answer given while THIS question was on the table still counts
  [PASS] and the re-ask itself reopens the floor for what follows it
  [PASS] an answer volunteered inside another one is caught
  [PASS] and so is one for a field several questions away
  [PASS] a turn that does not NAME the field volunteers nothing: 'Yes.'  — the caller's own words have to be about it, exactly as _ungrounded_status requires when there is no ask to anchor to
  [PASS] a turn that does not NAME the field volunteers nothing: 'No.'  — the caller's own words have to be about it, exactly as _ungrounded_status requires when there is no ask to anchor to
  [PASS] a turn that does not NAME the field volunteers nothing: 'Yes, that is correct.'  — the caller's own words have to be about it, exactly as _ungrounded_status requires when there is no ask to anchor to
  [PASS] a turn that does not NAME the field volunteers nothing: 'Okay.'  — the caller's own words have to be about it, exactly as _ungrounded_status requires when there is no ask to anchor to
  [PASS] a turn that does not NAME the field volunteers nothing: 'We only see patients on Tuesdays.'  — the caller's own words have to be about it, exactly as _ungrounded_status requires when there is no ask to anchor to
  [PASS] a field already asked for is not 'volunteered'
  [PASS] and neither is one already collected
[20:54:14] 👤 CALLER : She's at Riverside, and she's not taking new patients right now.
[20:54:14] 💡 VOLUNTEERED — they answered 'accepting' without being asked: "She's at Riverside, and she's not taking new patients right "
  [PASS] the directive goes out on the turn that carried it (['(system: they just answered whether they\'re taking new patients without being asked — they said "She\'s at Riverside, and she\'s not taking new patients right now.". Record it now from their words, and do not ask them for it later.)'])
  [PASS] and it is recorded, so a guard that acted leaves a trace ([{'field': 'accepting', 'state': 'no', 'heard': "She's at Riverside, and she's not taking new patients right now."}])
[20:54:14] 👤 CALLER : She's really not taking new patients.
  [PASS] the directive is one-shot per field

[20:54:15] 🤖 AGENT  : Thanks - is this Dr. Carol, Neurosurgery, at New York Presbyterian?

[20:54:15] 🤖 AGENT  : Got it, thanks for confirming - let me just clarify one more detail about where she sees patients.
[20:54:15] ⏳ ANNOUNCED A QUESTION — nothing asked yet; watching the line

[20:54:15] 🤖 AGENT  : Got it - is this Dr. Carol, Neurosurgery, at New York Presbyterian?
[Realtime] They asked a question back rather than answering (1/3) — spending nothing (unanswered=0/4, no-progress=1/8)
[20:54:15] 🔁 RE-ASKED AN ANSWERED QUESTION — 'whether this is the right doctor'; they already said 'Yes?'
[Realtime] 🗣  Asked in the SAME WORDS again: 'is this dr. carol, neurosurgery, at new york presbyterian' — telling the agent to stop stapling it on
[Realtime] Re-asked 0.0s after the last ask — telling the agent to give them room
  [PASS] call-1847: re-asking an ANSWERED question is now caught
  [PASS] the identity clause is recorded as an asked phrasing  — ['is this dr. carol, neurosurgery, at new york presbyterian']
  [PASS] and the verbatim-phrasing guard fires on the repeat
  [PASS] the per-field ask index is maintained

[20:54:15] 🤖 AGENT  : Thanks - is this Dr. Carol, Neurosurgery, at New York Presbyterian?

[20:54:15] 🤖 AGENT  : Got it, thanks for confirming - let me just clarify one more detail about where she sees patients.
[20:54:15] ⏳ ANNOUNCED A QUESTION — nothing asked yet; watching the line

[20:54:15] 🤖 AGENT  : And do you know which branch Dr. Carol works out of?
[Realtime] They asked a question back rather than answering (1/3) — spending nothing (unanswered=0/4, no-progress=1/8)
[Realtime] Re-asked 0.0s after the last ask — telling the agent to give them room
  [PASS] a DIFFERENT question after an answer is not a re-ask

[20:54:16] 🤖 AGENT  : Thanks - is this Dr. Carol, Neurosurgery, at New York Presbyterian?

[20:54:16] 🤖 AGENT  : Got it, thanks for confirming - let me just clarify one more detail about where she sees patients.
[20:54:16] ⏳ ANNOUNCED A QUESTION — nothing asked yet; watching the line

[20:54:16] 🤖 AGENT  : Got it - is this Dr. Carol, Neurosurgery, at New York Presbyterian?
[Realtime] Ask into silence (1/4 unanswered, 2/8 without progress)
[Realtime] 🗣  Asked in the SAME WORDS again: 'is this dr. carol, neurosurgery, at new york presbyterian' — telling the agent to stop stapling it on
[Realtime] Re-asked 0.0s after the last ask — telling the agent to give them room
  [PASS] re-asking a question they never answered is still allowed
  [PASS] the nudge marks itself sent so it cannot repeat
  [PASS] call-1703: the branch they STATED still grounds
  [PASS] call-1703: the city they ASKED about no longer does
  [PASS] a call of nothing but questions does not block — it cannot judge
  [PASS] '4th' heard, 'Fourth' saved — rendering still passes
  [PASS] a real name whose number-word the caller said: 'Seven Hills Clinic'
  [PASS] a real name whose number-word the caller said: 'Fourth Avenue'
  [PASS] a real name whose number-word the caller said: 'One Medical'
  [PASS] the grounding rejection carries the specific reason
  [PASS] and the NEED clause asks for digits, not for spoken wording
  [PASS] spelled-number rejection stays unspeakable ('ask them')
  [PASS] spelled-number rejection stays unspeakable ('could you')
  [PASS] spelled-number rejection stays unspeakable ('tell me')
  [PASS] spelled-number rejection stays unspeakable ('please provide')
  [PASS] spelled-number rejection stays unspeakable ('you should')
  [PASS] a hold stands the watchdog down long enough to actually look something up  — 45.0s
  [PASS] but is bounded, so a caller who never returns still gets checked on
  [PASS] the watchdog stays silent while the caller is on hold  — 0 messages sent during a hold
[Realtime] 3.5s of silence — prompting the callee (opening 1/2)
  [PASS] and resumes once the hold has expired  — 2 messages
  [PASS] hold recognised: 'Okay, give me a minute I just need to '
  [PASS] hold recognised: 'Yeah, give me a minute.'
  [PASS] hold recognised: 'Can you wait for a minute? I need to c'
  [PASS] an answer is not a hold
  [PASS] the completion claim from that call is detected
  [PASS] completion claim: True  for 'I have everything I need, thanks.'
  [PASS] completion claim: True  for "That's all I need — thanks for your ti"
  [PASS] completion claim: False for 'Thanks — which branch is that?'
  [PASS] completion claim: False for 'Sorry, I need one more detail.'
  [PASS] the transcript handler only records the claim, it does not correct it
  [PASS] the watchdog makes the correction, once the state has settled
  [PASS] a rejected save cancels it — one correction per call, not two
  [PASS] no clips for a voice -> feature is simply off, not an error
  [PASS] a clip for 'cedar' is returned base64-encoded for Twilio
  [PASS] the same clip is not repeated back to back  — 4 clips
  [PASS] a backchannel is 0.1-1.2s of 8kHz mu-law — longer is a turn, and talking over someone for that long is worse than silence  — 0.65s
  [PASS] the backchannel module cannot record a turn
  [PASS] and the watchdog that sends it does not record one either
  [PASS] it waits until the caller is genuinely mid-utterance  — 4.5s
  [PASS] and cannot fire twice in quick succession — that is a tic  — cooldown 9.0s
  [PASS] backchannels flag is explicit: False
  [PASS] and the watchdog checks the flag, so clips alone cannot enable it
  [PASS] a qualifying gap has a floor above a plosive closure, and a ceiling  — 0.25s .. 0.32s
  [PASS] and the ceiling sits strictly inside the VAD's turn-end window  — 0.32s vs 0.4s
  [FAIL] the poll period fits inside the window — a gate that can never be sampled is a feature that is off  — tick 0.1s, window 0.07s
  [PASS] with no clean frame seen, the lull is None rather than zero
  [PASS] a loud frame stamps the clock — no gap at all  — 0.0
  [FAIL] 200ms since their last word is a qualifying gap  — 0.200s
  [FAIL] and a silent frame does not reset it — that is what makes it a gap  — 0.200s vs 0.200s before it
  [PASS] the gap clock is stamped inside the clean-frame guard, beside the level estimate it shares a measurement with
  [PASS] one definition, one call site — a second sampler could not be kept in step with the first  — 2 occurrences
  [PASS] mid-word, with the clip long overdue, nothing is sent  — 0 media frames
  [FAIL] and the hold is COUNTED — a gate that fires invisibly looks exactly like a gate that does nothing  — held 0
  [FAIL] when they draw breath, exactly one clip goes out  — 0 media frames
  [PASS] and past the VAD's turn-end window nothing is sent — that gap is the end of their turn, not a pause inside it
  [PASS] an unmeasured line sends nothing: no frame seen is not a gap
  [PASS] with nobody speaking the watchdog keeps its ordinary tick
  [FAIL] while they speak and a clip is owed, it looks more often
  [PASS] and drops straight back once the clip for that turn is spent
  [PASS] a closing call does not spin faster for a clip it will never send
  [PASS] the recited hint is truncated and the caller's real words survive  — We are having only one branch, that is the downtown branch i
  [PASS] no fragment of the recited list is left behind
  [PASS] ordinary speech that merely uses hint vocabulary is untouched
  [PASS] forage_data_collection sends no transcription prompt  — a hint is a sentence the transcriber can put in the caller's mouth; this one put two calls in the bin
  [PASS] forage_ai_disclosed sends no transcription prompt  — a hint is a sentence the transcriber can put in the caller's mouth; this one put two calls in the bin
  [PASS] provider_verification sends no transcription prompt  — a hint is a sentence the transcriber can put in the caller's mouth; this one put two calls in the bin
  [PASS] an empty hint is omitted from the request, not sent as ''  — {'model': 'gpt-4o-transcribe', 'language': 'en'}
  [PASS] and a hint that IS set still reaches the transcriber  — the omission must be driven by emptiness, not hardcoded
  [PASS] the shipped transcription language is still en  — 'en'
  [PASS] and omitting the argument reproduces it exactly  — a seam that changes behaviour by existing is not a seam
  [PASS] an empty language is OMITTED, not sent as an empty string  — {'model': 'gpt-4o-transcribe'}
  [PASS] and a value that IS set reaches the transcriber
  [PASS] the live session config reads the setting, not a literal  — otherwise the A/B needs a code edit and will not be run
  [PASS] call-1633's recitation is still stripped with the hint retired  — ''
  [PASS] and call-1625's, leaving no scheduling or location fragment  — 'Context: ###'
  [PASS] real speech survives: 'Yes, she is at the downtown clinic on Oak St'  — the retired text is matched as a RUN of six, never as vocabulary
  [PASS] real speech survives: 'We have a waitlist for new patients right no'  — the retired text is matched as a RUN of six, never as vocabulary
  [PASS] real speech survives: 'She works out of the Riverside campus, 1476 '  — the retired text is matched as a RUN of six, never as vocabulary
  [PASS] real speech survives: 'A referral is required if your insurance nee'  — the retired text is matched as a RUN of six, never as vocabulary
  [PASS] real speech survives: 'The satellite office on Parkway Drive handle'  — the retired text is matched as a RUN of six, never as vocabulary
  [PASS] 'clinic' is not a fabrication marker  — a word callers say constantly cannot condemn a turn on its own
  [PASS] 'campus' is not a fabrication marker  — a word callers say constantly cannot condemn a turn on its own
  [PASS] 'street' is not a fabrication marker  — a word callers say constantly cannot condemn a turn on its own
  [PASS] 'waitlist' is not a fabrication marker  — a word callers say constantly cannot condemn a turn on its own
  [PASS] 'referral' is not a fabrication marker  — a word callers say constantly cannot condemn a turn on its own
  [PASS] 'scheduling' is not a fabrication marker  — a word callers say constantly cannot condemn a turn on its own
  [PASS] 'insurance' is not a fabrication marker  — a word callers say constantly cannot condemn a turn on its own
  [PASS] 'downtown' is not a fabrication marker  — a word callers say constantly cannot condemn a turn on its own
  [PASS] un-quarantined, the fabrication GROUNDS a branch it invented  — this is why the guards stay and the hint goes — deleting the guards turns a loud failure into a silent wrong row
  [PASS] unevidenced-turn rule: True  for 1323 'Mercy Hospital' (rms 0.0114, no level yet)
  [PASS] unevidenced-turn rule: True  for 1324 silent 'Northwell campus'
  [PASS] unevidenced-turn rule: True  for 1324 'Hello, how can'
  [PASS] unevidenced-turn rule: False for real: downtown branch
  [PASS] unevidenced-turn rule: False for real: quiet but audible
  [PASS] unevidenced-turn rule: False for unmeasured gets the benefit of the doubt
  [PASS] a caller speech level is derived once there are enough turns
  [PASS] the fraction sits where no genuine turn in 30 calls fell below it  — 0.2
  [PASS] real turn not discounted: 'Hello, who is this?'
  [PASS] real turn not discounted: "He's working at the Northgate camp"
  [PASS] real turn not discounted: 'It is Los Angeles only.'
  [PASS] a bare term on near-silence is still discounted
  [PASS] no adaptive level until there are enough measured turns  — 3 needed
  [PASS] the absolute threshold still applies as a floor on a quiet line

==================================================================
  SCENARIO 0a3 — the agent must not repeat itself verbatim
==================================================================
[Realtime] Connected: gpt-realtime-2
[Realtime] Session configured — template=forage_data_collection voice=cedar
[Realtime] Waiting for Twilio stream start...
[Realtime] Twilio stream started: MZtest (0.00s after the socket opened — Twilio's own handshake)

════════════════════════════════════════════════════════════
  CALL STARTED  20:54:25
  Doctor  : Dr. Jane Okafor
  Hospital: Northside Medical Group
  Call ID : call-20260903-2054-tsid
════════════════════════════════════════════════════════════
  Greeting → Hi, this is David, calling on behalf of Forage AI about a doctor listing, do you know which branch Dr. Okafor works out of?
────────────────────────────────────────────────────────────

[Realtime] Context sent, greeting requested — starting audio loops

[20:54:25] 🤖 AGENT  : Hi, this is Sarah...
[Realtime] usage: in_text=1900 (cached 0)  in_audio=400 (cached 0)  out_audio=800  out_text=20  (cap 1500)  [completed]
[Realtime] Greeting done — now listening to caller (OpenAI's audio clock starts 0.00s into ours)
[Recording] Full options rejected (Twilio disabled in tests) — retrying bare

[20:54:25] 🤖 AGENT  : Could I get the exact branch name or address?

[20:54:25] 🤖 AGENT  : Could I get the exact branch name or address?
[20:54:25] 🔁 REPEATED SENTENCE — agent said the same thing twice verbatim
[Realtime] Ask into silence (1/4 unanswered, 2/8 without progress)
[Realtime] 🗣  Asked in the SAME WORDS again: 'could i get the exact branch name or address' — telling the agent to stop stapling it on
[Realtime] Re-asked 0.0s after the last ask — telling the agent to give them room
[Recording] Could not start: Twilio disabled in tests. The local WAV mix will still be written.
[Realtime] usage: in_text=1900 (cached 1800)  in_audio=400 (cached 0)  out_audio=800  out_text=20  (cap 1500)  [completed]
[Realtime] Recording: caller=8000 samples, agent_responses=0, n=8000
[Realtime] Caller raw RMS per 3s: []

════════════════════════════════════════════════════════════
  CALL ENDED  —  call-20260903-2054-tsid
────────────────────────────────────────────────────────────
  Doctor   : Dr. Jane Okafor
  Hospital : Northside Medical Group
  Duration : 0s
  Result   : ⚠️  NOT RESOLVED — unknown
────────────────────────────────────────────────────────────
  TRANSCRIPT:
  [20:54:25] 🤖 AGENT : Could I get the exact branch name or address?
  [20:54:25] 🤖 AGENT : Could I get the exact branch name or address?
────────────────────────────────────────────────────────────
  Recording: C:\Users\varun\AppData\Local\Temp\realtime-protocol-test\call-20260903-2054-tsid.wav
  JSON     : data/3 cases jsons/call-20260903-2054-tsid.json
════════════════════════════════════════════════════════════

  CONVERSATION SHAPE
    agent turns          2
    of which questions   2
    caller turns         0 (0 of them questions)
    stapled onto answers 0 of 0  (n/a)
    asked twice running  1
    asked twice in a turn 0
    turns stacking moves 0   (longest 1 sentences, 9 words)
    repeated sentences   1   <- this is the one that correlates with a bad call
    said twice in a row  1   <- word for word, back to back
    spoke over itself    2   <- agent turns with no caller speech between them
    caller turns measured 0 of 0

────────────────────────────────────────────────────────
  💰  CALL COST — call-20260903-2054-tsid
      model=gpt-realtime-2  template=forage_data_collection
────────────────────────────────────────────────────────
  Duration         0s (0.0 min), 2 responses
  Audio in                  800 tok  → $0.0256
  Audio in cached             0 tok  → $0.0000
  Audio out               1,600 tok  → $0.1024
  Text in                 2,000 tok  → $0.0080
  Text in cached          1,800 tok  → $0.0007
  Text out                   40 tok  → $0.0010
  Telephony                0.00 min  → $0.0000
────────────────────────────────────────────────────────
  TOTAL                              → $0.1377
  cache hit rate                       39.1%
────────────────────────────────────────────────────────

  [PASS] verbatim self-repeat is detected and the model is told  — 4 directives sent
  [PASS] the self-repeat nudge is sent at most once per call

==================================================================
  SCENARIO 0a3 — barge-in inside the pre-audio window
==================================================================
[Realtime] Connected: gpt-realtime-2
[Realtime] Session configured — template=forage_data_collection voice=cedar
[Realtime] Waiting for Twilio stream start...
[Realtime] Twilio stream started: MZtest (0.00s after the socket opened — Twilio's own handshake)

════════════════════════════════════════════════════════════
  CALL STARTED  20:54:26
  Doctor  : Dr. Jane Okafor
  Hospital: Northside Medical Group
  Call ID : call-20260903-2054-tsid
════════════════════════════════════════════════════════════
  Greeting → Hi, this is David, calling on behalf of Forage AI about a doctor listing, do you know which branch Dr. Okafor works out of?
────────────────────────────────────────────────────────────

[Realtime] Context sent, greeting requested — starting audio loops

[20:54:26] 🤖 AGENT  : Hi, this is David, calling on behalf of...
[Recording] Full options rejected (Twilio disabled in tests) — retrying bare
[Realtime] usage: in_text=1900 (cached 0)  in_audio=400 (cached 0)  out_audio=800  out_text=20  (cap 1500)  [completed]
[Realtime] Greeting done — now listening to caller (OpenAI's audio clock starts 0.00s into ours)
[Recording] Could not start: Twilio disabled in tests. The local WAV mix will still be written.
[20:54:26] 👤 CALLER : May I know why you are calling? Is it an emergency?
[20:54:26] ✋ BARGE-IN  : caller interrupted agent
[Realtime] usage: in_text=1900 (cached 1800)  in_audio=400 (cached 0)  out_audio=0  out_text=20  (cap 1500)  [cancelled]
[Realtime] Recording: caller=8000 samples, agent_responses=0, n=8000
[Realtime] Caller raw RMS per 3s: []

════════════════════════════════════════════════════════════
  CALL ENDED  —  call-20260903-2054-tsid
────────────────────────────────────────────────────────────
  Doctor   : Dr. Jane Okafor
  Hospital : Northside Medical Group
  Duration : 0s
  Result   : ⚠️  NOT RESOLVED — unknown
────────────────────────────────────────────────────────────
  TRANSCRIPT:
  [20:54:26] 🤖 AGENT : Hi, this is David, calling on behalf of...
  [20:54:26] 👤 Caller: May I know why you are calling? Is it an emergency?
────────────────────────────────────────────────────────────
  Recording: C:\Users\varun\AppData\Local\Temp\realtime-protocol-test\call-20260903-2054-tsid.wav
  JSON     : data/3 cases jsons/call-20260903-2054-tsid.json
════════════════════════════════════════════════════════════

  CONVERSATION SHAPE
    agent turns          1
    of which questions   0
    caller turns         1 (1 of them questions)
    stapled onto answers 0 of 1  (0%)
    asked twice running  0
    asked twice in a turn 0
    turns stacking moves 0   (longest 0 sentences, 0 words)
    repeated sentences   0
    said twice in a row  0
    spoke over itself    0
    caller turns measured 0 of 1   <- unmeasured turns bypass the hint-echo check

────────────────────────────────────────────────────────
  💰  CALL COST — call-20260903-2054-tsid
      model=gpt-realtime-2  template=forage_data_collection
────────────────────────────────────────────────────────
  Duration         0s (0.0 min), 2 responses
  Audio in                  800 tok  → $0.0256
  Audio in cached             0 tok  → $0.0000
  Audio out                 800 tok  → $0.0512
  Text in                 2,000 tok  → $0.0080
  Text in cached          1,800 tok  → $0.0007
  Text out                   40 tok  → $0.0010
  Telephony                0.00 min  → $0.0000
────────────────────────────────────────────────────────
  TOTAL                              → $0.0865
  cache hit rate                       39.1%
────────────────────────────────────────────────────────

  [PASS] caller talking over a not-yet-audible response cancels it  — ['conversation.item.create', 'response.cancel', 'response.create', 'session.update']
  [PASS] and Twilio is told to drop the audio it has buffered  — ['clear']
  [PASS] _response_active starts False

==================================================================
  SCENARIO 0a6 — told them it was saved, then it wasn't
==================================================================
[Realtime] Connected: gpt-realtime-2
[Realtime] Session configured — template=forage_data_collection voice=cedar
[Realtime] Waiting for Twilio stream start...
[Realtime] Twilio stream started: MZtest (0.00s after the socket opened — Twilio's own handshake)

════════════════════════════════════════════════════════════
  CALL STARTED  20:54:28
  Doctor  : Dr. Jane Okafor
  Hospital: Northside Medical Group
  Call ID : call-20260903-2054-tsid
════════════════════════════════════════════════════════════
  Greeting → Hi, this is David, calling on behalf of Forage AI about a doctor listing, do you know which branch Dr. Okafor works out of?
────────────────────────────────────────────────────────────

[Realtime] Context sent, greeting requested — starting audio loops

[20:54:28] 🤖 AGENT  : Hi, this is David — which branch is Dr. Okafor working out of?
[Realtime] usage: in_text=1900 (cached 0)  in_audio=400 (cached 0)  out_audio=800  out_text=20  (cap 1500)  [completed]
[Realtime] Greeting done — now listening to caller (OpenAI's audio clock starts 0.00s into ours)
[Recording] Full options rejected (Twilio disabled in tests) — retrying bare
[20:54:28] 👤 CALLER : He is working at downtown branch Los Angeles.

[20:54:28] 🤖 AGENT  : Thanks for checking — I’ll save that and then we’ll be all set.
[Recording] Could not start: Twilio disabled in tests. The local WAV mix will still be written.
[Realtime] Ask budget reset — caller named a place (was unanswered=0 no-progress=1 give_up=False)

[20:54:28] ⛔ BRANCH REJECTED: {'branch': 'Los Angeles', 'city': 'Los Angeles'}
          reason: REJECTED 'Los Angeles': names a city, not a site | NEED: site name or street address
[20:54:28] ⚠️  FALSE SAVE CLAIM — they were told it was saved; correcting
[Realtime] usage: in_text=2000 (cached 1887)  in_audio=400 (cached 0)  out_audio=800  out_text=20  (cap 1500)  [completed]
[Realtime] Recording: caller=8000 samples, agent_responses=0, n=8000
[Realtime] Caller raw RMS per 3s: []

════════════════════════════════════════════════════════════
  CALL ENDED  —  call-20260903-2054-tsid
────────────────────────────────────────────────────────────
  Doctor   : Dr. Jane Okafor
  Hospital : Northside Medical Group
  Duration : 0s
  Result   : ⚠️  NOT RESOLVED — unknown
────────────────────────────────────────────────────────────
  TRANSCRIPT:
  [20:54:28] 🤖 AGENT : Hi, this is David — which branch is Dr. Okafor working out of?
  [20:54:28] 👤 Caller: He is working at downtown branch Los Angeles.
  [20:54:28] 🤖 AGENT : Thanks for checking — I’ll save that and then we’ll be all set.
────────────────────────────────────────────────────────────
  Recording: C:\Users\varun\AppData\Local\Temp\realtime-protocol-test\call-20260903-2054-tsid.wav
  JSON     : data/3 cases jsons/call-20260903-2054-tsid.json
════════════════════════════════════════════════════════════

  CONVERSATION SHAPE
    agent turns          2
    of which questions   1
    caller turns         1 (0 of them questions)
    stapled onto answers 0 of 0  (n/a)
    asked twice running  0
    asked twice in a turn 0
    turns stacking moves 0   (longest 1 sentences, 13 words)
    repeated sentences   0
    said twice in a row  0
    spoke over itself    0
    caller turns measured 0 of 1   <- unmeasured turns bypass the hint-echo check

────────────────────────────────────────────────────────
  💰  CALL COST — call-20260903-2054-tsid
      model=gpt-realtime-2  template=forage_data_collection
────────────────────────────────────────────────────────
  Duration         0s (0.0 min), 2 responses
  Audio in                  800 tok  → $0.0256
  Audio in cached             0 tok  → $0.0000
  Audio out               1,600 tok  → $0.1024
  Text in                 2,013 tok  → $0.0081
  Text in cached          1,887 tok  → $0.0008
  Text out                   40 tok  → $0.0010
  Telephony                0.00 min  → $0.0000
────────────────────────────────────────────────────────
  TOTAL                              → $0.1378
  cache hit rate                       40.1%
────────────────────────────────────────────────────────

  [PASS] a save-claim followed by a rejection is corrected exactly once  — 1 of 2 injected
  [PASS] and the correction covers the 'we're all set' half, not just the save
  [PASS] the call is still unresolved — nothing was written
  [PASS] save-claim detector: True  for 'Thanks for checking — I’ll save that and'
  [PASS] save-claim detector: True  for 'Perfect, thanks for confirming — I’ll sa'
  [PASS] save-claim detector: True  for 'Got it noted down.'
  [PASS] save-claim detector: True  for 'All set — thanks for your time.'
  [PASS] save-claim detector: False for 'Got it — which branch is she at?'
  [PASS] save-claim detector: False for 'Sure, take your time.'
  [PASS] save-claim detector: False for "I'm trying to find out which branch Dr. "
  [PASS] save-claim detector: False for 'Is that the only location they have in L'
  [PASS] the detector sees both apostrophe spellings

==================================================================
  SCENARIO 0a5 — repair after an interruption
==================================================================
[Realtime] Connected: gpt-realtime-2
[Realtime] Session configured — template=forage_data_collection voice=cedar
[Realtime] Waiting for Twilio stream start...
[Realtime] Twilio stream started: MZtest (0.00s after the socket opened — Twilio's own handshake)

════════════════════════════════════════════════════════════
  CALL STARTED  20:54:29
  Doctor  : Dr. Jane Okafor
  Hospital: Northside Medical Group
  Call ID : call-20260903-2054-tsid
════════════════════════════════════════════════════════════
  Greeting → Hi, this is David, calling on behalf of Forage AI about a doctor listing, do you know which branch Dr. Okafor works out of?
────────────────────────────────────────────────────────────

[Realtime] Context sent, greeting requested — starting audio loops
[Realtime] First audio 0.02s after response.create
[Recording] Full options rejected (Twilio disabled in tests) — retrying bare
[20:54:29] ✋ BARGE-IN  : caller interrupted agent
[Realtime] Truncated to 0ms — the model's context now matches what was heard
[Recording] Could not start: Twilio disabled in tests. The local WAV mix will still be written.
[Realtime] usage: in_text=1900 (cached 0)  in_audio=400 (cached 0)  out_audio=8  out_text=20  (cap 1500)  [cancelled]
[Realtime] Greeting done — now listening to caller (OpenAI's audio clock starts 0.00s into ours)
[20:54:29] 🔁 REPAIR — they were cut off mid-sentence; telling the agent to restate, not re-ask
[20:54:29] 👤 CALLER : Hello.
[Realtime] usage: in_text=2000 (cached 1887)  in_audio=400 (cached 0)  out_audio=800  out_text=20  (cap 1500)  [completed]
[Realtime] Recording: caller=8000 samples, agent_responses=1, n=8000
  agent block: t=0.01s, dur=0.12s, samples=1000
[Realtime] Caller raw RMS per 3s: []

════════════════════════════════════════════════════════════
  CALL ENDED  —  call-20260903-2054-tsid
────────────────────────────────────────────────────────────
  Doctor   : Dr. Jane Okafor
  Hospital : Northside Medical Group
  Duration : 0s
  Result   : ⚠️  NOT RESOLVED — unknown
────────────────────────────────────────────────────────────
  TRANSCRIPT:
  [20:54:29] 👤 Caller: Hello.
────────────────────────────────────────────────────────────
  Recording: C:\Users\varun\AppData\Local\Temp\realtime-protocol-test\call-20260903-2054-tsid.wav
  JSON     : data/3 cases jsons/call-20260903-2054-tsid.json
════════════════════════════════════════════════════════════

  CONVERSATION SHAPE
    agent turns          0
    of which questions   0
    caller turns         1 (0 of them questions)
    stapled onto answers 0 of 0  (n/a)
    asked twice running  0
    asked twice in a turn 0
    turns stacking moves 0   (longest 0 sentences, 0 words)
    repeated sentences   0
    said twice in a row  0
    spoke over itself    0
    caller turns measured 0 of 1   <- unmeasured turns bypass the hint-echo check

────────────────────────────────────────────────────────
  💰  CALL COST — call-20260903-2054-tsid
      model=gpt-realtime-2  template=forage_data_collection
────────────────────────────────────────────────────────
  Duration         0s (0.0 min), 2 responses
  Audio in                  800 tok  → $0.0256
  Audio in cached             0 tok  → $0.0000
  Audio out                 808 tok  → $0.0517
  Text in                 2,013 tok  → $0.0081
  Text in cached          1,887 tok  → $0.0008
  Text out                   40 tok  → $0.0010
  Telephony                0.00 min  → $0.0000
────────────────────────────────────────────────────────
  TOTAL                              → $0.0871
  cache hit rate                       40.1%
────────────────────────────────────────────────────────

  [PASS] a cut-off caller turn triggers exactly one repair directive  — 1 of 2 injected messages
  [PASS] the directive says restate, not re-ask
  [PASS] and names what the caller's turn actually was
  [PASS] the repair is one-shot, like every other injected directive
  [PASS] only SHORT truncations count as 'they heard nothing'  — 1500ms
  [PASS] and the window is bounded, so an early cut cannot colour a later turn  — 12.0s

==================================================================
  SCENARIO 0a4 — OpenAI cancels the response, not us
==================================================================
[Realtime] Connected: gpt-realtime-2
[Realtime] Session configured — template=forage_data_collection voice=cedar
[Realtime] Waiting for Twilio stream start...
[Realtime] Twilio stream started: MZtest (0.00s after the socket opened — Twilio's own handshake)

════════════════════════════════════════════════════════════
  CALL STARTED  20:54:30
  Doctor  : Dr. Jane Okafor
  Hospital: Northside Medical Group
  Call ID : call-20260903-2054-tsid
════════════════════════════════════════════════════════════
  Greeting → Hi, this is David, calling on behalf of Forage AI about a doctor listing, do you know which branch Dr. Okafor works out of?
────────────────────────────────────────────────────────────

[Realtime] Context sent, greeting requested — starting audio loops

[20:54:30] 🤖 AGENT  : Hi, this is David...
[Recording] Full options rejected (Twilio disabled in tests) — retrying bare
[Realtime] usage: in_text=1900 (cached 0)  in_audio=400 (cached 0)  out_audio=800  out_text=20  (cap 1500)  [completed]
[Realtime] Greeting done — now listening to caller (OpenAI's audio clock starts 0.00s into ours)
[Recording] Could not start: Twilio disabled in tests. The local WAV mix will still be written.
[20:54:30] ✋ BARGE-IN  : cancelled by OpenAI's VAD (audio_out=0 tok)
[Realtime] usage: in_text=1900 (cached 1800)  in_audio=400 (cached 0)  out_audio=0  out_text=20  (cap 1500)  [cancelled]
[Realtime] Recording: caller=8000 samples, agent_responses=0, n=8000
[Realtime] Caller raw RMS per 3s: []

════════════════════════════════════════════════════════════
  CALL ENDED  —  call-20260903-2054-tsid
────────────────────────────────────────────────────────────
  Doctor   : Dr. Jane Okafor
  Hospital : Northside Medical Group
  Duration : 0s
  Result   : ⚠️  NOT RESOLVED — unknown
────────────────────────────────────────────────────────────
  TRANSCRIPT:
  [20:54:30] 🤖 AGENT : Hi, this is David...
────────────────────────────────────────────────────────────
  Recording: C:\Users\varun\AppData\Local\Temp\realtime-protocol-test\call-20260903-2054-tsid.wav
  JSON     : data/3 cases jsons/call-20260903-2054-tsid.json
════════════════════════════════════════════════════════════

  CONVERSATION SHAPE
    agent turns          1
    of which questions   0
    caller turns         0 (0 of them questions)
    stapled onto answers 0 of 0  (n/a)
    asked twice running  0
    asked twice in a turn 0
    turns stacking moves 0   (longest 0 sentences, 0 words)
    repeated sentences   0
    said twice in a row  0
    spoke over itself    0
    caller turns measured 0 of 0

────────────────────────────────────────────────────────
  💰  CALL COST — call-20260903-2054-tsid
      model=gpt-realtime-2  template=forage_data_collection
────────────────────────────────────────────────────────
  Duration         0s (0.0 min), 2 responses
  Audio in                  800 tok  → $0.0256
  Audio in cached             0 tok  → $0.0000
  Audio out                 800 tok  → $0.0512
  Text in                 2,000 tok  → $0.0080
  Text in cached          1,800 tok  → $0.0007
  Text out                   40 tok  → $0.0010
  Telephony                0.00 min  → $0.0000
────────────────────────────────────────────────────────
  TOTAL                              → $0.0865
  cache hit rate                       39.1%
────────────────────────────────────────────────────────

  [PASS] we did not cancel it — the server did
  [PASS] a server-side cancel still drains Twilio's buffer  — ['clear']
  [PASS] turn detection declares interrupt_response rather than inheriting it  — ['interrupt_response', 'prefix_padding_ms', 'silence_duration_ms', 'threshold', 'type']

==================================================================
  SCENARIO 0a2 — a REJECTED response must not be retried
==================================================================
[Realtime] Connected: gpt-realtime-2
[Realtime] Session configured — template=forage_data_collection voice=cedar
[Realtime] Waiting for Twilio stream start...
[Realtime] Twilio stream started: MZtest (0.00s after the socket opened — Twilio's own handshake)

════════════════════════════════════════════════════════════
  CALL STARTED  20:54:31
  Doctor  : Dr. Jane Okafor
  Hospital: Northside Medical Group
  Call ID : call-20260903-2054-tsid
════════════════════════════════════════════════════════════
  Greeting → Hi, this is David, calling on behalf of Forage AI about a doctor listing, do you know which branch Dr. Okafor works out of?
────────────────────────────────────────────────────────────

[Realtime] Context sent, greeting requested — starting audio loops

[20:54:31] 🤖 AGENT  : Hi, this is Sarah...
[Realtime] usage: in_text=1900 (cached 0)  in_audio=400 (cached 0)  out_audio=800  out_text=20  (cap 1500)  [completed]
[Realtime] Greeting done — now listening to caller (OpenAI's audio clock starts 0.00s into ours)
[Recording] Full options rejected (Twilio disabled in tests) — retrying bare
[Realtime] usage: in_text=0 (cached 0)  in_audio=0 (cached 0)  out_audio=0  out_text=20  (cap 1500)  [failed]
[Recording] Could not start: Twilio disabled in tests. The local WAV mix will still be written.
[Realtime] Recording: caller=8000 samples, agent_responses=0, n=8000
[Realtime] Caller raw RMS per 3s: []

════════════════════════════════════════════════════════════
  CALL ENDED  —  call-20260903-2054-tsid
────────────────────────────────────────────────────────────
  Doctor   : Dr. Jane Okafor
  Hospital : Northside Medical Group
  Duration : 0s
  Result   : ⚠️  NOT RESOLVED — unknown
────────────────────────────────────────────────────────────
  TRANSCRIPT:
  [20:54:31] 🤖 AGENT : Hi, this is Sarah...
────────────────────────────────────────────────────────────
  Recording: C:\Users\varun\AppData\Local\Temp\realtime-protocol-test\call-20260903-2054-tsid.wav
  JSON     : data/3 cases jsons/call-20260903-2054-tsid.json
════════════════════════════════════════════════════════════

  CONVERSATION SHAPE
    agent turns          1
    of which questions   0
    caller turns         0 (0 of them questions)
    stapled onto answers 0 of 0  (n/a)
    asked twice running  0
    asked twice in a turn 0
    turns stacking moves 0   (longest 0 sentences, 0 words)
    repeated sentences   0
    said twice in a row  0
    spoke over itself    0
    caller turns measured 0 of 0

────────────────────────────────────────────────────────
  💰  CALL COST — call-20260903-2054-tsid
      model=gpt-realtime-2  template=forage_data_collection
────────────────────────────────────────────────────────
  Duration         0s (0.0 min), 2 responses
  Audio in                  400 tok  → $0.0128
  Audio in cached             0 tok  → $0.0000
  Audio out                 800 tok  → $0.0512
  Text in                 1,900 tok  → $0.0076
  Text in cached              0 tok  → $0.0000
  Text out                   40 tok  → $0.0010
  Telephony                0.00 min  → $0.0000
────────────────────────────────────────────────────────
  TOTAL                              → $0.0726
  cache hit rate                       0.0%
────────────────────────────────────────────────────────

  [PASS] rejected response is not mistaken for dead air  — 1 response.create sent (greeting only expected)

==================================================================
  SCENARIO 0b — must not hang up on someone going to check
==================================================================
[Realtime] Connected: gpt-realtime-2
[Realtime] Session configured — template=forage_data_collection voice=cedar
[Realtime] Waiting for Twilio stream start...
[Realtime] Twilio stream started: MZtest (0.00s after the socket opened — Twilio's own handshake)

════════════════════════════════════════════════════════════
  CALL STARTED  20:54:33
  Doctor  : Dr. Jane Okafor
  Hospital: Northside Medical Group
  Call ID : call-20260903-2054-tsid
════════════════════════════════════════════════════════════
  Greeting → Hi, this is David, calling on behalf of Forage AI about a doctor listing, do you know which branch Dr. Okafor works out of?
────────────────────────────────────────────────────────────

[Realtime] Context sent, greeting requested — starting audio loops

[20:54:33] 🤖 AGENT  : Hi, this is David...
[Realtime] usage: in_text=1900 (cached 0)  in_audio=400 (cached 0)  out_audio=800  out_text=20  (cap 1500)  [completed]
[Realtime] Greeting done — now listening to caller (OpenAI's audio clock starts 0.00s into ours)
[Recording] Full options rejected (Twilio disabled in tests) — retrying bare
[Recording] Could not start: Twilio disabled in tests. The local WAV mix will still be written.
[20:54:33] 👤 CALLER : Oh yeah, can you please give me a minute? I just need to check

[20:54:33] ⏳ ESCALATION BLOCKED — caller is checking: 'Oh yeah, can you please give me a minute? I just need to che'

[20:54:33] 🤖 AGENT  : Sure, no rush.
[Realtime] usage: in_text=2000 (cached 1887)  in_audio=400 (cached 0)  out_audio=800  out_text=20  (cap 1500)  [completed]
[Realtime] Recording: caller=8000 samples, agent_responses=0, n=8000
[Realtime] Caller raw RMS per 3s: []

════════════════════════════════════════════════════════════
  CALL ENDED  —  call-20260903-2054-tsid
────────────────────────────────────────────────────────────
  Doctor   : Dr. Jane Okafor
  Hospital : Northside Medical Group
  Duration : 0s
  Result   : ⚠️  NOT RESOLVED — unknown
────────────────────────────────────────────────────────────
  TRANSCRIPT:
  [20:54:33] 🤖 AGENT : Hi, this is David...
  [20:54:33] 👤 Caller: Oh yeah, can you please give me a minute? I just need to check
  [20:54:33] 🤖 AGENT : Sure, no rush.
────────────────────────────────────────────────────────────
  Recording: C:\Users\varun\AppData\Local\Temp\realtime-protocol-test\call-20260903-2054-tsid.wav
  JSON     : data/3 cases jsons/call-20260903-2054-tsid.json
════════════════════════════════════════════════════════════

  CONVERSATION SHAPE
    agent turns          2
    of which questions   0
    caller turns         1 (1 of them questions)
    stapled onto answers 0 of 1  (0%)
    asked twice running  0
    asked twice in a turn 0
    turns stacking moves 0   (longest 1 sentences, 3 words)
    repeated sentences   0
    said twice in a row  0
    spoke over itself    0
    caller turns measured 0 of 1   <- unmeasured turns bypass the hint-echo check

────────────────────────────────────────────────────────
  💰  CALL COST — call-20260903-2054-tsid
      model=gpt-realtime-2  template=forage_data_collection
────────────────────────────────────────────────────────
  Duration         0s (0.0 min), 2 responses
  Audio in                  800 tok  → $0.0256
  Audio in cached             0 tok  → $0.0000
  Audio out               1,600 tok  → $0.1024
  Text in                 2,013 tok  → $0.0081
  Text in cached          1,887 tok  → $0.0008
  Text out                   40 tok  → $0.0010
  Telephony                0.00 min  → $0.0000
────────────────────────────────────────────────────────
  TOTAL                              → $0.1378
  cache hit rate                       40.1%
────────────────────────────────────────────────────────

  [PASS] escalation refused while the caller is checking  — [{'ok': False, 'error': 'NOT ESCALATED — caller is mid-lookup, not refusing | NEED: a two-word hold acknowledgement, then silence until they return'}]
  [PASS] call is NOT marked escalated
  [PASS] call stays open so they can come back with it
  [PASS] the stop-and-escalate directive is explicitly withdrawn

==================================================================
  SCENARIO 1 — happy path (branch obtained)
==================================================================
[Realtime] Connected: gpt-realtime-2
[Realtime] Session configured — template=forage_data_collection voice=cedar
[Realtime] Waiting for Twilio stream start...
[Realtime] Twilio stream started: MZtest (0.00s after the socket opened — Twilio's own handshake)

════════════════════════════════════════════════════════════
  CALL STARTED  20:54:34
  Doctor  : Dr. Jane Okafor
  Hospital: Northside Medical Group
  Call ID : call-20260903-2054-tsid
════════════════════════════════════════════════════════════
  Greeting → Hi, this is David, calling on behalf of Forage AI about a doctor listing, do you know which branch Dr. Okafor works out of?
────────────────────────────────────────────────────────────

[Realtime] Context sent, greeting requested — starting audio loops

[20:54:34] 🤖 AGENT  : Hi, good afternoon - this is an automated assistant calling from Forage AI...
[20:54:34] ⚠️  FALSE EMPLOYMENT CLAIM — said it is from/with/at Forage AI, not on their behalf
[Realtime] usage: in_text=1900 (cached 0)  in_audio=400 (cached 0)  out_audio=800  out_text=20  (cap 1500)  [completed]
[Realtime] Greeting done — now listening to caller (OpenAI's audio clock starts 0.00s into ours)
[Recording] Full options rejected (Twilio disabled in tests) — retrying bare
[Recording] Could not start: Twilio disabled in tests. The local WAV mix will still be written.
[20:54:34] 👤 CALLER : Yes, this is Northside.

[20:54:34] 🤖 AGENT  : Great - which location is Dr. Okafor practicing at?
[Realtime] usage: in_text=2000 (cached 1887)  in_audio=400 (cached 0)  out_audio=800  out_text=20  (cap 1500)  [completed]
[20:54:34] 👤 CALLER : She's at the Northgate campus.
[Realtime] Ask budget reset — caller named a place (was unanswered=0 no-progress=1 give_up=False)
[Realtime] 🎯 outcome=complete  collected=branch

[20:54:34] ✅ BRANCH SAVED   : {'branch': 'Northgate Campus'}

[20:54:34] 🤖 AGENT  : Perfect, thank you so much. Have a great day!
[Realtime] usage: in_text=2000 (cached 1887)  in_audio=400 (cached 0)  out_audio=800  out_text=20  (cap 1500)  [completed]
[Realtime] Recording: caller=8000 samples, agent_responses=0, n=8000
[Realtime] Caller raw RMS per 3s: []

════════════════════════════════════════════════════════════
  CALL ENDED  —  call-20260903-2054-tsid
────────────────────────────────────────────────────────────
  Doctor   : Dr. Jane Okafor
  Hospital : Northside Medical Group
  Duration : 0s
  Result   : ✅ RESOLVED — Branch: Northgate Campus
────────────────────────────────────────────────────────────
  TRANSCRIPT:
  [20:54:34] 🤖 AGENT : Hi, good afternoon - this is an automated assistant calling from Forage AI...
  [20:54:34] 👤 Caller: Yes, this is Northside.
  [20:54:34] 🤖 AGENT : Great - which location is Dr. Okafor practicing at?
  [20:54:34] 👤 Caller: She's at the Northgate campus.
  [20:54:34] 🤖 AGENT : Perfect, thank you so much. Have a great day!
────────────────────────────────────────────────────────────
  Recording: C:\Users\varun\AppData\Local\Temp\realtime-protocol-test\call-20260903-2054-tsid.wav
  JSON     : data/3 cases jsons/call-20260903-2054-tsid.json
════════════════════════════════════════════════════════════

  CONVERSATION SHAPE
    agent turns          3
    of which questions   1
    caller turns         2 (0 of them questions)
    stapled onto answers 0 of 0  (n/a)
    asked twice running  0
    asked twice in a turn 0
    turns stacking moves 0   (longest 2 sentences, 9 words)
    repeated sentences   0
    said twice in a row  0
    spoke over itself    0
    caller turns measured 0 of 2   <- unmeasured turns bypass the hint-echo check
    ⚠️  FALSE EMPLOYMENT CLAIM made on this call

────────────────────────────────────────────────────────
  💰  CALL COST — call-20260903-2054-tsid
      model=gpt-realtime-2  template=forage_data_collection
────────────────────────────────────────────────────────
  Duration         0s (0.0 min), 3 responses
  Audio in                1,200 tok  → $0.0384
  Audio in cached             0 tok  → $0.0000
  Audio out               2,400 tok  → $0.1536
  Text in                 2,126 tok  → $0.0085
  Text in cached          3,774 tok  → $0.0015
  Text out                   60 tok  → $0.0014
  Telephony                0.00 min  → $0.0000
────────────────────────────────────────────────────────
  TOTAL                              → $0.2035
  cache hit rate                       53.2%
────────────────────────────────────────────────────────

  [PASS] exactly one session.update  — got 1
  [PASS] instructions are the template's static text
  [PASS] no per-call data in instructions (cache prefix stable)
  [PASS] no response.create carries an instructions override  — 2 response.create sent
  [PASS] voice configured
  [PASS] turn detection configured (server_vad)
  [PASS] inbound is the codec Twilio already speaks — no conversion in
  [PASS] outbound is a format this process can convert for Twilio  — {'type': 'audio/pcm', 'rate': 24000}
  [PASS] the negotiated outbound format matches what the code will do with it
  [PASS] audio format is audio/pcmu
  [PASS] transcription pinned to en
  [PASS] response token cap set
  [PASS] token cap clears the longest legitimate turn (voicemail ~650 tok)  — 1500 tok
  [PASS] usage log shows out_text too — the cap counts it
  [PASS] per-call facts sent as a conversation item
  [PASS] context names the doctor
  [PASS] the branch-vs-employer rule is in the per-call context
  [PASS] and NOT in the cached instructions — the prefix stays byte-identical
  [PASS] stated against THIS call's organisation, by name
  [PASS] rule carries its load-bearing clause: 'LEFT, MOVED, JOINED, TRANSFERRED'
  [PASS] rule carries its load-bearing clause: 'NEW EMPLOYER'
  [PASS] rule carries its load-bearing clause: 'note_info'
  [PASS] rule carries its load-bearing clause: 'Never save_branch it'
  [PASS] rule carries its load-bearing clause: 'NEVER INVENT AN AFFILIATION'
  [PASS] a plain site name is still a branch candidate
  [PASS] context claims no organisation is unaffiliated: 'Methodist'
  [PASS] context claims no organisation is unaffiliated: 'Baptist'
  [PASS] context claims no organisation is unaffiliated: 'Mercy'
  [PASS] context claims no organisation is unaffiliated: 'Mayo'
  [PASS] omitted when there is no organisation on record to compare against
  [PASS] context names the organisation
  [PASS] forage_data_collection: says 'on behalf of', not claiming employment  — Hi, this is Alex, calling on behalf of Forage AI abo
  [PASS] forage_data_collection: no employment claim 'with Forage AI'
  [PASS] forage_data_collection: no employment claim 'from Forage AI'
  [PASS] forage_data_collection: no employment claim 'at Forage AI'
  [PASS] forage_data_collection: probe has a hospital name
  [PASS] forage_data_collection: opener does not spend itself confirming the hospital  — Hi, this is Alex, calling on behalf of Forage AI abo
  [PASS] forage_data_collection: opener ends on the ask, handing over the turn  — ow which branch Dr. Okafor works out of?
  [PASS] forage_data_collection: organisation stays out of the cached instructions
  [PASS] forage_ai_disclosed: says 'on behalf of', not claiming employment  — Hi there — this is an automated call on behalf of Fo
  [PASS] forage_ai_disclosed: no employment claim 'with Forage AI'
  [PASS] forage_ai_disclosed: no employment claim 'from Forage AI'
  [PASS] forage_ai_disclosed: no employment claim 'at Forage AI'
  [PASS] forage_ai_disclosed: probe has a hospital name
  [PASS] forage_ai_disclosed: opener does not spend itself confirming the hospital  — Hi there — this is an automated call on behalf of Fo
  [PASS] forage_ai_disclosed: opener ends on the ask, handing over the turn  — ow which branch Dr. Okafor works out of?
  [PASS] forage_ai_disclosed: organisation stays out of the cached instructions
  [PASS] provider_verification: says 'on behalf of', not claiming employment  — Hi, this is Alex, calling on behalf of Forage AI to 
  [PASS] provider_verification: no employment claim 'with Forage AI'
  [PASS] provider_verification: no employment claim 'from Forage AI'
  [PASS] provider_verification: no employment claim 'at Forage AI'
  [PASS] provider_verification: probe has a hospital name
  [PASS] provider_verification: opener does not spend itself confirming the hospital  — Hi, this is Alex, calling on behalf of Forage AI to 
  [PASS] provider_verification: opener ends on the ask, handing over the turn  — ng to book anything. Is now a good time?
  [PASS] provider_verification: organisation stays out of the cached instructions
  [PASS] patient_discovery: names_org=False — the organisation stays out of the opener entirely  — Hi there, good afternoon. I'm looking for a new doct
  [PASS] patient_discovery: no employment claim 'with Forage AI'
  [PASS] patient_discovery: no employment claim 'from Forage AI'
  [PASS] patient_discovery: no employment claim 'at Forage AI'
  [PASS] patient_discovery: probe has a hospital name
  [PASS] patient_discovery: opener does not spend itself confirming the hospital  — Hi there, good afternoon. I'm looking for a new doct
  [PASS] patient_discovery: opener ends on the ask, handing over the turn  —  any chance this is Dr. Okafor's office?
  [PASS] patient_discovery: organisation stays out of the cached instructions
  [PASS] every valid voice has a persona name  — missing: []
  [PASS] female voice keeps a female name
  [PASS] male voice gets a male name
  [PASS] unknown voice still yields a usable name
  [PASS] greeting uses the alloy persona name
  [PASS] greeting uses the ash persona name
  [PASS] greeting uses the ballad persona name
  [PASS] greeting uses the cedar persona name
  [PASS] greeting uses the coral persona name
  [PASS] greeting uses the echo persona name
  [PASS] greeting uses the marin persona name
  [PASS] greeting uses the sage persona name
  [PASS] greeting uses the shimmer persona name
  [PASS] greeting uses the verse persona name
  [PASS] forage_data_collection: persona 'David' stays out of the instructions
  [PASS] forage_data_collection: persona 'Alex' stays out of the instructions
  [PASS] forage_data_collection: persona 'Sarah' stays out of the instructions
  [PASS] forage_ai_disclosed: persona 'David' stays out of the instructions
  [PASS] forage_ai_disclosed: persona 'Alex' stays out of the instructions
  [PASS] forage_ai_disclosed: persona 'Sarah' stays out of the instructions
  [PASS] provider_verification: persona 'David' stays out of the instructions
  [PASS] provider_verification: persona 'Alex' stays out of the instructions
  [PASS] provider_verification: persona 'Sarah' stays out of the instructions
  [PASS] patient_discovery: persona 'David' stays out of the instructions
  [PASS] patient_discovery: persona 'Alex' stays out of the instructions
  [PASS] patient_discovery: persona 'Sarah' stays out of the instructions
  [PASS] organisation absent from the cached instructions
  [PASS] no hardcoded client in instructions: 'Definitive Healthcare'
  [PASS] no hardcoded client in instructions: 'Forage AI Healthcare'
  [PASS] no hardcoded client in instructions: 'Acme Health'
  [PASS] greeting states the purpose
  [PASS] greeting is one or two sentences, not a paragraph
  [PASS] greeting stays short (24 words)
  [PASS] forage_data_collection: the opener softens its ask rather than instructing  — you know which branch Dr. Okafor works out of?
  [PASS] forage_ai_disclosed: the opener softens its ask rather than instructing  — you know which branch Dr. Okafor works out of?
  [PASS] provider_verification: the opener softens its ask rather than instructing  —  calling to book anything. Is now a good time?
  [PASS] patient_discovery: the opener softens its ask rather than instructing  — ctor — any chance this is Dr. Okafor's office?
  [PASS] and it is paid for in the same breath, not by running longer  — 24 words
  [PASS] uses US phone convention: 'this is <name>'
  [PASS] tool result returned to the model
  [PASS] unusable CALLBACK_NUMBER withheld from the call context
  [PASS] agent told explicitly that no callback number exists
  [PASS] instructions forbid inventing a phone number
  [PASS] mid-call identity re-ask is handled
  [PASS] answering WHO does not re-deliver the greeting
  [PASS] and does not staple the branch question onto the identity answer
  [PASS] identity facts exempt from the no-repetition rule
  [PASS] caller questions get answered before the agent asks its own
  [PASS] never answers a question with only a question
  [PASS] answering and asking in one turn is permitted
  [PASS] repetition named as the actual failure
  [PASS] why-are-you-calling is answered with the actual ask
  [PASS] identity-repetition exemption does not extend to purpose
  [PASS] cannot repeat the branch question verbatim
  [PASS] a hold request gets a short acknowledgement and nothing else
  [PASS] a hold request gets no follow-up question
  [PASS] the hold persists across turns, not just one
  [PASS] a bare question with no reaction is shown as wrong
  [PASS] agent asks for a branch, not an office
  [PASS] 'which office' explicitly ruled out as the agent's wording
  [PASS] bare-question turn shown as a counter-example
  [PASS] closing is tied to the actual outcome
  [PASS] forage_data_collection: prompt answers the is-this-an-emergency question
  [PASS] forage_data_collection: the patient question has its own branch
  [PASS] forage_data_collection: and its own answer, in its own terms
  [PASS] forage_data_collection: neither branch quotes a sentence for the agent to say  — 2 quoted questions, 0 scripts
  [PASS] found the patient-question directive
  [PASS] the patient directive never says the word it is correcting  — they asked whether this is about a "
                             "patient. Say plainly that it is N
  [PASS] forage_data_collection: marked as distinct from the urgency question
  [PASS] forage_data_collection: prompt bans the identifies-nobody non-answer
  [PASS] forage_data_collection: the offer rule is no longer carried as prose  — asserted positively at the guard, so this absence is not the only thing standing between the rule and nothing
  [PASS] forage_data_collection: prompt refuses to read the record back to the caller
  [PASS] forage_data_collection: the re-read rule is no longer carried as prose  — asserted positively against both rejection messages below
  [PASS] forage_ai_disclosed: prompt answers the is-this-an-emergency question
  [PASS] forage_ai_disclosed: the patient question has its own branch
  [PASS] forage_ai_disclosed: and its own answer, in its own terms
  [PASS] forage_ai_disclosed: neither branch quotes a sentence for the agent to say  — 2 quoted questions, 0 scripts
  [PASS] found the patient-question directive
  [PASS] the patient directive never says the word it is correcting  — they asked whether this is about a "
                             "patient. Say plainly that it is N
  [PASS] forage_ai_disclosed: marked as distinct from the urgency question
  [PASS] forage_ai_disclosed: prompt bans the identifies-nobody non-answer
  [PASS] forage_ai_disclosed: the offer rule is no longer carried as prose  — asserted positively at the guard, so this absence is not the only thing standing between the rule and nothing
  [PASS] forage_ai_disclosed: prompt refuses to read the record back to the caller
  [PASS] forage_ai_disclosed: the re-read rule is no longer carried as prose  — asserted positively against both rejection messages below
  [PASS] provider_verification: prompt answers the is-this-an-emergency question
  [PASS] provider_verification: the patient question has its own branch
  [PASS] provider_verification: and its own answer, in its own terms
  [PASS] provider_verification: neither branch quotes a sentence for the agent to say  — 2 quoted questions, 0 scripts
  [PASS] found the patient-question directive
  [PASS] the patient directive never says the word it is correcting  — they asked whether this is about a "
                             "patient. Say plainly that it is N
  [PASS] provider_verification: marked as distinct from the urgency question
  [PASS] provider_verification: prompt bans the identifies-nobody non-answer
  [PASS] provider_verification: the offer rule is no longer carried as prose  — asserted positively at the guard, so this absence is not the only thing standing between the rule and nothing
  [PASS] provider_verification: prompt refuses to read the record back to the caller
  [PASS] provider_verification: the re-read rule is no longer carried as prose  — asserted positively against both rejection messages below
  [PASS] patient_discovery: prompt answers the is-this-an-emergency question
  [PASS] patient_discovery: the patient question has its own branch
  [PASS] patient_discovery: and its own answer, in its own terms
  [PASS] patient_discovery: neither branch quotes a sentence for the agent to say  — 2 quoted questions, 0 scripts
  [PASS] found the patient-question directive
  [PASS] the patient directive never says the word it is correcting  — they asked whether this is about a "
                             "patient. Say plainly that it is N
  [PASS] patient_discovery: marked as distinct from the urgency question
  [PASS] patient_discovery: prompt bans the identifies-nobody non-answer
  [PASS] patient_discovery: the offer rule is no longer carried as prose  — asserted positively at the guard, so this absence is not the only thing standing between the rule and nothing
  [PASS] patient_discovery: prompt refuses to read the record back to the caller
  [PASS] patient_discovery: the re-read rule is no longer carried as prose  — asserted positively against both rejection messages below
  [PASS] both the branch and the choice rejections carry RE-READ  — save_branch had it since 1321; the four choice fields did not, and the prompt was covering the difference for all five
  [PASS] the choice-field rejection says WHERE to look, not just what failed  — f"NOT SAVED — {ungrounded_choice} "
            f"| RE-READ: their turns, verbatim; the an
  [PASS] the watchdog's exit is a real give-up trigger with its own marker
  [PASS] spending the silence budget closes the call through the same directive the ask budget uses  — it used to `continue` forever, holding a line nobody was on
  [PASS] and the no_response directive really contains its marker  — a trigger whose marker does not appear in its own text makes every absence assertion downstream vouch for nothing
  [PASS] an offer of help now injects mid-call, one-shot  — _invites_continuation had two callers and both were defensive
  [PASS] and the directive tells the agent to spend it, not return it
  [PASS] the deleted false-save rule is still enforced, in code
  [PASS] no injected directive leaked into the transcript as a turn
  [PASS] transcript contains no injected system directives
  [PASS] transcript contains no injected closing prompt
  [PASS] every injected directive is found, none skipped by the pattern  — 33 found vs 33 in source
  [PASS] found the module's injected directives to check against  — 32 paths
  [PASS] injected directive stays out of the transcript: 'you have asked '
  [PASS] injected directive stays out of the transcript: 'the line was silent just then '
  [PASS] injected directive stays out of the transcript: 'you told them you were finished'
  [PASS] injected directive stays out of the transcript: 'your last turn was cut off after '
  [PASS] injected directive stays out of the transcript: 'they have not said anything since '
  [PASS] injected directive stays out of the transcript: 'nothing has been recorded and '
  [PASS] injected directive stays out of the transcript: 'the line has gone quiet and they h'
  [PASS] injected directive stays out of the transcript: 'nothing audible came through just '
  [PASS] injected directive stays out of the transcript: 'you just asked about '
  [PASS] injected directive stays out of the transcript: 'you just signed off'
  [PASS] injected directive stays out of the transcript: 'you just said you are '
  [PASS] injected directive stays out of the transcript: 'disregard the earlier instruction '
  [PASS] injected directive stays out of the transcript: 'you just told them the '
  [PASS] injected directive stays out of the transcript: 'that came through too faint to '
  [PASS] injected directive stays out of the transcript: 'they asked whether this is about a'
  [PASS] injected directive stays out of the transcript: 'you just introduced yourself '
  [PASS] injected directive stays out of the transcript: 'you just said the same '
  [PASS] injected directive stays out of the transcript: 'only the first half of your last '
  [PASS] injected directive stays out of the transcript: 'they just offered to help'
  [PASS] injected directive stays out of the transcript: 'you just asked the same kind '
  [PASS] injected directive stays out of the transcript: 'you told them you were about to '
  [PASS] injected directive stays out of the transcript: 'they just asked who you are'
  [PASS] injected directive stays out of the transcript: 'you just gave one of your own '
  [PASS] injected directive stays out of the transcript: 'you told them you were not '
  [PASS] injected directive stays out of the transcript: 'they have now given you the '
  [PASS] injected directive stays out of the transcript: 'they just answered '
  [PASS] injected directive stays out of the transcript: 'you have now asked for the same '
  [PASS] injected directive stays out of the transcript: 'you just gave your name and your '
  [PASS] injected directive stays out of the transcript: 'they have just refused to give you'
  [PASS] injected directive stays out of the transcript: 'the answer you recorded for '
  [PASS] injected directive stays out of the transcript: 'you have now asked for the locatio'
  [PASS] injected directive stays out of the transcript: 'hold on before ending the call'
  [PASS] branch saved to memory
  [PASS] call marked resolved

==================================================================
  SCENARIO 2 — refusal ('I'm not allowed to give out that information')
==================================================================
[Realtime] Connected: gpt-realtime-2
[Realtime] Session configured — template=forage_data_collection voice=cedar
[Realtime] Waiting for Twilio stream start...
[Realtime] Twilio stream started: MZtest (0.00s after the socket opened — Twilio's own handshake)

════════════════════════════════════════════════════════════
  CALL STARTED  20:54:35
  Doctor  : Dr. Jane Okafor
  Hospital: Northside Medical Group
  Call ID : call-20260903-2054-tsid
════════════════════════════════════════════════════════════
  Greeting → Hi, this is David, calling on behalf of Forage AI about a doctor listing, do you know which branch Dr. Okafor works out of?
────────────────────────────────────────────────────────────

[Realtime] Context sent, greeting requested — starting audio loops

[20:54:35] 🤖 AGENT  : Hi, good afternoon...
[Realtime] usage: in_text=1900 (cached 0)  in_audio=400 (cached 0)  out_audio=800  out_text=20  (cap 1500)  [completed]
[Realtime] Greeting done — now listening to caller (OpenAI's audio clock starts 0.00s into ours)
[Recording] Full options rejected (Twilio disabled in tests) — retrying bare
[Recording] Could not start: Twilio disabled in tests. The local WAV mix will still be written.
[20:54:35] 👤 CALLER : I'm not allowed to give out that information.

[20:54:35] ⛔ THEY REFUSED - stopping the asks and escalating: "I'm not allowed to give out that information."

[20:54:35] ⚠️  ESCALATED     : {'reason': 'declined - hospital policy'}

[20:54:35] 🤖 AGENT  : Completely understand - thanks for your time. Have a good day!
[Realtime] usage: in_text=2000 (cached 1887)  in_audio=400 (cached 0)  out_audio=800  out_text=20  (cap 1500)  [completed]
[Realtime] Recording: caller=8000 samples, agent_responses=0, n=8000
[Realtime] Caller raw RMS per 3s: []

════════════════════════════════════════════════════════════
  CALL ENDED  —  call-20260903-2054-tsid
────────────────────────────────────────────────────────────
  Doctor   : Dr. Jane Okafor
  Hospital : Northside Medical Group
  Duration : 0s
  Result   : ⚠️  NOT RESOLVED — declined - hospital policy
────────────────────────────────────────────────────────────
  TRANSCRIPT:
  [20:54:35] 🤖 AGENT : Hi, good afternoon...
  [20:54:35] 👤 Caller: I'm not allowed to give out that information.
  [20:54:35] 🤖 AGENT : Completely understand - thanks for your time. Have a good day!
────────────────────────────────────────────────────────────
  Recording: C:\Users\varun\AppData\Local\Temp\realtime-protocol-test\call-20260903-2054-tsid.wav
  JSON     : data/3 cases jsons/call-20260903-2054-tsid.json
════════════════════════════════════════════════════════════

  CONVERSATION SHAPE
    agent turns          2
    of which questions   0
    caller turns         1 (0 of them questions)
    stapled onto answers 0 of 0  (n/a)
    asked twice running  0
    asked twice in a turn 0
    turns stacking moves 0   (longest 2 sentences, 11 words)
    repeated sentences   0
    said twice in a row  0
    spoke over itself    0
    caller turns measured 0 of 1   <- unmeasured turns bypass the hint-echo check

────────────────────────────────────────────────────────
  💰  CALL COST — call-20260903-2054-tsid
      model=gpt-realtime-2  template=forage_data_collection
────────────────────────────────────────────────────────
  Duration         0s (0.0 min), 2 responses
  Audio in                  800 tok  → $0.0256
  Audio in cached             0 tok  → $0.0000
  Audio out               1,600 tok  → $0.1024
  Text in                 2,013 tok  → $0.0081
  Text in cached          1,887 tok  → $0.0008
  Text out                   40 tok  → $0.0010
  Telephony                0.00 min  → $0.0000
────────────────────────────────────────────────────────
  TOTAL                              → $0.1378
  cache hit rate                       40.1%
────────────────────────────────────────────────────────

  [PASS] refusal escalated
  [PASS] refusal not marked resolved
  [PASS] escalate reason records the policy refusal  — 'declined - hospital policy'
  [PASS] call did not keep re-asking after refusal  — 2 response.create sent

==================================================================
  SCENARIO 3 — identity re-asked mid-call
==================================================================
[Realtime] Connected: gpt-realtime-2
[Realtime] Session configured — template=forage_data_collection voice=cedar
[Realtime] Waiting for Twilio stream start...
[Realtime] Twilio stream started: MZtest (0.00s after the socket opened — Twilio's own handshake)

════════════════════════════════════════════════════════════
  CALL STARTED  20:54:54
  Doctor  : Dr. Jane Okafor
  Hospital: Northside Medical Group
  Call ID : call-20260903-2054-tsid
════════════════════════════════════════════════════════════
  Greeting → Hi, this is David, calling on behalf of Forage AI about a doctor listing, do you know which branch Dr. Okafor works out of?
────────────────────────────────────────────────────────────

[Realtime] Context sent, greeting requested — starting audio loops

[20:54:55] 🤖 AGENT  : Hi, good afternoon - this is an automated assistant calling from Forage AI...
[20:54:55] ⚠️  FALSE EMPLOYMENT CLAIM — said it is from/with/at Forage AI, not on their behalf
[Realtime] usage: in_text=1900 (cached 0)  in_audio=400 (cached 0)  out_audio=800  out_text=20  (cap 1500)  [completed]
[Realtime] Greeting done — now listening to caller (OpenAI's audio clock starts 0.00s into ours)
[Recording] Full options rejected (Twilio disabled in tests) — retrying bare
[20:54:55] 👤 CALLER : Yes, this is Northside.

[20:54:55] 🤖 AGENT  : Great - which location is Dr. Okafor practicing at?
[Recording] Could not start: Twilio disabled in tests. The local WAV mix will still be written.
[Realtime] usage: in_text=2000 (cached 1887)  in_audio=400 (cached 0)  out_audio=800  out_text=20  (cap 1500)  [completed]
[20:54:55] 👤 CALLER : Sorry, which company was that again?
[Realtime] Caller asked who is speaking — telling the agent to answer it first

[20:54:55] 🤖 AGENT  : Of course - this is Forage AI, and I'm an automated assistant. We collect and validate publicly available information about doctors.
[Realtime] usage: in_text=2000 (cached 1887)  in_audio=400 (cached 0)  out_audio=800  out_text=20  (cap 1500)  [completed]
[20:54:55] 👤 CALLER : And what's your callback number?

[20:54:55] 🤖 AGENT  : I don't have a direct phone line, but you can reach us at directory@forageai.com.
[Realtime] usage: in_text=2000 (cached 1887)  in_audio=400 (cached 0)  out_audio=800  out_text=20  (cap 1500)  [completed]
[Realtime] Recording: caller=8000 samples, agent_responses=0, n=16000
[Realtime] Caller raw RMS per 3s: []

════════════════════════════════════════════════════════════
  CALL ENDED  —  call-20260903-2054-tsid
────────────────────────────────────────────────────────────
  Doctor   : Dr. Jane Okafor
  Hospital : Northside Medical Group
  Duration : 2s
  Result   : ⚠️  NOT RESOLVED — unknown
────────────────────────────────────────────────────────────
  TRANSCRIPT:
  [20:54:55] 🤖 AGENT : Hi, good afternoon - this is an automated assistant calling from Forage AI...
  [20:54:55] 👤 Caller: Yes, this is Northside.
  [20:54:55] 🤖 AGENT : Great - which location is Dr. Okafor practicing at?
  [20:54:55] 👤 Caller: Sorry, which company was that again?
  [20:54:55] 🤖 AGENT : Of course - this is Forage AI, and I'm an automated assistant. We collect and validate publicly available information about doctors.
  [20:54:55] 👤 Caller: And what's your callback number?
  [20:54:55] 🤖 AGENT : I don't have a direct phone line, but you can reach us at directory@forageai.com.
────────────────────────────────────────────────────────────
  Recording: C:\Users\varun\AppData\Local\Temp\realtime-protocol-test\call-20260903-2054-tsid.wav
  JSON     : data/3 cases jsons/call-20260903-2054-tsid.json
════════════════════════════════════════════════════════════

  CONVERSATION SHAPE
    agent turns          4
    of which questions   1
    caller turns         3 (2 of them questions)
    stapled onto answers 0 of 2  (0%)
    asked twice running  0
    asked twice in a turn 0
    turns stacking moves 0   (longest 2 sentences, 21 words)
    repeated sentences   0
    said twice in a row  0
    spoke over itself    0
    caller turns measured 0 of 3   <- unmeasured turns bypass the hint-echo check
    ⚠️  FALSE EMPLOYMENT CLAIM made on this call

────────────────────────────────────────────────────────
  💰  CALL COST — call-20260903-2054-tsid
      model=gpt-realtime-2  template=forage_data_collection
────────────────────────────────────────────────────────
  Duration         2s (0.0 min), 4 responses
  Audio in                1,600 tok  → $0.0512
  Audio in cached             0 tok  → $0.0000
  Audio out               3,200 tok  → $0.2048
  Text in                 2,239 tok  → $0.0090
  Text in cached          5,661 tok  → $0.0023
  Text out                   80 tok  → $0.0019
  Telephony                0.03 min  → $0.0006
────────────────────────────────────────────────────────
  TOTAL                              → $0.2697
  per minute                         → $8.0907
  cache hit rate                       59.6%
────────────────────────────────────────────────────────

  [PASS] identity re-ask did not end the call
  [PASS] identity re-ask did not falsely resolve the call
  [PASS] no tool fired on an identity question
  [PASS] agent kept answering across re-asks  — 4 agent turns
  [PASS] org named more than once — no-repetition rule did not suppress it
  [PASS] identity rules declare precedence over brevity/pacing/closing rules
  [PASS] disclosures cannot be postponed to a later turn

==================================================================
  TEMPLATE INVARIANTS
==================================================================
  [PASS] forage_data_collection: answers a point-blank are-you-real question
  [PASS] forage_data_collection: acknowledges the call is recorded
  [PASS] forage_data_collection: never impersonates hospital staff or a patient
  [PASS] forage_data_collection: no unsubstituted template placeholders
  [PASS] forage_ai_disclosed: answers a point-blank are-you-real question
  [PASS] forage_ai_disclosed: acknowledges the call is recorded
  [PASS] forage_ai_disclosed: never impersonates hospital staff or a patient
  [PASS] forage_ai_disclosed: no unsubstituted template placeholders
  [PASS] provider_verification: answers a point-blank are-you-real question
  [PASS] provider_verification: acknowledges the call is recorded
  [PASS] provider_verification: never impersonates hospital staff or a patient
  [PASS] provider_verification: no unsubstituted template placeholders
  [PASS] patient_discovery: answers a point-blank are-you-real question
  [PASS] patient_discovery: acknowledges the call is recorded
  [PASS] patient_discovery: never impersonates hospital staff or a patient
  [PASS] patient_discovery: no unsubstituted template placeholders
  [PASS] every template has a declared prompt ceiling  — missing [], stale []
  [PASS] forage_data_collection: prompt within the character ceiling  — 19,783 / 20,400 chars
  [PASS] forage_data_collection: prompt within the token ceiling — to add a rule, evict one  — 4,721 / 4,850 tok
  [PASS] forage_ai_disclosed: prompt within the character ceiling  — 19,557 / 20,400 chars
  [PASS] forage_ai_disclosed: prompt within the token ceiling — to add a rule, evict one  — 4,667 / 4,850 tok
  [PASS] provider_verification: prompt within the character ceiling  — 24,190 / 24,900 chars
  [PASS] provider_verification: prompt within the token ceiling — to add a rule, evict one  — 5,761 / 5,900 tok
  [FAIL] patient_discovery: prompt within the character ceiling  — 25,918 / 25,320 chars
  [FAIL] patient_discovery: prompt within the token ceiling — to add a rule, evict one  — 6,192 / 6,060 tok
  [PASS] forage_ai_disclosed announces automation upfront  — Hi there — this is an automated call on behalf of Defini
  [PASS] forage_ai_disclosed discloses without the assistant register  — Hi there — this is an automated call on behalf of Defini
  [PASS] Template 1 does not announce automation upfront

==================================================================
  SCENARIO 5 — tool fires while the agent is mid-question
==================================================================
[Realtime] Connected: gpt-realtime-2
[Realtime] Session configured — template=forage_data_collection voice=cedar
[Realtime] Waiting for Twilio stream start...
[Realtime] Twilio stream started: MZtest (0.00s after the socket opened — Twilio's own handshake)

════════════════════════════════════════════════════════════
  CALL STARTED  20:54:59
  Doctor  : Dr. Jane Okafor
  Hospital: Northside Medical Group
  Call ID : call-20260903-2054-tsid
════════════════════════════════════════════════════════════
  Greeting → Hi, this is David, calling on behalf of Forage AI about a doctor listing, do you know which branch Dr. Okafor works out of?
────────────────────────────────────────────────────────────

[Realtime] Context sent, greeting requested — starting audio loops

[20:54:59] 🤖 AGENT  : Hi, good afternoon...
[Realtime] usage: in_text=1900 (cached 0)  in_audio=400 (cached 0)  out_audio=800  out_text=20  (cap 1500)  [completed]
[Realtime] Greeting done — now listening to caller (OpenAI's audio clock starts 0.00s into ours)
[Recording] Full options rejected (Twilio disabled in tests) — retrying bare
[Recording] Could not start: Twilio disabled in tests. The local WAV mix will still be written.
[20:54:59] 👤 CALLER : Yes, she's at the Northgate campus.

[20:54:59] 🤖 AGENT  : Which branch is Dr. Okafor working out of?
[Realtime] Ask budget reset — caller named a place (was unanswered=0 no-progress=1 give_up=False)
[Realtime] 🎯 outcome=complete  collected=branch

[20:54:59] ✅ BRANCH SAVED   : {'branch': 'Northgate Campus'}

[20:54:59] ⏸️  CLOSE DEFERRED  : objective complete, but the turn just spoken is a question they have not answered — waiting for them
          asked: 'Which branch is Dr. Okafor working out of?'
[Realtime] usage: in_text=2000 (cached 1887)  in_audio=400 (cached 0)  out_audio=800  out_text=20  (cap 1500)  [completed]
[Realtime] Recording: caller=8000 samples, agent_responses=0, n=8000
[Realtime] Caller raw RMS per 3s: []

════════════════════════════════════════════════════════════
  CALL ENDED  —  call-20260903-2054-tsid
────────────────────────────────────────────────────────────
  Doctor   : Dr. Jane Okafor
  Hospital : Northside Medical Group
  Duration : 0s
  Result   : ✅ RESOLVED — Branch: Northgate Campus
────────────────────────────────────────────────────────────
  TRANSCRIPT:
  [20:54:59] 🤖 AGENT : Hi, good afternoon...
  [20:54:59] 👤 Caller: Yes, she's at the Northgate campus.
  [20:54:59] 🤖 AGENT : Which branch is Dr. Okafor working out of?
────────────────────────────────────────────────────────────
  Recording: C:\Users\varun\AppData\Local\Temp\realtime-protocol-test\call-20260903-2054-tsid.wav
  JSON     : data/3 cases jsons/call-20260903-2054-tsid.json
════════════════════════════════════════════════════════════

  CONVERSATION SHAPE
    agent turns          2
    of which questions   1
    caller turns         1 (0 of them questions)
    stapled onto answers 0 of 0  (n/a)
    asked twice running  0
    asked twice in a turn 0
    turns stacking moves 0   (longest 1 sentences, 8 words)
    repeated sentences   0
    said twice in a row  0
    spoke over itself    0
    caller turns measured 0 of 1   <- unmeasured turns bypass the hint-echo check

────────────────────────────────────────────────────────
  💰  CALL COST — call-20260903-2054-tsid
      model=gpt-realtime-2  template=forage_data_collection
────────────────────────────────────────────────────────
  Duration         0s (0.0 min), 2 responses
  Audio in                  800 tok  → $0.0256
  Audio in cached             0 tok  → $0.0000
  Audio out               1,600 tok  → $0.1024
  Text in                 2,013 tok  → $0.0081
  Text in cached          1,887 tok  → $0.0008
  Text out                   40 tok  → $0.0010
  Telephony                0.00 min  → $0.0000
────────────────────────────────────────────────────────
  TOTAL                              → $0.1378
  cache hit rate                       40.1%
────────────────────────────────────────────────────────

  [PASS] does NOT ask for a closing while their answer is outstanding  — asking for the goodbye still hangs up on the question — it just says farewell first
  [PASS] and the call is NOT over — they were asked something
  [PASS] the close is deferred, not cancelled — it re-arms when they answer
  [PASS] the grounded branch is still saved

==================================================================
  SCENARIO 6 — caller interrupts mid-sentence
==================================================================
  [PASS] echo gate lets caller audio through while the agent speaks  — REALTIME_ECHO_GATE=drop makes the agent uninterruptible — OpenAI's VAD never sees the audio, so barge-in cannot fire
[Realtime] Connected: gpt-realtime-2
[Realtime] Session configured — template=forage_data_collection voice=cedar
[Realtime] Waiting for Twilio stream start...
[Realtime] Twilio stream started: MZtest (0.00s after the socket opened — Twilio's own handshake)

════════════════════════════════════════════════════════════
  CALL STARTED  20:55:01
  Doctor  : Dr. Jane Okafor
  Hospital: Northside Medical Group
  Call ID : call-20260903-2055-tsid
════════════════════════════════════════════════════════════
  Greeting → Hi, this is David, calling on behalf of Forage AI about a doctor listing, do you know which branch Dr. Okafor works out of?
────────────────────────────────────────────────────────────

[Realtime] Context sent, greeting requested — starting audio loops

[20:55:01] 🤖 AGENT  : Hi, good afternoon...
[Realtime] usage: in_text=1900 (cached 0)  in_audio=400 (cached 0)  out_audio=800  out_text=20  (cap 1500)  [completed]
[Realtime] Greeting done — now listening to caller (OpenAI's audio clock starts 0.00s into ours)
[Recording] Full options rejected (Twilio disabled in tests) — retrying bare
[Realtime] First audio 0.00s after response.create
[Recording] Could not start: Twilio disabled in tests. The local WAV mix will still be written.
[20:55:01] ✋ BARGE-IN  : caller interrupted agent
[Realtime] Truncated to 15ms — the model's context now matches what was heard
[20:55:01] 🔁 REPAIR — they were cut off mid-sentence; telling the agent to restate, not re-ask
[20:55:01] 👤 CALLER : Sorry, she's at the Northgate campus.
[Realtime] usage: in_text=2000 (cached 1887)  in_audio=400 (cached 0)  out_audio=800  out_text=20  (cap 1500)  [completed]
[Realtime] Recording: caller=8000 samples, agent_responses=1, n=8000
  agent block: t=0.07s, dur=0.05s, samples=400
[Realtime] Caller raw RMS per 3s: []

════════════════════════════════════════════════════════════
  CALL ENDED  —  call-20260903-2055-tsid
────────────────────────────────────────────────────────────
  Doctor   : Dr. Jane Okafor
  Hospital : Northside Medical Group
  Duration : 0s
  Result   : ⚠️  NOT RESOLVED — unknown
────────────────────────────────────────────────────────────
  TRANSCRIPT:
  [20:55:01] 🤖 AGENT : Hi, good afternoon...
  [20:55:01] 👤 Caller: Sorry, she's at the Northgate campus.
────────────────────────────────────────────────────────────
  Recording: C:\Users\varun\AppData\Local\Temp\realtime-protocol-test\call-20260903-2055-tsid.wav
  JSON     : data/3 cases jsons/call-20260903-2055-tsid.json
════════════════════════════════════════════════════════════

  CONVERSATION SHAPE
    agent turns          1
    of which questions   0
    caller turns         1 (0 of them questions)
    stapled onto answers 0 of 0  (n/a)
    asked twice running  0
    asked twice in a turn 0
    turns stacking moves 0   (longest 0 sentences, 0 words)
    repeated sentences   0
    said twice in a row  0
    spoke over itself    0
    caller turns measured 0 of 1   <- unmeasured turns bypass the hint-echo check

────────────────────────────────────────────────────────
  💰  CALL COST — call-20260903-2055-tsid
      model=gpt-realtime-2  template=forage_data_collection
────────────────────────────────────────────────────────
  Duration         0s (0.0 min), 2 responses
  Audio in                  800 tok  → $0.0256
  Audio in cached             0 tok  → $0.0000
  Audio out               1,600 tok  → $0.1024
  Text in                 2,013 tok  → $0.0081
  Text in cached          1,887 tok  → $0.0008
  Text out                   40 tok  → $0.0010
  Telephony                0.00 min  → $0.0000
────────────────────────────────────────────────────────
  TOTAL                              → $0.1378
  cache hit rate                       40.1%
────────────────────────────────────────────────────────

  [PASS] barge-in cancels the in-flight response
  [PASS] barge-in also TRUNCATES the item to what was heard
  [PASS] truncate targets the item that was being spoken
  [PASS] audio_end_ms is a sane offset (15ms)

==================================================================
  SCENARIO 6b — the model speaks twice inside ONE response
==================================================================
[Realtime] Connected: gpt-realtime-2
[Realtime] Session configured — template=forage_data_collection voice=cedar
[Realtime] Waiting for Twilio stream start...
[Realtime] Twilio stream started: MZtest (0.00s after the socket opened — Twilio's own handshake)

════════════════════════════════════════════════════════════
  CALL STARTED  20:55:03
  Doctor  : Dr. Jane Okafor
  Hospital: Northside Medical Group
  Call ID : call-20260903-2055-tsid
════════════════════════════════════════════════════════════
  Greeting → Hi, this is David, calling on behalf of Forage AI about a doctor listing, do you know which branch Dr. Okafor works out of?
────────────────────────────────────────────────────────────

[Realtime] Context sent, greeting requested — starting audio loops

[20:55:03] 🤖 AGENT  : Hi, this is David...
[Realtime] usage: in_text=1900 (cached 0)  in_audio=400 (cached 0)  out_audio=800  out_text=20  (cap 1500)  [completed]
[Realtime] Greeting done — now listening to caller (OpenAI's audio clock starts 0.00s into ours)
[Recording] Full options rejected (Twilio disabled in tests) — retrying bare
[20:55:03] 👤 CALLER : Okay, alright, give me a minute, let me pull that up.
[Recording] Could not start: Twilio disabled in tests. The local WAV mix will still be written.
[Realtime] First audio 0.00s after response.create
[Realtime] Reply 0.02s after the caller stopped (0.00s detector + 0.02s think/round-trip)
[Realtime]   ^ stages: vad->resp 0.00s  infer 0.02s   [no tool]

[20:55:03] 🤖 AGENT  : Sure, no rush.
[Realtime] 🔇 second spoken item in one response — holding it back until its transcript says what it is
[Realtime]   ^ it would have said: 'Sure, no rush.'
[Realtime] Flushed agent response: 2 chunks, start=0.01s, dur=0.20s
[Realtime] usage: in_text=2000 (cached 1887)  in_audio=400 (cached 0)  out_audio=800  out_text=20  (cap 1500)  [completed]
[Realtime] Recording: caller=8000 samples, agent_responses=1, n=8000
  agent block: t=0.01s, dur=0.20s, samples=1600
[Realtime] Caller raw RMS per 3s: []

════════════════════════════════════════════════════════════
  CALL ENDED  —  call-20260903-2055-tsid
────────────────────────────────────────────────────────────
  Doctor   : Dr. Jane Okafor
  Hospital : Northside Medical Group
  Duration : 0s
  Result   : ⚠️  NOT RESOLVED — unknown
────────────────────────────────────────────────────────────
  TRANSCRIPT:
  [20:55:03] 🤖 AGENT : Hi, this is David...
  [20:55:03] 👤 Caller: Okay, alright, give me a minute, let me pull that up.
  [20:55:03] 🤖 AGENT : Sure, no rush.
────────────────────────────────────────────────────────────
  Recording: C:\Users\varun\AppData\Local\Temp\realtime-protocol-test\call-20260903-2055-tsid.wav
  JSON     : data/3 cases jsons/call-20260903-2055-tsid.json
════════════════════════════════════════════════════════════

  CONVERSATION SHAPE
    agent turns          2
    of which questions   0
    caller turns         1 (0 of them questions)
    stapled onto answers 0 of 0  (n/a)
    asked twice running  0
    asked twice in a turn 0
    turns stacking moves 0   (longest 1 sentences, 3 words)
    repeated sentences   0
    said twice in a row  0
    spoke over itself    0
    2nd items muted      1   (1 duplicate)
    reply gap            median 0.02s, worst 0.02s (1 turns)
      of which detector  0.00s — measured, then inference plus the round trip
    caller turns measured 0 of 1   <- unmeasured turns bypass the hint-echo check

────────────────────────────────────────────────────────
  💰  CALL COST — call-20260903-2055-tsid
      model=gpt-realtime-2  template=forage_data_collection
────────────────────────────────────────────────────────
  Duration         0s (0.0 min), 2 responses
  Audio in                  800 tok  → $0.0256
  Audio in cached             0 tok  → $0.0000
  Audio out               1,600 tok  → $0.1024
  Text in                 2,013 tok  → $0.0081
  Text in cached          1,887 tok  → $0.0008
  Text out                   40 tok  → $0.0010
  Telephony                0.00 min  → $0.0000
────────────────────────────────────────────────────────
  TOTAL                              → $0.1378
  cache hit rate                       40.1%
────────────────────────────────────────────────────────

  [PASS] only the first item's audio reached the caller (2 of 4 deltas forwarded)  — every delta forwarded means the callee hears it twice, which is what call-20260819-2044 sounded like
  [PASS] the muted item is not recorded as a turn (1x)  — a turn nobody heard must not reach the guards or the metrics
  [PASS] one reply latency recorded for one reply (1)  — not cleared means every delta of every turn records a sample and the median is meaningless
  [PASS] the detector's own wait is inside the gap, not added to it  — the caller waits through it too — it starts when they stop talking, not when OpenAI notices
  [PASS] absurd gaps are rejected, a real one is kept  — list grew by 1, expected 1
  [PASS] what was suppressed is kept for review, and marked as costing nothing ([{'text': 'Sure, no rush.', 'verdict': 'duplicate'}])  — a guard that fires invisibly cannot be checked after the call
  [PASS] a duplicate owes the caller nothing  — nothing was lost, so nothing may be scheduled to be re-said ('')
  [PASS] the repeated line is still never played twice  — held, judged a duplicate, discarded — the caller hears it once
  [PASS] nothing is released and nothing is left held  — []
[Realtime] Connected: gpt-realtime-2
[Realtime] Session configured — template=forage_data_collection voice=cedar
[Realtime] Waiting for Twilio stream start...
[Realtime] Twilio stream started: MZtest (0.00s after the socket opened — Twilio's own handshake)

════════════════════════════════════════════════════════════
  CALL STARTED  20:55:05
  Doctor  : Dr. Jane Okafor
  Hospital: Northside Medical Group
  Call ID : call-20260903-2055-tsid
════════════════════════════════════════════════════════════
  Greeting → Hi, this is David, calling on behalf of Forage AI about a doctor listing, do you know which branch Dr. Okafor works out of?
────────────────────────────────────────────────────────────

[Realtime] Context sent, greeting requested — starting audio loops

[20:55:05] 🤖 AGENT  : Hi, this is David...
[Realtime] usage: in_text=1900 (cached 0)  in_audio=400 (cached 0)  out_audio=800  out_text=20  (cap 1500)  [completed]
[Realtime] Greeting done — now listening to caller (OpenAI's audio clock starts 0.00s into ours)
[Recording] Full options rejected (Twilio disabled in tests) — retrying bare
[Recording] Could not start: Twilio disabled in tests. The local WAV mix will still be written.
[20:55:05] 👤 CALLER : Okay, alright, give me a minute, let me pull that up.
[Realtime] First audio 0.00s after response.create
[Realtime] Reply 0.00s after the caller stopped (0.00s detector + 0.00s think/round-trip)
[Realtime]   ^ stages: vad->resp 0.00s  infer 0.00s   [no tool]

[20:55:05] 🤖 AGENT  : Sure, no rush.
[Realtime] 🔇 second spoken item in one response — holding it back until its transcript says what it is
[Realtime]   ^ it would have said: 'Of course, take your time.'
[Realtime]   ^ ✅ that is new substance, not a repeat — releasing the audio we held, so they DO hear it

[20:55:05] 🤖 AGENT  : Of course, take your time.
[Realtime] Flushed agent response: 4 chunks, start=0.01s, dur=0.40s
[Realtime] usage: in_text=2000 (cached 1887)  in_audio=400 (cached 0)  out_audio=800  out_text=20  (cap 1500)  [completed]
[Realtime] Recording: caller=8000 samples, agent_responses=1, n=8000
  agent block: t=0.01s, dur=0.40s, samples=3200
[Realtime] Caller raw RMS per 3s: []

════════════════════════════════════════════════════════════
  CALL ENDED  —  call-20260903-2055-tsid
────────────────────────────────────────────────────────────
  Doctor   : Dr. Jane Okafor
  Hospital : Northside Medical Group
  Duration : 0s
  Result   : ⚠️  NOT RESOLVED — unknown
────────────────────────────────────────────────────────────
  TRANSCRIPT:
  [20:55:05] 🤖 AGENT : Hi, this is David...
  [20:55:05] 👤 Caller: Okay, alright, give me a minute, let me pull that up.
  [20:55:05] 🤖 AGENT : Of course, take your time.
────────────────────────────────────────────────────────────
  Recording: C:\Users\varun\AppData\Local\Temp\realtime-protocol-test\call-20260903-2055-tsid.wav
  JSON     : data/3 cases jsons/call-20260903-2055-tsid.json
════════════════════════════════════════════════════════════

  CONVERSATION SHAPE
    agent turns          2
    of which questions   0
    caller turns         1 (0 of them questions)
    stapled onto answers 0 of 0  (n/a)
    asked twice running  0
    asked twice in a turn 0
    turns stacking moves 0   (longest 1 sentences, 5 words)
    repeated sentences   0
    said twice in a row  0
    spoke over itself    1   <- agent turns with no caller speech between them
    reply gap            median 0.00s, worst 0.00s (1 turns)
      of which detector  0.00s — measured, then inference plus the round trip
    caller turns measured 0 of 1   <- unmeasured turns bypass the hint-echo check

────────────────────────────────────────────────────────
  💰  CALL COST — call-20260903-2055-tsid
      model=gpt-realtime-2  template=forage_data_collection
────────────────────────────────────────────────────────
  Duration         0s (0.0 min), 2 responses
  Audio in                  800 tok  → $0.0256
  Audio in cached             0 tok  → $0.0000
  Audio out               1,600 tok  → $0.1024
  Text in                 2,013 tok  → $0.0081
  Text in cached          1,887 tok  → $0.0008
  Text out                   40 tok  → $0.0010
  Telephony                0.00 min  → $0.0000
────────────────────────────────────────────────────────
  TOTAL                              → $0.1378
  cache hit rate                       40.1%
────────────────────────────────────────────────────────

  [PASS] a second item carrying NEW substance now reaches the caller  — item_one's two frames plus item_two's two, released after the transcript said it was not a repeat
  [PASS] and it is recorded as RELEASED, not suppressed ([{'text': 'Of course, take your time.'}])
  [PASS] it is NOT also filed as dropped - the caller heard it ([])  — an artifact that says both is an artifact nobody can read
  [PASS] and nothing is owed, because nothing was lost ('')  — the owed-substance recovery is what the livelock ran on; released audio never enters it
  [PASS] the released item becomes an agent turn like any other  — ['Hi, this is David...', 'Sure, no rush.', 'Of course, take your time.']
  [PASS] and the hold buffer is empty once the response is done  — []
[Realtime] Connected: gpt-realtime-2
[Realtime] Session configured — template=forage_data_collection voice=cedar
[Realtime] Waiting for Twilio stream start...
[Realtime] Twilio stream started: MZtest (0.00s after the socket opened — Twilio's own handshake)

════════════════════════════════════════════════════════════
  CALL STARTED  20:55:06
  Doctor  : Dr. Jane Okafor
  Hospital: Northside Medical Group
  Call ID : call-20260903-2055-tsid
════════════════════════════════════════════════════════════
  Greeting → Hi, this is David, calling on behalf of Forage AI about a doctor listing, do you know which branch Dr. Okafor works out of?
────────────────────────────────────────────────────────────

[Realtime] Context sent, greeting requested — starting audio loops

[20:55:06] 🤖 AGENT  : Hi, this is David...
[Realtime] usage: in_text=1900 (cached 0)  in_audio=400 (cached 0)  out_audio=800  out_text=20  (cap 1500)  [completed]
[Realtime] Greeting done — now listening to caller (OpenAI's audio clock starts 0.00s into ours)
[Recording] Full options rejected (Twilio disabled in tests) — retrying bare
[Realtime] First audio 0.00s after response.create
[Recording] Could not start: Twilio disabled in tests. The local WAV mix will still be written.

[20:55:06] 🤖 AGENT  : Sure, no rush.
[Realtime] 🔇 second spoken item in one response — holding it back until its transcript says what it is
[20:55:06] ✋ BARGE-IN  : caller interrupted agent
[Realtime] 🔇 held second item discarded — the caller interrupted
[Realtime] Truncated to 0ms — the model's context now matches what was heard
[20:55:06] ✋ BARGE-IN  : cancelled by OpenAI's VAD (audio_out=800 tok)
[Realtime] usage: in_text=1900 (cached 0)  in_audio=400 (cached 0)  out_audio=800  out_text=20  (cap 1500)  [cancelled]
[20:55:06] 🔁 REPAIR — they were cut off mid-sentence; telling the agent to restate, not re-ask
[20:55:06] 👤 CALLER : Sorry, go on.
[Realtime] Recording: caller=8000 samples, agent_responses=1, n=8000
  agent block: t=0.01s, dur=0.20s, samples=1600
[Realtime] Caller raw RMS per 3s: []

════════════════════════════════════════════════════════════
  CALL ENDED  —  call-20260903-2055-tsid
────────────────────────────────────────────────────────────
  Doctor   : Dr. Jane Okafor
  Hospital : Northside Medical Group
  Duration : 0s
  Result   : ⚠️  NOT RESOLVED — unknown
────────────────────────────────────────────────────────────
  TRANSCRIPT:
  [20:55:06] 🤖 AGENT : Sure, no rush.
  [20:55:06] 👤 Caller: Sorry, go on.
────────────────────────────────────────────────────────────
  Recording: C:\Users\varun\AppData\Local\Temp\realtime-protocol-test\call-20260903-2055-tsid.wav
  JSON     : data/3 cases jsons/call-20260903-2055-tsid.json
════════════════════════════════════════════════════════════

  CONVERSATION SHAPE
    agent turns          1
    of which questions   0
    caller turns         1 (0 of them questions)
    stapled onto answers 0 of 0  (n/a)
    asked twice running  0
    asked twice in a turn 0
    turns stacking moves 0   (longest 0 sentences, 0 words)
    repeated sentences   0
    said twice in a row  0
    spoke over itself    1   <- agent turns with no caller speech between them
    caller turns measured 0 of 1   <- unmeasured turns bypass the hint-echo check

────────────────────────────────────────────────────────
  💰  CALL COST — call-20260903-2055-tsid
      model=gpt-realtime-2  template=forage_data_collection
────────────────────────────────────────────────────────
  Duration         0s (0.0 min), 2 responses
  Audio in                  800 tok  → $0.0256
  Audio in cached             0 tok  → $0.0000
  Audio out               1,600 tok  → $0.1024
  Text in                 3,800 tok  → $0.0152
  Text in cached              0 tok  → $0.0000
  Text out                   40 tok  → $0.0010
  Telephony                0.00 min  → $0.0000
────────────────────────────────────────────────────────
  TOTAL                              → $0.1442
  cache hit rate                       0.0%
────────────────────────────────────────────────────────

  [PASS] held audio is NOT played once the caller has barged in  — item_one's two frames reached them; item_two's never do
  [PASS] nothing is recorded as released ([])
  [PASS] and the buffer is emptied rather than left for the next response ([])  — a buffer that survives its response is audio from a cancelled turn arriving inside a later one
[Realtime] 🔇 held second item discarded — test
  [PASS] _drop_held_items clears the buffer and the pending release
  [PASS] the hold is bounded (400 chunks)  — past it an item degrades to the old behaviour rather than growing without bound on a model that will not stop talking
  [PASS] flushing an item with nothing held plays nothing and returns 0  — the capped-out and barged-over cases both arrive here
  [PASS] the first attempt at owed substance is allowed  — refusing at zero deletes the recovery this whole path exists for
  [PASS] the same sentence is refused after 2 attempts that were muted  — unbounded is the livelock: every retry looked like the first
  [PASS] a sentence never tried is still refused once the call has spent 3 recoveries  — per-text counting alone never matches a regenerated sentence, so the loop survives it

==================================================================
  SCENARIO 6e — how long from picking up to hearing a voice
==================================================================
[Realtime] Connected: gpt-realtime-2
[Realtime] Session configured — template=forage_data_collection voice=cedar
[Realtime] Waiting for Twilio stream start...
[Realtime] Twilio stream started: MZtest (0.00s after the socket opened — Twilio's own handshake)

════════════════════════════════════════════════════════════
  CALL STARTED  20:55:08
  Doctor  : Dr. Jane Okafor
  Hospital: Northside Medical Group
  Call ID : call-20260903-2055-tsid
════════════════════════════════════════════════════════════
  Greeting → Hi, this is David, calling on behalf of Forage AI about a doctor listing, do you know which branch Dr. Okafor works out of?
────────────────────────────────────────────────────────────

[Realtime] Context sent, greeting requested — starting audio loops

[20:55:08] 🤖 AGENT  : Hi, this is David...
[Realtime] usage: in_text=1900 (cached 0)  in_audio=400 (cached 0)  out_audio=800  out_text=20  (cap 1500)  [completed]
[Realtime] Greeting done — now listening to caller (OpenAI's audio clock starts 0.00s into ours)
[Recording] Full options rejected (Twilio disabled in tests) — retrying bare
[Recording] Could not start: Twilio disabled in tests. The local WAV mix will still be written.
[20:55:08] 👤 CALLER : Okay, alright, give me a minute, let me pull that up.
[Realtime] First audio 0.05s after response.create
[Realtime] 📞 Greeting 3.19s after they picked up (3.14s Twilio setup + 0.05s to first audio)
[Realtime] Reply 0.03s after the caller stopped (0.00s detector + 0.03s think/round-trip)
[Realtime]   ^ stages: vad->resp 0.02s  infer 0.02s   [no tool]

[20:55:08] 🤖 AGENT  : Sure, no rush.
[Realtime] 🔇 second spoken item in one response — holding it back until its transcript says what it is
[Realtime]   ^ it would have said: 'Sure, no rush.'
[Realtime] Flushed agent response: 2 chunks, start=0.09s, dur=0.20s
[Realtime] usage: in_text=2000 (cached 1887)  in_audio=400 (cached 0)  out_audio=800  out_text=20  (cap 1500)  [completed]
[Realtime] Recording: caller=8000 samples, agent_responses=1, n=8000
  agent block: t=0.09s, dur=0.20s, samples=1600
[Realtime] Caller raw RMS per 3s: []

════════════════════════════════════════════════════════════
  CALL ENDED  —  call-20260903-2055-tsid
────────────────────────────────────────────────────────────
  Doctor   : Dr. Jane Okafor
  Hospital : Northside Medical Group
  Duration : 0s
  Result   : ⚠️  NOT RESOLVED — unknown
────────────────────────────────────────────────────────────
  TRANSCRIPT:
  [20:55:08] 🤖 AGENT : Hi, this is David...
  [20:55:08] 👤 Caller: Okay, alright, give me a minute, let me pull that up.
  [20:55:08] 🤖 AGENT : Sure, no rush.
────────────────────────────────────────────────────────────
  Recording: C:\Users\varun\AppData\Local\Temp\realtime-protocol-test\call-20260903-2055-tsid.wav
  JSON     : data/3 cases jsons/call-20260903-2055-tsid.json
════════════════════════════════════════════════════════════

  CONVERSATION SHAPE
    agent turns          2
    of which questions   0
    caller turns         1 (0 of them questions)
    stapled onto answers 0 of 0  (n/a)
    asked twice running  0
    asked twice in a turn 0
    turns stacking moves 0   (longest 1 sentences, 3 words)
    repeated sentences   0
    said twice in a row  0
    spoke over itself    0
    2nd items muted      1   (1 duplicate)
    pickup -> greeting   3.19s   <- dead air before the agent says anything
    reply gap            median 0.03s, worst 0.03s (1 turns)
      of which detector  0.00s — measured, then inference plus the round trip
    caller turns measured 0 of 1   <- unmeasured turns bypass the hint-echo check

────────────────────────────────────────────────────────
  💰  CALL COST — call-20260903-2055-tsid
      model=gpt-realtime-2  template=forage_data_collection
────────────────────────────────────────────────────────
  Duration         0s (0.0 min), 2 responses
  Audio in                  800 tok  → $0.0256
  Audio in cached             0 tok  → $0.0000
  Audio out               1,600 tok  → $0.1024
  Text in                 2,013 tok  → $0.0081
  Text in cached          1,887 tok  → $0.0008
  Text out                   40 tok  → $0.0010
  Telephony                0.00 min  → $0.0000
────────────────────────────────────────────────────────
  TOTAL                              → $0.1378
  cache hit rate                       40.1%
────────────────────────────────────────────────────────

  [PASS] pickup-to-greeting is measured (3.19)  — the one figure the 'why is it slow to say hello' question is about
  [PASS] and it counts the setup BEFORE response.create (3.19s from a 2.5s-old pickup)  — measuring only from our own request is what hid this
[Realtime] Connected: gpt-realtime-2
[Realtime] Session configured — template=forage_data_collection voice=cedar
[Realtime] Waiting for Twilio stream start...
[Realtime] Twilio stream started: MZtest (0.00s after the socket opened — Twilio's own handshake)

════════════════════════════════════════════════════════════
  CALL STARTED  20:55:09
  Doctor  : Dr. Jane Okafor
  Hospital: Northside Medical Group
  Call ID : call-20260903-2055-tsid
════════════════════════════════════════════════════════════
  Greeting → Hi, this is David, calling on behalf of Forage AI about a doctor listing, do you know which branch Dr. Okafor works out of?
────────────────────────────────────────────────────────────

[Realtime] Context sent, greeting requested — starting audio loops

[20:55:09] 🤖 AGENT  : Hi, this is David...
[Realtime] usage: in_text=1900 (cached 0)  in_audio=400 (cached 0)  out_audio=800  out_text=20  (cap 1500)  [completed]
[Realtime] Greeting done — now listening to caller (OpenAI's audio clock starts 0.00s into ours)
[Recording] Full options rejected (Twilio disabled in tests) — retrying bare
[Recording] Could not start: Twilio disabled in tests. The local WAV mix will still be written.
[20:55:09] 👤 CALLER : Okay, alright, give me a minute, let me pull that up.
[Realtime] First audio 0.00s after response.create
[Realtime] Reply 0.00s after the caller stopped (0.00s detector + 0.00s think/round-trip)
[Realtime]   ^ stages: vad->resp 0.00s  infer 0.00s   [no tool]

[20:55:09] 🤖 AGENT  : Sure, no rush.
[Realtime] 🔇 second spoken item in one response — holding it back until its transcript says what it is
[Realtime]   ^ it would have said: 'Sure, no rush.'
[Realtime] Flushed agent response: 2 chunks, start=0.01s, dur=0.20s
[Realtime] usage: in_text=2000 (cached 1887)  in_audio=400 (cached 0)  out_audio=800  out_text=20  (cap 1500)  [completed]
[Realtime] Recording: caller=8000 samples, agent_responses=1, n=8000
  agent block: t=0.01s, dur=0.20s, samples=1600
[Realtime] Caller raw RMS per 3s: []

════════════════════════════════════════════════════════════
  CALL ENDED  —  call-20260903-2055-tsid
────────────────────────────────────────────────────────────
  Doctor   : Dr. Jane Okafor
  Hospital : Northside Medical Group
  Duration : 0s
  Result   : ⚠️  NOT RESOLVED — unknown
────────────────────────────────────────────────────────────
  TRANSCRIPT:
  [20:55:09] 🤖 AGENT : Hi, this is David...
  [20:55:09] 👤 Caller: Okay, alright, give me a minute, let me pull that up.
  [20:55:09] 🤖 AGENT : Sure, no rush.
────────────────────────────────────────────────────────────
  Recording: C:\Users\varun\AppData\Local\Temp\realtime-protocol-test\call-20260903-2055-tsid.wav
  JSON     : data/3 cases jsons/call-20260903-2055-tsid.json
════════════════════════════════════════════════════════════

  CONVERSATION SHAPE
    agent turns          2
    of which questions   0
    caller turns         1 (0 of them questions)
    stapled onto answers 0 of 0  (n/a)
    asked twice running  0
    asked twice in a turn 0
    turns stacking moves 0   (longest 1 sentences, 3 words)
    repeated sentences   0
    said twice in a row  0
    spoke over itself    0
    2nd items muted      1   (1 duplicate)
    reply gap            median 0.00s, worst 0.00s (1 turns)
      of which detector  0.00s — measured, then inference plus the round trip
    caller turns measured 0 of 1   <- unmeasured turns bypass the hint-echo check

────────────────────────────────────────────────────────
  💰  CALL COST — call-20260903-2055-tsid
      model=gpt-realtime-2  template=forage_data_collection
────────────────────────────────────────────────────────
  Duration         0s (0.0 min), 2 responses
  Audio in                  800 tok  → $0.0256
  Audio in cached             0 tok  → $0.0000
  Audio out               1,600 tok  → $0.1024
  Text in                 2,013 tok  → $0.0081
  Text in cached          1,887 tok  → $0.0008
  Text out                   40 tok  → $0.0010
  Telephony                0.00 min  → $0.0000
────────────────────────────────────────────────────────
  TOTAL                              → $0.1378
  cache hit rate                       40.1%
────────────────────────────────────────────────────────

  [PASS] absent, not guessed, when the pickup was never timed (None)

==================================================================
  SCENARIO 6d — a failed response records its reason
==================================================================
[Realtime] Connected: gpt-realtime-2
[Realtime] Session configured — template=forage_data_collection voice=cedar
[Realtime] Waiting for Twilio stream start...
[Realtime] Twilio stream started: MZtest (0.00s after the socket opened — Twilio's own handshake)

════════════════════════════════════════════════════════════
  CALL STARTED  20:55:11
  Doctor  : Dr. Jane Okafor
  Hospital: Northside Medical Group
  Call ID : call-20260903-2055-tsid
════════════════════════════════════════════════════════════
  Greeting → Hi, this is David, calling on behalf of Forage AI about a doctor listing, do you know which branch Dr. Okafor works out of?
────────────────────────────────────────────────────────────

[Realtime] Context sent, greeting requested — starting audio loops

[20:55:11] 🤖 AGENT  : Hi, this is David...
[Realtime] usage: in_text=1900 (cached 0)  in_audio=400 (cached 0)  out_audio=800  out_text=20  (cap 1500)  [completed]
[Realtime] Greeting done — now listening to caller (OpenAI's audio clock starts 0.00s into ours)
[Recording] Full options rejected (Twilio disabled in tests) — retrying bare
[20:55:11] 👤 CALLER : Sorry, who is this?
[Realtime] Caller asked who is speaking — telling the agent to answer it first
[Realtime] ⚠️  response failed: Conversation already has an active response
[Realtime] usage: in_text=2000 (cached 1887)  in_audio=400 (cached 0)  out_audio=800  out_text=20  (cap 1500)  [failed]
[Recording] Could not start: Twilio disabled in tests. The local WAV mix will still be written.
[Realtime] Recording: caller=8000 samples, agent_responses=0, n=8000
[Realtime] Caller raw RMS per 3s: []

════════════════════════════════════════════════════════════
  CALL ENDED  —  call-20260903-2055-tsid
────────────────────────────────────────────────────────────
  Doctor   : Dr. Jane Okafor
  Hospital : Northside Medical Group
  Duration : 0s
  Result   : ⚠️  NOT RESOLVED — unknown
────────────────────────────────────────────────────────────
  TRANSCRIPT:
  [20:55:11] 🤖 AGENT : Hi, this is David...
  [20:55:11] 👤 Caller: Sorry, who is this?
────────────────────────────────────────────────────────────
  Recording: C:\Users\varun\AppData\Local\Temp\realtime-protocol-test\call-20260903-2055-tsid.wav
  JSON     : data/3 cases jsons/call-20260903-2055-tsid.json
════════════════════════════════════════════════════════════

  CONVERSATION SHAPE
    agent turns          1
    of which questions   0
    caller turns         1 (1 of them questions)
    stapled onto answers 0 of 1  (0%)
    asked twice running  0
    asked twice in a turn 0
    turns stacking moves 0   (longest 0 sentences, 0 words)
    repeated sentences   0
    said twice in a row  0
    spoke over itself    0
    responses failed     1   <- each one is dead air on the line
        1x  Conversation already has an active response
    caller turns measured 0 of 1   <- unmeasured turns bypass the hint-echo check

────────────────────────────────────────────────────────
  💰  CALL COST — call-20260903-2055-tsid
      model=gpt-realtime-2  template=forage_data_collection
────────────────────────────────────────────────────────
  Duration         0s (0.0 min), 2 responses
  Audio in                  800 tok  → $0.0256
  Audio in cached             0 tok  → $0.0000
  Audio out               1,600 tok  → $0.1024
  Text in                 2,013 tok  → $0.0081
  Text in cached          1,887 tok  → $0.0008
  Text out                   40 tok  → $0.0010
  Telephony                0.00 min  → $0.0000
────────────────────────────────────────────────────────
  TOTAL                              → $0.1378
  cache hit rate                       40.1%
────────────────────────────────────────────────────────

  [PASS] the failure is recorded (1)  — seven of these produced four stretches of 8-11s dead air and the reason was in the event the whole time
  [PASS] status kept ('failed')
  [PASS] the REASON is kept, not just the status ('Conversation already has an active response')  — 'a response failed' is not diagnosable; 'the conversation already had one' is
[Realtime] Connected: gpt-realtime-2
[Realtime] Session configured — template=forage_data_collection voice=cedar
[Realtime] Waiting for Twilio stream start...
[Realtime] Twilio stream started: MZtest (0.00s after the socket opened — Twilio's own handshake)

════════════════════════════════════════════════════════════
  CALL STARTED  20:55:12
  Doctor  : Dr. Jane Okafor
  Hospital: Northside Medical Group
  Call ID : call-20260903-2055-tsid
════════════════════════════════════════════════════════════
  Greeting → Hi, this is David, calling on behalf of Forage AI about a doctor listing, do you know which branch Dr. Okafor works out of?
────────────────────────────────────────────────────────────

[Realtime] Context sent, greeting requested — starting audio loops

[20:55:12] 🤖 AGENT  : Hi, good afternoon - this is an automated assistant calling from Forage AI...
[20:55:12] ⚠️  FALSE EMPLOYMENT CLAIM — said it is from/with/at Forage AI, not on their behalf
[Realtime] usage: in_text=1900 (cached 0)  in_audio=400 (cached 0)  out_audio=800  out_text=20  (cap 1500)  [completed]
[Realtime] Greeting done — now listening to caller (OpenAI's audio clock starts 0.00s into ours)
[Recording] Full options rejected (Twilio disabled in tests) — retrying bare
[20:55:12] 👤 CALLER : Yes, this is Northside.

[20:55:12] 🤖 AGENT  : Great - which location is Dr. Okafor practicing at?
[Recording] Could not start: Twilio disabled in tests. The local WAV mix will still be written.
[Realtime] usage: in_text=2000 (cached 1887)  in_audio=400 (cached 0)  out_audio=800  out_text=20  (cap 1500)  [completed]
[20:55:12] 👤 CALLER : She's at the Northgate campus.
[Realtime] Ask budget reset — caller named a place (was unanswered=0 no-progress=1 give_up=False)
[Realtime] 🎯 outcome=complete  collected=branch

[20:55:12] ✅ BRANCH SAVED   : {'branch': 'Northgate Campus'}

[20:55:12] 🤖 AGENT  : Perfect, thank you so much. Have a great day!
[Realtime] usage: in_text=2000 (cached 1887)  in_audio=400 (cached 0)  out_audio=800  out_text=20  (cap 1500)  [completed]
[Realtime] Recording: caller=8000 samples, agent_responses=0, n=8000
[Realtime] Caller raw RMS per 3s: []

════════════════════════════════════════════════════════════
  CALL ENDED  —  call-20260903-2055-tsid
────────────────────────────────────────────────────────────
  Doctor   : Dr. Jane Okafor
  Hospital : Northside Medical Group
  Duration : 0s
  Result   : ✅ RESOLVED — Branch: Northgate Campus
────────────────────────────────────────────────────────────
  TRANSCRIPT:
  [20:55:12] 🤖 AGENT : Hi, good afternoon - this is an automated assistant calling from Forage AI...
  [20:55:12] 👤 Caller: Yes, this is Northside.
  [20:55:12] 🤖 AGENT : Great - which location is Dr. Okafor practicing at?
  [20:55:12] 👤 Caller: She's at the Northgate campus.
  [20:55:12] 🤖 AGENT : Perfect, thank you so much. Have a great day!
────────────────────────────────────────────────────────────
  Recording: C:\Users\varun\AppData\Local\Temp\realtime-protocol-test\call-20260903-2055-tsid.wav
  JSON     : data/3 cases jsons/call-20260903-2055-tsid.json
════════════════════════════════════════════════════════════

  CONVERSATION SHAPE
    agent turns          3
    of which questions   1
    caller turns         2 (0 of them questions)
    stapled onto answers 0 of 0  (n/a)
    asked twice running  0
    asked twice in a turn 0
    turns stacking moves 0   (longest 2 sentences, 9 words)
    repeated sentences   0
    said twice in a row  0
    spoke over itself    0
    caller turns measured 0 of 2   <- unmeasured turns bypass the hint-echo check
    ⚠️  FALSE EMPLOYMENT CLAIM made on this call

────────────────────────────────────────────────────────
  💰  CALL COST — call-20260903-2055-tsid
      model=gpt-realtime-2  template=forage_data_collection
────────────────────────────────────────────────────────
  Duration         0s (0.0 min), 3 responses
  Audio in                1,200 tok  → $0.0384
  Audio in cached             0 tok  → $0.0000
  Audio out               2,400 tok  → $0.1536
  Text in                 2,126 tok  → $0.0085
  Text in cached          3,774 tok  → $0.0015
  Text out                   60 tok  → $0.0014
  Telephony                0.00 min  → $0.0000
────────────────────────────────────────────────────────
  TOTAL                              → $0.2035
  cache hit rate                       53.2%
────────────────────────────────────────────────────────

  [PASS] a clean call records no failures ([])

==================================================================
  SCENARIO 6c — the caller screens the call, and gets hung up on
==================================================================
  [PASS] vetting=True  "This is Northside Medical Group and I'm Varun. Sorry"
  [PASS] vetting=True  'Um, is this about a patient or something urgent?'
  [PASS] vetting=True  'Is this about patient related?'
  [PASS] vetting=True  'How can I help you?'
  [PASS] vetting=True  'What can I do for you?'
  [PASS] vetting=True  "What's this regarding?"
  [PASS] vetting=True  'Are you a real person or is this a recording?'
  [PASS] vetting=False "She's at the Mission Bay Clinic."
  [PASS] vetting=False 'Which one — the Mission Bay clinic?'
  [PASS] vetting=False "It's 1825 4th Street."
  [PASS] vetting=False 'She works at Northgate campus.'
  [PASS] vetting=False "No, I can't give that out."
  [PASS] vetting=False "We don't share that information."
  [PASS] vetting=False 'Sure, let me check our schedule.'
  [PASS] invitation=True  'How can I help you?'
  [PASS] invitation=True  'What can I do for you?'
  [PASS] invitation=True  'What do you need?'
  [PASS] invitation=True  'Go ahead.'
  [PASS] invitation=False "Who's calling?"
  [PASS] invitation=False 'Is this about a patient?'
  [PASS] invitation=False "She's at Mission Bay."
[Realtime] Connected: gpt-realtime-2
[Realtime] Session configured — template=forage_data_collection voice=cedar
[Realtime] Waiting for Twilio stream start...
[Realtime] Twilio stream started: MZtest (0.00s after the socket opened — Twilio's own handshake)

════════════════════════════════════════════════════════════
  CALL STARTED  20:55:13
  Doctor  : Dr. Jane Okafor
  Hospital: Northside Medical Group
  Call ID : call-20260903-2055-tsid
════════════════════════════════════════════════════════════
  Greeting → Hi, this is David, calling on behalf of Forage AI about a doctor listing, do you know which branch Dr. Okafor works out of?
────────────────────────────────────────────────────────────

[Realtime] Context sent, greeting requested — starting audio loops

[20:55:13] 🤖 AGENT  : Hi, this is David, calling on behalf of Definitive Healthcare about a doctor listing, do you know which branch Dr. Okafor works out of?
[Realtime] usage: in_text=1900 (cached 0)  in_audio=400 (cached 0)  out_audio=800  out_text=20  (cap 1500)  [completed]
[Realtime] Greeting done — now listening to caller (OpenAI's audio clock starts 0.00s into ours)
[Recording] Full options rejected (Twilio disabled in tests) — retrying bare
[20:55:13] 👤 CALLER : This is Northside Medical Group and I'm Varun. Sorry, who's calling again?
[Realtime] Caller asked who is speaking — telling the agent to answer it first

[20:55:13] 🤖 AGENT  : Yeah, this is David, calling on behalf of Definitive Healthcare — do you know which branch Dr. Okafor works out of?
[Realtime] They asked a question back rather than answering (1/3) — spending nothing (unanswered=0/4, no-progress=1/8)
[Realtime] Re-asked 0.0s after the last ask — telling the agent to give them room
[Recording] Could not start: Twilio disabled in tests. The local WAV mix will still be written.
[Realtime] usage: in_text=2000 (cached 1887)  in_audio=400 (cached 0)  out_audio=800  out_text=20  (cap 1500)  [completed]
[20:55:13] 👤 CALLER : Um, is this about a patient or something urgent?
[Realtime] Caller asked if this concerns a patient — telling the agent to say NO explicitly

[20:55:13] 🤖 AGENT  : No, nothing urgent — I'm just trying to find out do you know which branch Dr. Okafor works out of?
[Realtime] They asked a question back rather than answering (2/3) — spending nothing (unanswered=0/4, no-progress=1/8)
[Realtime] usage: in_text=2000 (cached 1887)  in_audio=400 (cached 0)  out_audio=800  out_text=20  (cap 1500)  [completed]
[20:55:13] 👤 CALLER : Is this about patient related?

[20:55:13] 🤖 AGENT  : No, there's no patient involved — do you know which branch Dr. Okafor works out of?
[Realtime] They asked a question back rather than answering (3/3) — spending nothing (unanswered=0/4, no-progress=1/8)
[Realtime] 🗣  Asked in the SAME WORDS again: 'do you know which branch dr. okafor works out of' — telling the agent to stop stapling it on
[Realtime] usage: in_text=2000 (cached 1887)  in_audio=400 (cached 0)  out_audio=800  out_text=20  (cap 1500)  [completed]
[20:55:13] 👤 CALLER : How can I help you?
[Realtime] 🎁 they offered — telling the agent to spend it now: 'How can I help you?'
[Realtime] Ask budget reset — escalation blocked — caller is engaging (was unanswered=0 no-progress=1 give_up=False)

[20:55:13] 🚪 ESCALATION BLOCKED — caller asked what you need: 'How can I help you?'
[Realtime] usage: in_text=2000 (cached 1887)  in_audio=400 (cached 0)  out_audio=800  out_text=20  (cap 1500)  [completed]
[Realtime] Recording: caller=8000 samples, agent_responses=0, n=8000
[Realtime] Caller raw RMS per 3s: []

════════════════════════════════════════════════════════════
  CALL ENDED  —  call-20260903-2055-tsid
────────────────────────────────────────────────────────────
  Doctor   : Dr. Jane Okafor
  Hospital : Northside Medical Group
  Duration : 0s
  Result   : ⚠️  NOT RESOLVED — unknown
────────────────────────────────────────────────────────────
  TRANSCRIPT:
  [20:55:13] 🤖 AGENT : Hi, this is David, calling on behalf of Definitive Healthcare about a doctor listing, do you know which branch Dr. Okafor works out of?
  [20:55:13] 👤 Caller: This is Northside Medical Group and I'm Varun. Sorry, who's calling again?
  [20:55:13] 🤖 AGENT : Yeah, this is David, calling on behalf of Definitive Healthcare — do you know which branch Dr. Okafor works out of?
  [20:55:13] 👤 Caller: Um, is this about a patient or something urgent?
  [20:55:13] 🤖 AGENT : No, nothing urgent — I'm just trying to find out do you know which branch Dr. Okafor works out of?
  [20:55:13] 👤 Caller: Is this about patient related?
  [20:55:13] 🤖 AGENT : No, there's no patient involved — do you know which branch Dr. Okafor works out of?
  [20:55:13] 👤 Caller: How can I help you?
────────────────────────────────────────────────────────────
  Recording: C:\Users\varun\AppData\Local\Temp\realtime-protocol-test\call-20260903-2055-tsid.wav
  JSON     : data/3 cases jsons/call-20260903-2055-tsid.json
════════════════════════════════════════════════════════════

  CONVERSATION SHAPE
    agent turns          4
    of which questions   4
    caller turns         4 (4 of them questions)
    stapled onto answers 3 of 4  (75%)
    asked twice running  0
    asked twice in a turn 0
    turns stacking moves 0   (longest 1 sentences, 21 words)
    repeated sentences   1   <- this is the one that correlates with a bad call
    said twice in a row  0
    spoke over itself    0
    caller turns measured 0 of 4   <- unmeasured turns bypass the hint-echo check

────────────────────────────────────────────────────────
  💰  CALL COST — call-20260903-2055-tsid
      model=gpt-realtime-2  template=forage_data_collection
────────────────────────────────────────────────────────
  Duration         0s (0.0 min), 5 responses
  Audio in                2,000 tok  → $0.0640
  Audio in cached             0 tok  → $0.0000
  Audio out               4,000 tok  → $0.2560
  Text in                 2,352 tok  → $0.0094
  Text in cached          7,548 tok  → $0.0030
  Text out                  100 tok  → $0.0024
  Telephony                0.00 min  → $0.0000
────────────────────────────────────────────────────────
  TOTAL                              → $0.3348
  cache hit rate                       63.4%
────────────────────────────────────────────────────────

  [PASS] the call is NOT escalated after 'How can I help you?' (None)  — they offered to help and the agent closed the call on it
  [PASS] escalate is REFUSED at the tool, not just un-flagged  — the give-up directive is already in the model's context by then — clearing a flag cannot unsay it
  [PASS] asking in the identical clause again is caught while the call runs  — 7 directives sent, none about the wording
  [PASS] and it is said once, not on every subsequent ask  — a nudge repeated every turn is the same noise it is complaining about
  [PASS] every give-up marker really appears in the directive it stands for  — otherwise the absence check below asserts nothing
  [PASS] every trigger is covered — one marker cannot vouch for another  — ['no_progress', 'no_response', 'refused', 'unanswered']
  [PASS] the budget did not burn on four screening questions  — a front desk asking who you are is doing its job, not refusing
  [PASS] vetting exemption is bounded (3)
  [PASS] a lone vetting turn is recognised by the since-helper
  [PASS] one real answer in the run ends the exemption  — otherwise an answered call would never advance the budget

==================================================================
  METRICS — a verbatim repeat must not be tidied away
==================================================================
  [PASS] three-word verbatim repeat is counted (1)  — repeated_sentences has a >=4-word floor, so 'Sure, no rush.' scored zero on the call where the live detector had already flagged it
  [PASS] a caller turn in between does not excuse a verbatim repeat  — the live detector fires here, so the metric must agree with it
  [PASS] the same phrase with another turn between is NOT counted  — otherwise every 'Got it.' in a call reads as a defect
  [PASS] case and trailing punctuation do not hide a repeat
[Realtime] Connected: gpt-realtime-2
[Realtime] Session configured — template=forage_data_collection voice=cedar
[Realtime] Waiting for Twilio stream start...
[Realtime] Twilio stream started: MZtest (0.00s after the socket opened — Twilio's own handshake)

════════════════════════════════════════════════════════════
  CALL STARTED  20:55:15
  Doctor  : Dr. Jane Okafor
  Hospital: Northside Medical Group
  Call ID : call-20260903-2055-tsid
════════════════════════════════════════════════════════════
  Greeting → Hi, this is David, calling on behalf of Forage AI about a doctor listing, do you know which branch Dr. Okafor works out of?
────────────────────────────────────────────────────────────

[Realtime] Context sent, greeting requested — starting audio loops

[20:55:15] 🤖 AGENT  : Hi, this is David...
[Realtime] usage: in_text=1900 (cached 0)  in_audio=400 (cached 0)  out_audio=800  out_text=20  (cap 1500)  [completed]
[Realtime] Greeting done — now listening to caller (OpenAI's audio clock starts 0.00s into ours)
[Recording] Full options rejected (Twilio disabled in tests) — retrying bare
[Recording] Could not start: Twilio disabled in tests. The local WAV mix will still be written.
[20:55:15] 👤 CALLER : Hang on, let me pull that up.

[20:55:15] 🤖 AGENT  : Sure, no rush.
[Realtime] usage: in_text=2000 (cached 1887)  in_audio=400 (cached 0)  out_audio=800  out_text=20  (cap 1500)  [completed]

[20:55:15] 🤖 AGENT  : Sure, no rush.
[20:55:15] 🔁 REPEATED SENTENCE — agent said the same thing twice verbatim
[Realtime] usage: in_text=2000 (cached 1887)  in_audio=400 (cached 0)  out_audio=800  out_text=20  (cap 1500)  [completed]
[Realtime] Recording: caller=8000 samples, agent_responses=0, n=8000
[Realtime] Caller raw RMS per 3s: []

════════════════════════════════════════════════════════════
  CALL ENDED  —  call-20260903-2055-tsid
────────────────────────────────────────────────────────────
  Doctor   : Dr. Jane Okafor
  Hospital : Northside Medical Group
  Duration : 0s
  Result   : ⚠️  NOT RESOLVED — unknown
────────────────────────────────────────────────────────────
  TRANSCRIPT:
  [20:55:15] 🤖 AGENT : Hi, this is David...
  [20:55:15] 👤 Caller: Hang on, let me pull that up.
  [20:55:15] 🤖 AGENT : Sure, no rush.
  [20:55:15] 🤖 AGENT : Sure, no rush.
────────────────────────────────────────────────────────────
  Recording: C:\Users\varun\AppData\Local\Temp\realtime-protocol-test\call-20260903-2055-tsid.wav
  JSON     : data/3 cases jsons/call-20260903-2055-tsid.json
════════════════════════════════════════════════════════════

  CONVERSATION SHAPE
    agent turns          3
    of which questions   0
    caller turns         1 (0 of them questions)
    stapled onto answers 0 of 0  (n/a)
    asked twice running  0
    asked twice in a turn 0
    turns stacking moves 0   (longest 1 sentences, 3 words)
    repeated sentences   0
    said twice in a row  1   <- word for word, back to back
    spoke over itself    1   <- agent turns with no caller speech between them
    caller turns measured 0 of 1   <- unmeasured turns bypass the hint-echo check

────────────────────────────────────────────────────────
  💰  CALL COST — call-20260903-2055-tsid
      model=gpt-realtime-2  template=forage_data_collection
────────────────────────────────────────────────────────
  Duration         0s (0.0 min), 3 responses
  Audio in                1,200 tok  → $0.0384
  Audio in cached             0 tok  → $0.0000
  Audio out               2,400 tok  → $0.1536
  Text in                 2,126 tok  → $0.0085
  Text in cached          3,774 tok  → $0.0015
  Text out                   60 tok  → $0.0014
  Telephony                0.00 min  → $0.0000
────────────────────────────────────────────────────────
  TOTAL                              → $0.2035
  cache hit rate                       53.2%
────────────────────────────────────────────────────────

  [PASS] the call wrote an artifact to read back
  [PASS] both spoken repeats survive the transcript cleanup (2 of 2)  — the <=4-word fragment merge collapsed them, so the artifact showed one turn on a call where the console printed 🔁
  [PASS] and the saved metric counts it (1)  — an instrument that reads zero on the fault it exists to count is worse than no instrument, because it is believed
  [PASS] the -1422 closing pair is counted
  [PASS] a caller turn between them is a conversation, not a stack
  [PASS] a '[...]' placeholder is not caller speech  — their transcript is still in flight; the question is whether anybody spoke, and nobody has yet
  [PASS] the merged transcript alone cannot see it — that is the trap
  [PASS] so the raw turns are passed alongside, and the count survives
  [PASS] and BOTH save() call sites hand over the raw list  — a merged-only call site would read zero and be believed
  [PASS] with no merged-only caller left behind  — 2 call sites

==================================================================
  DETECTORS — guard against silently matching nothing
==================================================================
  [PASS] location-ask detector: True  for 'Which branch is Dr. Okafor working out of?'
  [PASS] location-ask detector: True  for 'Yes, it is recorded. Which branch is she wor'
  [PASS] location-ask detector: True  for 'And where does she practise?'
  [PASS] location-ask detector: True  for 'What location is that?'
  [PASS] location-ask detector: False for 'Of course, take your time.'
  [PASS] location-ask detector: False for 'Got it, thanks — have a good day.'
  [PASS] location-ask detector: False for 'Perfect, I have that — thanks a lot.'
  [PASS] location-ask detector: True  for 'Which branch is she at.'
  [PASS] location-ask detector: True  for "I'm trying to confirm which branch Dr. Okafo"
  [PASS] location-ask detector: True  for "Thanks for checking; I'm ready for the branc"
  [PASS] location-ask detector: True  for 'Yes, please share the branch name or address'
  [PASS] location-ask detector: False for 'Thanks, I have that as the Riverside branch.'
  [PASS] the scan reaches inside subpackages (25 modules)  — a package whose __init__ re-exports a subset looks fully covered from the outside — that is how the last six dropped out
  [PASS] the pattern population is still being found (54 distinct, 115 sightings)  — scoped to one module it falls to whatever survived the last move, and reports success for everything it no longer looks at
  [PASS] no control characters in ACCEPTING_ASK
  [PASS] no control characters in IDENTITY_ASK
  [PASS] no control characters in REFERRAL_ASK
  [PASS] no control characters in SCHEDULING_ASK
  [PASS] no control characters in _IDENTITY_ASK
  [PASS] no control characters in _CLAIMS_SAVED
  [PASS] no control characters in _HOLD_REQUEST
  [PASS] no control characters in _CALLER_WILL_ACT
  [PASS] no control characters in _STREET_ADDRESS
  [PASS] no control characters in _SELF_ID
  [PASS] no control characters in _SELF_ID_WEAK
  [PASS] no control characters in _ORG_WORD
  [PASS] no control characters in _ACK_REPLY
  [PASS] no control characters in _AFFIRM_REPLY
  [PASS] no control characters in _HAS_AFFIRM
  [PASS] no control characters in _PATIENT_ASK
  [PASS] no control characters in _ACK_TAKES_VALUE
  [PASS] no control characters in _CONFIRMS_VALUE
  [PASS] no control characters in _INVITATION
  [PASS] no control characters in _NAMED_DOCTOR
  [PASS] no control characters in _NOT_AN_ASK
  [PASS] no control characters in _POSSESSIVE
  [PASS] no control characters in _REPORTS_FAILURE
  [PASS] no control characters in _VETTING_OPENER
  [PASS] no control characters in ABBREV
  [PASS] no control characters in _NEGATOR
  [PASS] no control characters in _CLAUSE_SPLIT
  [PASS] no control characters in _EXPLICIT_YES
  [PASS] no control characters in _BARE_AFFIRM_LEAD
  [PASS] no control characters in _NO_SUCH_LIST
  [PASS] no control characters in LOCATION_NOUN
  [PASS] no control characters in WAITLIST_ASK
  [PASS] no control characters in RELOCATION_ASK
  [PASS] no control characters in CALL_OUTCOME_ASK
  [PASS] no control characters in _POLAR_OPENER
  [PASS] no control characters in _WH
  [PASS] no control characters in _TAG
  [PASS] no control characters in _ANNOUNCES_ASK
  [PASS] no control characters in _ONLY_AFFIRM
  [PASS] no control characters in _HARD_REFUSAL
  [PASS] no control characters in _CALLER_ENDS_CALL
  [PASS] no control characters in _LOCATION_NOUN
  [PASS] no control characters in _SPOKEN_FAREWELL
  [PASS] no control characters in _ALREADY_THANKED
  [PASS] no control characters in _ANNOUNCED_ASK
  [PASS] no control characters in _PADDING_SUBSTANCE
  [PASS] no control characters in _AGENT_STALL
  [PASS] no control characters in _GAVE_NAME
  [PASS] no control characters in _GAVE_DOB
  [PASS] no control characters in _NOT_A_PATIENT
  [PASS] no control characters in _COMMA_CLAUSE
  [PASS] no control characters in _OPENER_LEAD
  [PASS] no control characters in _CATEGORY_ECHO
  [PASS] no control characters in _RESERVED_FICTIONAL
  [PASS] the string-constant population is still being found (69)  — same reason as the patterns above
  [PASS] no control characters in string OUTBOUND_UNAVAILABLE
  [PASS] no control characters in string _TWILIO_SILENCE_FRAME
  [PASS] no control characters in string _RETIRED_VOCAB_TEXT
  [PASS] no control characters in string _STREET_SUFFIX
  [PASS] no control characters in string _ACK_WORDS
  [PASS] no control characters in string _RETIRED_HINT_TEXT
  [PASS] no control characters in string REALTIME_URL
  [PASS] no control characters in string ABBREV_MARK
  [PASS] no control characters in string _ACCEPT_VERB
  [PASS] no control characters in string _NEW_PATIENTS
  [PASS] no control characters in string _GAP
  [PASS] no control characters in string _LEAD_IN
  [PASS] no control characters in string _AUX
  [PASS] no control characters in string IDENTITY_STATUS_KEY
  [PASS] no control characters in string NEW_PATIENT_STATUS_KEY
  [PASS] no control characters in string SCHEDULING_STATUS_KEY
  [PASS] no control characters in string REFERRAL_STATUS_KEY
  [PASS] no control characters in string WAITLIST_KEY
  [PASS] no control characters in string NEW_LOCATION_KEY
  [PASS] no control characters in string CALL_OUTCOME_KEY
  [PASS] no control characters in string _DEFER
  [PASS] no control characters in string _WILL_ASK
  [PASS] no control characters in string _NOT_YET
  [PASS] no control characters in string DISABLED_REASON
  [PASS] no control characters in string _FORAGE_INSTRUCTIONS
  [PASS] no control characters in string _IDENTITY_TRUTHFUL
  [PASS] no control characters in string _IDENTITY_HUMAN
  [PASS] no control characters in string _FORAGE_GREETING
  [PASS] no control characters in string _HUMAN_GREETING
  [PASS] no control characters in string _US_TRANSCRIBE_HINT
  [PASS] no control characters in string DEFAULT_ORG
  [PASS] no control characters in string DEFAULT_PERSONA
  [PASS] no control characters in string _GOAL_BRANCH
  [PASS] no control characters in string _VOCABULARY_BRANCH
  [PASS] no control characters in string _WHAT_COUNTS_BRANCH
  [PASS] no control characters in string _TOOL_LIST_BRANCH
  [PASS] no control characters in string _THE_DOCTOR_BRANCH
  [PASS] no control characters in string _THE_DOCTOR_IDENTITY
  [PASS] no control characters in string _FLOW_EXITS_BRANCH
  [PASS] no control characters in string _FLOW_WRONG_NUMBER_BRANCH
  [PASS] no control characters in string _FLOW_EXITS_IDENTITY
  [PASS] no control characters in string _FLOW_WRONG_NUMBER_IDENTITY
  [PASS] no control characters in string _ROLE_ORG
  [PASS] no control characters in string _TONE_ADMIN
  [PASS] no control characters in string _FLOW_VOICEMAIL_ORG
  [PASS] no control characters in string _PRONOUNCE_ORG
  [PASS] no control characters in string _GOAL_PROVIDER_VERIFICATION
  [PASS] no control characters in string _VOCABULARY_PROVIDER_VERIFICATION
  [PASS] no control characters in string _WHAT_COUNTS_PROVIDER_VERIFICATION
  [PASS] no control characters in string _PROVIDER_VERIFICATION_FLOW
  [PASS] no control characters in string _TOOL_LIST_PROVIDER_VERIFICATION
  [PASS] no control characters in string _PROVIDER_VERIFICATION_GREETING
  [PASS] no control characters in string _PROVIDER_VERIFICATION_HINT
  [PASS] no control characters in string _ROLE_PATIENT
  [PASS] no control characters in string _TONE_PATIENT
  [PASS] no control characters in string _FLOW_VOICEMAIL_PATIENT
  [PASS] no control characters in string _PRONOUNCE_PATIENT
  [PASS] no control characters in string _IDENTITY_PROSPECTIVE_PATIENT
  [PASS] no control characters in string _GOAL_PATIENT_DISCOVERY
  [PASS] no control characters in string _VOCABULARY_PATIENT
  [PASS] no control characters in string _WHAT_COUNTS_PATIENT
  [PASS] no control characters in string _PATIENT_DETAILS_GUARD
  [PASS] no control characters in string _PATIENT_REASON
  [PASS] no control characters in string _PATIENT_CLOSE
  [PASS] no control characters in string _TOOL_LIST_PATIENT
  [PASS] no control characters in string _FLOW_EXITS_PATIENT
  [PASS] no control characters in string _PATIENT_GREETING
  [PASS] no control characters in string _PATIENT_GREETING_NO_SPECIALTY
  [PASS] no control characters in string _PATIENT_TRANSCRIBE_HINT
  [PASS] 'Dr.' does not split a sentence
  [PASS] double-ask with a title: False for 'Which office is Dr. Okafor working out'
  [PASS] double-ask with a title: False for 'Right, thanks for checking — which bra'
  [PASS] double-ask with a title: False for 'Got it, thanks for coming back — which'
  [PASS] double-ask with a title: False for 'Yes, which office is that?'
  [PASS] double-ask with a title: True  for 'I need the branch name or street addre'
  [PASS] rejection is machine-shaped: 'California Branch'  — NOT SAVED 'California Branch': possibly the city
  [PASS] rejection has no speakable imperative ('ask whether'): 'California Branch'
  [PASS] rejection has no speakable imperative ('ask them'): 'California Branch'
  [PASS] rejection has no speakable imperative ('get the site'): 'California Branch'
  [PASS] rejection has no speakable imperative ('tell me'): 'California Branch'
  [PASS] rejection has no speakable imperative ("i'll take it"): 'California Branch'
  [PASS] rejection has no speakable imperative ('please provide'): 'California Branch'
  [PASS] rejection has no speakable imperative ('could you'): 'California Branch'
  [PASS] rejection has no speakable imperative ('you should'): 'California Branch'
  [PASS] rejection is machine-shaped: 'Cardiology'  — REJECTED 'Cardiology': department, not a place |
  [PASS] rejection has no speakable imperative ('ask whether'): 'Cardiology'
  [PASS] rejection has no speakable imperative ('ask them'): 'Cardiology'
  [PASS] rejection has no speakable imperative ('get the site'): 'Cardiology'
  [PASS] rejection has no speakable imperative ('tell me'): 'Cardiology'
  [PASS] rejection has no speakable imperative ("i'll take it"): 'Cardiology'
  [PASS] rejection has no speakable imperative ('please provide'): 'Cardiology'
  [PASS] rejection has no speakable imperative ('could you'): 'Cardiology'
  [PASS] rejection has no speakable imperative ('you should'): 'Cardiology'
  [PASS] rejection is machine-shaped: 'and'  — REJECTED 'and': leading conjunction | NEED: site
  [PASS] rejection has no speakable imperative ('ask whether'): 'and'
  [PASS] rejection has no speakable imperative ('ask them'): 'and'
  [PASS] rejection has no speakable imperative ('get the site'): 'and'
  [PASS] rejection has no speakable imperative ('tell me'): 'and'
  [PASS] rejection has no speakable imperative ("i'll take it"): 'and'
  [PASS] rejection has no speakable imperative ('please provide'): 'and'
  [PASS] rejection has no speakable imperative ('could you'): 'and'
  [PASS] rejection has no speakable imperative ('you should'): 'and'
  [PASS] rejection is machine-shaped: 'the'  — REJECTED 'the': generic word | NEED: site name o
  [PASS] rejection has no speakable imperative ('ask whether'): 'the'
  [PASS] rejection has no speakable imperative ('ask them'): 'the'
  [PASS] rejection has no speakable imperative ('get the site'): 'the'
  [PASS] rejection has no speakable imperative ('tell me'): 'the'
  [PASS] rejection has no speakable imperative ("i'll take it"): 'the'
  [PASS] rejection has no speakable imperative ('please provide'): 'the'
  [PASS] rejection has no speakable imperative ('could you'): 'the'
  [PASS] rejection has no speakable imperative ('you should'): 'the'
  [PASS] rejection is machine-shaped: 'x'  — REJECTED 'x': too short | NEED: site name or str
  [PASS] rejection has no speakable imperative ('ask whether'): 'x'
  [PASS] rejection has no speakable imperative ('ask them'): 'x'
  [PASS] rejection has no speakable imperative ('get the site'): 'x'
  [PASS] rejection has no speakable imperative ('tell me'): 'x'
  [PASS] rejection has no speakable imperative ("i'll take it"): 'x'
  [PASS] rejection has no speakable imperative ('please provide'): 'x'
  [PASS] rejection has no speakable imperative ('could you'): 'x'
  [PASS] rejection has no speakable imperative ('you should'): 'x'
  [PASS] prompt forbids reading tool results aloud
  [PASS] found realtime_worker's inline rejections before judging them  — 10 found
  [PASS] inline rejection is machine-shaped  — NOT SAVED —  is one generic location word, n
  [PASS] inline rejection has no speakable imperative ('ask whether')  — NOT SAVED —  is one generic location word, not the name 
  [PASS] inline rejection has no speakable imperative ('ask them')  — NOT SAVED —  is one generic location word, not the name 
  [PASS] inline rejection has no speakable imperative ('get the site')  — NOT SAVED —  is one generic location word, not the name 
  [PASS] inline rejection has no speakable imperative ('tell me')  — NOT SAVED —  is one generic location word, not the name 
  [PASS] inline rejection has no speakable imperative ("i'll take it")  — NOT SAVED —  is one generic location word, not the name 
  [PASS] inline rejection has no speakable imperative ('please provide')  — NOT SAVED —  is one generic location word, not the name 
  [PASS] inline rejection has no speakable imperative ('could you')  — NOT SAVED —  is one generic location word, not the name 
  [PASS] inline rejection has no speakable imperative ('you should')  — NOT SAVED —  is one generic location word, not the name 
  [PASS] inline rejection is machine-shaped  — NOT ESCALATED — reason asserts no location w
  [PASS] inline rejection has no speakable imperative ('ask whether')  — NOT ESCALATED — reason asserts no location was given; th
  [PASS] inline rejection has no speakable imperative ('ask them')  — NOT ESCALATED — reason asserts no location was given; th
  [PASS] inline rejection has no speakable imperative ('get the site')  — NOT ESCALATED — reason asserts no location was given; th
  [PASS] inline rejection has no speakable imperative ('tell me')  — NOT ESCALATED — reason asserts no location was given; th
  [PASS] inline rejection has no speakable imperative ("i'll take it")  — NOT ESCALATED — reason asserts no location was given; th
  [PASS] inline rejection has no speakable imperative ('please provide')  — NOT ESCALATED — reason asserts no location was given; th
  [PASS] inline rejection has no speakable imperative ('could you')  — NOT ESCALATED — reason asserts no location was given; th
  [PASS] inline rejection has no speakable imperative ('you should')  — NOT ESCALATED — reason asserts no location was given; th
  [PASS] inline rejection is machine-shaped  — NOT SAVED —  | RE-READ: their turns, verbati
  [PASS] inline rejection has no speakable imperative ('ask whether')  — NOT SAVED —  | RE-READ: their turns, verbatim; the answe
  [PASS] inline rejection has no speakable imperative ('ask them')  — NOT SAVED —  | RE-READ: their turns, verbatim; the answe
  [PASS] inline rejection has no speakable imperative ('get the site')  — NOT SAVED —  | RE-READ: their turns, verbatim; the answe
  [PASS] inline rejection has no speakable imperative ('tell me')  — NOT SAVED —  | RE-READ: their turns, verbatim; the answe
  [PASS] inline rejection has no speakable imperative ("i'll take it")  — NOT SAVED —  | RE-READ: their turns, verbatim; the answe
  [PASS] inline rejection has no speakable imperative ('please provide')  — NOT SAVED —  | RE-READ: their turns, verbatim; the answe
  [PASS] inline rejection has no speakable imperative ('could you')  — NOT SAVED —  | RE-READ: their turns, verbatim; the answe
  [PASS] inline rejection has no speakable imperative ('you should')  — NOT SAVED —  | RE-READ: their turns, verbatim; the answe
  [PASS] inline rejection is machine-shaped  — NOT ESCALATED — their last turn is still tra
  [PASS] inline rejection has no speakable imperative ('ask whether')  — NOT ESCALATED — their last turn is still transcribing | 
  [PASS] inline rejection has no speakable imperative ('ask them')  — NOT ESCALATED — their last turn is still transcribing | 
  [PASS] inline rejection has no speakable imperative ('get the site')  — NOT ESCALATED — their last turn is still transcribing | 
  [PASS] inline rejection has no speakable imperative ('tell me')  — NOT ESCALATED — their last turn is still transcribing | 
  [PASS] inline rejection has no speakable imperative ("i'll take it")  — NOT ESCALATED — their last turn is still transcribing | 
  [PASS] inline rejection has no speakable imperative ('please provide')  — NOT ESCALATED — their last turn is still transcribing | 
  [PASS] inline rejection has no speakable imperative ('could you')  — NOT ESCALATED — their last turn is still transcribing | 
  [PASS] inline rejection has no speakable imperative ('you should')  — NOT ESCALATED — their last turn is still transcribing | 
  [PASS] inline rejection is machine-shaped  — REJECTED —  | NEED: a reason drawn from this
  [PASS] inline rejection has no speakable imperative ('ask whether')  — REJECTED —  | NEED: a reason drawn from this call's even
  [PASS] inline rejection has no speakable imperative ('ask them')  — REJECTED —  | NEED: a reason drawn from this call's even
  [PASS] inline rejection has no speakable imperative ('get the site')  — REJECTED —  | NEED: a reason drawn from this call's even
  [PASS] inline rejection has no speakable imperative ('tell me')  — REJECTED —  | NEED: a reason drawn from this call's even
  [PASS] inline rejection has no speakable imperative ("i'll take it")  — REJECTED —  | NEED: a reason drawn from this call's even
  [PASS] inline rejection has no speakable imperative ('please provide')  — REJECTED —  | NEED: a reason drawn from this call's even
  [PASS] inline rejection has no speakable imperative ('could you')  — REJECTED —  | NEED: a reason drawn from this call's even
  [PASS] inline rejection has no speakable imperative ('you should')  — REJECTED —  | NEED: a reason drawn from this call's even
  [PASS] inline rejection is machine-shaped  — REJECTED —  | RE-READ: caller turns, verbati
  [PASS] inline rejection has no speakable imperative ('ask whether')  — REJECTED —  | RE-READ: caller turns, verbatim; a valid l
  [PASS] inline rejection has no speakable imperative ('ask them')  — REJECTED —  | RE-READ: caller turns, verbatim; a valid l
  [PASS] inline rejection has no speakable imperative ('get the site')  — REJECTED —  | RE-READ: caller turns, verbatim; a valid l
  [PASS] inline rejection has no speakable imperative ('tell me')  — REJECTED —  | RE-READ: caller turns, verbatim; a valid l
  [PASS] inline rejection has no speakable imperative ("i'll take it")  — REJECTED —  | RE-READ: caller turns, verbatim; a valid l
  [PASS] inline rejection has no speakable imperative ('please provide')  — REJECTED —  | RE-READ: caller turns, verbatim; a valid l
  [PASS] inline rejection has no speakable imperative ('could you')  — REJECTED —  | RE-READ: caller turns, verbatim; a valid l
  [PASS] inline rejection has no speakable imperative ('you should')  — REJECTED —  | RE-READ: caller turns, verbatim; a valid l
  [PASS] inline rejection is machine-shaped  — NOT ESCALATED — caller is mid-lookup, not re
  [PASS] inline rejection has no speakable imperative ('ask whether')  — NOT ESCALATED — caller is mid-lookup, not refusing | NEE
  [PASS] inline rejection has no speakable imperative ('ask them')  — NOT ESCALATED — caller is mid-lookup, not refusing | NEE
  [PASS] inline rejection has no speakable imperative ('get the site')  — NOT ESCALATED — caller is mid-lookup, not refusing | NEE
  [PASS] inline rejection has no speakable imperative ('tell me')  — NOT ESCALATED — caller is mid-lookup, not refusing | NEE
  [PASS] inline rejection has no speakable imperative ("i'll take it")  — NOT ESCALATED — caller is mid-lookup, not refusing | NEE
  [PASS] inline rejection has no speakable imperative ('please provide')  — NOT ESCALATED — caller is mid-lookup, not refusing | NEE
  [PASS] inline rejection has no speakable imperative ('could you')  — NOT ESCALATED — caller is mid-lookup, not refusing | NEE
  [PASS] inline rejection has no speakable imperative ('you should')  — NOT ESCALATED — caller is mid-lookup, not refusing | NEE
  [PASS] inline rejection is machine-shaped  — NOT ESCALATED — caller just asked what you n
  [PASS] inline rejection has no speakable imperative ('ask whether')  — NOT ESCALATED — caller just asked what you need | NEED: 
  [PASS] inline rejection has no speakable imperative ('ask them')  — NOT ESCALATED — caller just asked what you need | NEED: 
  [PASS] inline rejection has no speakable imperative ('get the site')  — NOT ESCALATED — caller just asked what you need | NEED: 
  [PASS] inline rejection has no speakable imperative ('tell me')  — NOT ESCALATED — caller just asked what you need | NEED: 
  [PASS] inline rejection has no speakable imperative ("i'll take it")  — NOT ESCALATED — caller just asked what you need | NEED: 
  [PASS] inline rejection has no speakable imperative ('please provide')  — NOT ESCALATED — caller just asked what you need | NEED: 
  [PASS] inline rejection has no speakable imperative ('could you')  — NOT ESCALATED — caller just asked what you need | NEED: 
  [PASS] inline rejection has no speakable imperative ('you should')  — NOT ESCALATED — caller just asked what you need | NEED: 
  [PASS] inline rejection is machine-shaped  — NOT SAVED — a street address was given and t
  [PASS] inline rejection has no speakable imperative ('ask whether')  — NOT SAVED — a street address was given and this value om
  [PASS] inline rejection has no speakable imperative ('ask them')  — NOT SAVED — a street address was given and this value om
  [PASS] inline rejection has no speakable imperative ('get the site')  — NOT SAVED — a street address was given and this value om
  [PASS] inline rejection has no speakable imperative ('tell me')  — NOT SAVED — a street address was given and this value om
  [PASS] inline rejection has no speakable imperative ("i'll take it")  — NOT SAVED — a street address was given and this value om
  [PASS] inline rejection has no speakable imperative ('please provide')  — NOT SAVED — a street address was given and this value om
  [PASS] inline rejection has no speakable imperative ('could you')  — NOT SAVED — a street address was given and this value om
  [PASS] inline rejection has no speakable imperative ('you should')  — NOT SAVED — a street address was given and this value om
  [PASS] inline rejection is machine-shaped  — NOT SAVED — wrong organisation:  | NEED: whi
  [PASS] inline rejection has no speakable imperative ('ask whether')  — NOT SAVED — wrong organisation:  | NEED: which place thi
  [PASS] inline rejection has no speakable imperative ('ask them')  — NOT SAVED — wrong organisation:  | NEED: which place thi
  [PASS] inline rejection has no speakable imperative ('get the site')  — NOT SAVED — wrong organisation:  | NEED: which place thi
  [PASS] inline rejection has no speakable imperative ('tell me')  — NOT SAVED — wrong organisation:  | NEED: which place thi
  [PASS] inline rejection has no speakable imperative ("i'll take it")  — NOT SAVED — wrong organisation:  | NEED: which place thi
  [PASS] inline rejection has no speakable imperative ('please provide')  — NOT SAVED — wrong organisation:  | NEED: which place thi
  [PASS] inline rejection has no speakable imperative ('could you')  — NOT SAVED — wrong organisation:  | NEED: which place thi
  [PASS] inline rejection has no speakable imperative ('you should')  — NOT SAVED — wrong organisation:  | NEED: which place thi
  [PASS] a rejection sends the model back to what the caller actually said
  [PASS] found both handlers before asserting about them  — have ['media_stream', 'status_callback']
  [PASS] found the connectivity probe in /status  — ['_media_opened']
  [PASS] /status probes '_media_opened', which media_stream marks on the common path (both call paths reach it)  — unconditionally marked: ['_media_opened']
  [PASS] caller repeat (drifted transcription): 'He is working in Lambert Street in'
  [PASS] caller repeat (verbatim): "He's at the Northgate campus."
  [PASS] caller repeat (different answer): 'He is working in Lambert Street in'
  [PASS] caller repeat (narrowing, not repeating): "He's at the Northgate campus."
  [PASS] caller repeat (repeated question): 'What do you want now?'
  [PASS] caller repeat (too short to mean anything): 'Hello'
  [PASS] hold request: True  for 'Oh yeah, can you please give me a minute'
  [PASS] hold request: True  for "Can you just wait for a moment, I'm gett"
  [PASS] hold request: True  for 'Hold on, let me transfer you to the main'
  [PASS] hold request: True  for 'Let me check.'
  [PASS] hold request: True  for 'one moment'
  [PASS] hold request: True  for 'bear with me'
  [PASS] hold request: False for 'Sorry, wrong number.'
  [PASS] hold request: False for "I'm not allowed to give out that informa"
  [PASS] hold request: False for "Actually, he is not working now. He's re"
  [PASS] hold request: False for "He's at the Northgate campus."
  [PASS] hold request: False for 'Yeah, what do you want now?'
  [PASS] context quotes the SAME greeting the caller hears
  [PASS] context greeting does not fall back to the default 'Alex'
  [PASS] context greeting does not fall back to the default 'Definitive Healthcare'
  [PASS] a stacked turn is counted  — 1
  [PASS] longest turn measured in sentences  — 3
  [PASS] the greeting is exempt from the pile-up count
  [PASS] the countable rule survives — one ASK per turn
  [PASS] the rule that contradicted it is gone
  [PASS] a bare acknowledgement is still marked Wrong
  [PASS] prompt names the same pile-up threshold the metric counts (>=3)
  [PASS] reaction-plus-ask is not a pile-up by the metric either
  [PASS] thinking-narration judged by a test, not a phrase list
  [PASS] echo phrases derived from the live prompt  — 6208 entries
  [PASS] renamed org no longer lingers in the echo list
  [PASS] an echo of the live prompt is rejected
  [PASS] real branch name still accepted: 'Northgate Campus'
  [PASS] real branch name still accepted: 'Riverside Clinic'
  [PASS] real branch name still accepted: 'Baptist Medical Center'
  [PASS] real branch name still accepted: '1420 Beacon Street'
  [PASS] real branch name still accepted: 'Downtown East'
  [PASS] real branch name still accepted: 'Methodist Medical Center'
  [PASS] double-ask: True  for 'I need the specific branch name or stree'
  [PASS] double-ask: True  for "I'm trying to find out which branch she "
  [PASS] double-ask: False for "Do you know which branch she's working o"
  [PASS] double-ask: False for 'Sure, we keep a doctor directory — which'
  [PASS] double-ask: False for 'Thanks, I have that as the Riverside bra'
  [PASS] double-ask: False for 'Hi, this is Alex, calling on behalf of F'
  [PASS] rule counts asks, not question marks
  [PASS] the question-mark-counting rule is gone
  [PASS] wrong-organisation check (different org): 'Thank you for calling the Methodist Me'
  [PASS] wrong-organisation check (different org): "You've reached Riverside Clinic, how c"
  [PASS] wrong-organisation check (different org): 'This is Mercy General Hospital.'
  [PASS] wrong-organisation check (same place, other suffix): 'Thank you for calling Northside Medica'
  [PASS] wrong-organisation check (person's name, right place): 'Northside, this is Amy.'
  [PASS] wrong-organisation check (person's name, no org): 'Hello, this is Amy.'
  [PASS] wrong-organisation check (no self-identification): 'Hello dear, how can I help you?'
  [PASS] wrong-organisation check (no org named): 'Yes, speaking.'
  [PASS] wrong-organisation check (generic words only): 'this is the medical center'
  [PASS] organisation state (confirmed as the recorded org after the mismatch)
  [PASS] organisation state (never corrected)
  [PASS] organisation state (a denial that names the record does not clear it)
  [PASS] organisation state (a passing mention does not clear it)
  [PASS] organisation state (confirmation BEFORE a differing claim does not clear it)
  [PASS] organisation state (no organisation named at all is not a mismatch)
  [PASS] no single sentence is scripted verbatim in the prompt
  [PASS] hold acknowledgement offers several wordings, not one
  [PASS] hold guidance requires varying the wording
  [PASS] retired brevity/British wording absent: 'UNDER 15 WORDS'
  [PASS] retired brevity/British wording absent: 'under 15 words'
  [PASS] retired brevity/British wording absent: 'about eight'
  [PASS] retired brevity/British wording absent: 'brilliant'
  [PASS] retired brevity/British wording absent: 'have a good evening'
  [PASS] soft-ask detector: True  for "I'm just trying to find out which branch she"
  [PASS] soft-ask detector: True  for 'Could you tell me the branch name she is lis'
  [PASS] soft-ask detector: True  for 'When you have it, you can just say the branc'
  [PASS] soft-ask detector: False for 'Of course, take your time.'
  [PASS] soft-ask detector: False for "You're right, that was irritating. I'll wait"
  [PASS] ack-takes-object: False for 'Thanks for the location.'
  [PASS] ack-takes-object: False for 'Thanks for that location.'
  [PASS] ack-takes-object: False for 'Thank you for the address.'
  [PASS] ack-takes-object: False for 'Appreciate the branch info.'
  [PASS] ack-takes-object: False for 'Thanks for the branch name — take care.'
  [PASS] ack-takes-object: False for 'Thanks for that Mission Bay address.'
  [PASS] ack-takes-object: True  for 'Thanks — I still need the branch name.'
  [PASS] ack-takes-object: True  for "Got it, I'm just trying to find the practice"
  [PASS] ack-takes-object: True  for 'Thanks for the address. I still need the bra'
  [PASS] ack-takes-object: True  for 'Great — and which campus is that, do you kno'
  [PASS] ack-takes-object: True  for 'Thanks — so which branch is that.'
  [PASS] ack-takes-object: True  for 'Perfect, and what location does she use.'
  [PASS] ack-takes-object: True  for 'Got it. But which site is she at.'
  [PASS] ack-takes-object: True  for 'Thanks for that — which branch though.'
  [PASS] ack-takes-object: True  for 'Thanks — can you confirm the branch.'
  [PASS] ack-takes-object: True  for 'Got it. Do you happen to have the branch nam'
  [PASS] escalate 'doctor deceased': blocked given "Actually, he's not working right n"
  [PASS] escalate 'doctor retired': blocked given "Actually, he's not working right n"
  [PASS] escalate 'declined to share': allowed given "Actually, he's not working right n"
  [PASS] escalate 'could not obtain the location': allowed given "Actually, he's not working right n"
  [PASS] escalate 'doctor deceased': allowed given "Oh, she passed away last year I'm "
  [PASS] discarded-answer detector: True  for the call that lost an answer  — 'Abadan' — they said: 'office Abadan branch, Need an
  [PASS] discarded-answer detector: True  for street address  — 'Lombard' — they said: "She's over on Lombard Street
  [PASS] discarded-answer detector: True  for named campus  — 'Northgate' — they said: "That'd be the Northgate ca
  [PASS] discarded-answer detector: True  for suburb and clinic  — 'Jubilee' — they said: 'Try the Jubilee Hills clinic
  [PASS] discarded-answer detector: True  for turn-initial name  — 'Abadan' — they said: 'Abadan branch is where she is
  [PASS] discarded-answer detector: True  for caseless transcript  — 'northgate' — they said: "she's at the northgate cam
  [PASS] discarded-answer detector: False for pure deflection
  [PASS] discarded-answer detector: False for flat refusal
  [PASS] discarded-answer detector: False for generic word only
  [PASS] discarded-answer detector: False for our other office
  [PASS] discarded-answer detector: False for which location
  [PASS] discarded-answer detector: False for the office is closed
  [PASS] discarded-answer detector: False for sentence-initial adj
  [PASS] discarded-answer detector: False for hospital on record
  [PASS] discarded-answer detector: False for doctor's own name
  [PASS] discarded-answer detector: False for the agent's persona
  [PASS] discarded-answer detector: False for nothing transcribed
  [PASS] discarded-answer detector: False for bare term, dead air
  [PASS] reason gate: 'caller engaged but never provided a location' checked
  [PASS] reason gate: 'caller does not know' checked
  [PASS] reason gate: 'could not obtain the location' checked
  [PASS] reason gate: 'wrong number' exempt
  [PASS] reason gate: 'voicemail' exempt
  [PASS] reason gate: 'declined to share' exempt
  [PASS] reason gate: 'no response' exempt
  [PASS] session carries the one-shot flag that bounds the block
  [PASS] the discarded-answer block starts unfired
  [PASS] discard gate: block — valid branch
  [PASS] discard gate: block — branch + city
  [PASS] discard gate: block — THE LIVE CALL: location + hedge, still usable
  [PASS] discard gate: block — branch given, agent claims none
  [PASS] discard gate: block — wording: could not provide
  [PASS] discard gate: block — wording: did not provide
  [PASS] discard gate: block — wording: unable to obtain
  [PASS] discard gate: block — wording: declined to specify
  [PASS] discard gate: block — wording: no usable detail
  [PASS] discard gate: allow — caller refuses
  [PASS] discard gate: allow — caller does not know
  [PASS] discard gate: allow — no location ever named
  [PASS] discard gate: allow — doctor left
  [PASS] discard gate: allow — only our OWN record echoed back
  [PASS] discard gate: allow — location only as a QUESTION
  [PASS] discard gate: allow — wrong organisation named
  [PASS] discard gate: allow — voicemail, location present
  [PASS] discard gate: allow — wrong number, location present
  [PASS] discard gate: allow — no response, location present

==================================================================
  OpenAI handshake — a transient stall must not cost the call
==================================================================
[Realtime] Connected: gpt-realtime-2
[Realtime] Session configured — template=forage_data_collection voice=cedar
[Realtime] Waiting for Twilio stream start...
[Realtime] Twilio stream started: MZtest (0.00s after the socket opened — Twilio's own handshake)

════════════════════════════════════════════════════════════
  CALL STARTED  20:55:24
  Doctor  : Dr. Jane Okafor
  Hospital: Northside Medical Group
  Call ID : call-20260903-2055-tsid
════════════════════════════════════════════════════════════
  Greeting → Hi, this is David, calling on behalf of Forage AI about a doctor listing, do you know which branch Dr. Okafor works out of?
────────────────────────────────────────────────────────────

[Realtime] Context sent, greeting requested — starting audio loops

[20:55:24] 🤖 AGENT  : Hi, good afternoon - this is an automated assistant calling from Forage AI...
[20:55:24] ⚠️  FALSE EMPLOYMENT CLAIM — said it is from/with/at Forage AI, not on their behalf
[Realtime] usage: in_text=1900 (cached 0)  in_audio=400 (cached 0)  out_audio=800  out_text=20  (cap 1500)  [completed]
[Realtime] Greeting done — now listening to caller (OpenAI's audio clock starts 0.00s into ours)
[Recording] Full options rejected (Twilio disabled in tests) — retrying bare
[Recording] Could not start: Twilio disabled in tests. The local WAV mix will still be written.
[20:55:24] 👤 CALLER : Yes, this is Northside.

[20:55:24] 🤖 AGENT  : Great - which location is Dr. Okafor practicing at?
[Realtime] usage: in_text=2000 (cached 1887)  in_audio=400 (cached 0)  out_audio=800  out_text=20  (cap 1500)  [completed]
[20:55:24] 👤 CALLER : She's at the Northgate campus.
[Realtime] Ask budget reset — caller named a place (was unanswered=0 no-progress=1 give_up=False)
[Realtime] 🎯 outcome=complete  collected=branch

[20:55:24] ✅ BRANCH SAVED   : {'branch': 'Northgate Campus'}

[20:55:24] 🤖 AGENT  : Perfect, thank you so much. Have a great day!
[Realtime] usage: in_text=2000 (cached 1887)  in_audio=400 (cached 0)  out_audio=800  out_text=20  (cap 1500)  [completed]
[Realtime] Recording: caller=8000 samples, agent_responses=0, n=8000
[Realtime] Caller raw RMS per 3s: []

════════════════════════════════════════════════════════════
  CALL ENDED  —  call-20260903-2055-tsid
────────────────────────────────────────────────────────────
  Doctor   : Dr. Jane Okafor
  Hospital : Northside Medical Group
  Duration : 0s
  Result   : ✅ RESOLVED — Branch: Northgate Campus
────────────────────────────────────────────────────────────
  TRANSCRIPT:
  [20:55:24] 🤖 AGENT : Hi, good afternoon - this is an automated assistant calling from Forage AI...
  [20:55:24] 👤 Caller: Yes, this is Northside.
  [20:55:24] 🤖 AGENT : Great - which location is Dr. Okafor practicing at?
  [20:55:24] 👤 Caller: She's at the Northgate campus.
  [20:55:24] 🤖 AGENT : Perfect, thank you so much. Have a great day!
────────────────────────────────────────────────────────────
  Recording: C:\Users\varun\AppData\Local\Temp\realtime-protocol-test\call-20260903-2055-tsid.wav
  JSON     : data/3 cases jsons/call-20260903-2055-tsid.json
════════════════════════════════════════════════════════════

  CONVERSATION SHAPE
    agent turns          3
    of which questions   1
    caller turns         2 (0 of them questions)
    stapled onto answers 0 of 0  (n/a)
    asked twice running  0
    asked twice in a turn 0
    turns stacking moves 0   (longest 2 sentences, 9 words)
    repeated sentences   0
    said twice in a row  0
    spoke over itself    0
    caller turns measured 0 of 2   <- unmeasured turns bypass the hint-echo check
    ⚠️  FALSE EMPLOYMENT CLAIM made on this call

────────────────────────────────────────────────────────
  💰  CALL COST — call-20260903-2055-tsid
      model=gpt-realtime-2  template=forage_data_collection
────────────────────────────────────────────────────────
  Duration         0s (0.0 min), 3 responses
  Audio in                1,200 tok  → $0.0384
  Audio in cached             0 tok  → $0.0000
  Audio out               2,400 tok  → $0.1536
  Text in                 2,126 tok  → $0.0085
  Text in cached          3,774 tok  → $0.0015
  Text out                   60 tok  → $0.0014
  Telephony                0.00 min  → $0.0000
────────────────────────────────────────────────────────
  TOTAL                              → $0.2035
  cache hit rate                       53.2%
────────────────────────────────────────────────────────

  [PASS] a failed handshake is retried once  — 2 attempts
  [PASS] and the call still completes normally after the retry
  [PASS] two failures gives up rather than holding a silent line open  — 2 attempts
  [PASS] per-attempt timeout is tighter than the library default  — 6.0s

==================================================================
  Doctor routing — by CallSid, with no shared global
==================================================================
  [PASS] the shared pending_doctor global is gone
  [PASS] run_twilio binds the CallSid it gets back from Twilio
  [PASS] two calls in flight resolve to their own doctors
  [PASS] a retried webhook still resolves — the lookup does not pop
  [PASS] an unregistered CallSid resolves to nothing
  [PASS] and it waited for a late registration before giving up  — 2.00s

==================================================================
  response.create — one door, three policies
==================================================================
  [PASS] response.create is sent from exactly one function  — sent from ['_create_response']
  [PASS] all six known sites route through the helper  — 11 call sites
  [PASS] every site passes `why`, so a refusal names itself in the log
  [PASS] policy: idle call: allowed  — sent=1
  [PASS] policy: response in flight: refused  — sent=0
  [PASS] policy: call closing: refused  — sent=0
  [PASS] policy: goodbye: allowed though done  — sent=1
  [PASS] policy: goodbye from tool handler: allowed  — sent=1
  [PASS] policy: done-override alone does not cover in-flight  — sent=0
  [PASS] a reply is not created while audio is still playing out
  [PASS] and is created once the queue has drained
  [PASS] the goodbye is still allowed while audio plays out
  [PASS] the breath frame is 20ms of mu-law silence  — 160 bytes
  [PASS] the breath is queued as 20ms media frames  — 35 frames for 0.7s
  [PASS] and addressed to the live stream
  [PASS] no breath before the stream exists
  [PASS] the gap is at least as long as the VAD's own end-of-turn window  — 0.7s vs 0.4s
  [PASS] the first-delta site consults the queue and inserts the gap
  [PASS] and dates the new audio from the queue's end, not from now
  [PASS] closing is exempt, as it is in _create_response
[Realtime] Connected: gpt-realtime-2
[Realtime] Session configured — template=forage_data_collection voice=cedar
[Realtime] Waiting for Twilio stream start...
[Realtime] Twilio stream started: MZtest (0.00s after the socket opened — Twilio's own handshake)

════════════════════════════════════════════════════════════
  CALL STARTED  20:55:34
  Doctor  : Dr. Jane Okafor
  Hospital: Northside Medical Group
  Call ID : call-20260903-2055-tsid
════════════════════════════════════════════════════════════
  Greeting → Hi, this is David, calling on behalf of Forage AI about a doctor listing, do you know which branch Dr. Okafor works out of?
────────────────────────────────────────────────────────────

[Realtime] Context sent, greeting requested — starting audio loops

[20:55:34] 🤖 AGENT  : Hi, good afternoon - this is an automated assistant calling from Forage AI...
[20:55:34] ⚠️  FALSE EMPLOYMENT CLAIM — said it is from/with/at Forage AI, not on their behalf
[Realtime] usage: in_text=1900 (cached 0)  in_audio=400 (cached 0)  out_audio=800  out_text=20  (cap 1500)  [completed]
[Realtime] Greeting done — now listening to caller (OpenAI's audio clock starts 0.00s into ours)
[Recording] Full options rejected (Twilio disabled in tests) — retrying bare
[Recording] Could not start: Twilio disabled in tests. The local WAV mix will still be written.
[20:55:34] 👤 CALLER : Yes, this is Northside.

[20:55:34] 🤖 AGENT  : Great - which location is Dr. Okafor practicing at?
[Realtime] usage: in_text=2000 (cached 1887)  in_audio=400 (cached 0)  out_audio=800  out_text=20  (cap 1500)  [completed]
[20:55:34] 👤 CALLER : She's at the Northgate campus.
[Realtime] Ask budget reset — caller named a place (was unanswered=0 no-progress=1 give_up=False)
[Realtime] 🎯 outcome=complete  collected=branch

[20:55:34] ✅ BRANCH SAVED   : {'branch': 'Northgate Campus'}

[20:55:34] 🤖 AGENT  : Perfect, thank you so much. Have a great day!
[Realtime] usage: in_text=2000 (cached 1887)  in_audio=400 (cached 0)  out_audio=800  out_text=20  (cap 1500)  [completed]
[Realtime] Recording: caller=8000 samples, agent_responses=0, n=8000
[Realtime] Caller raw RMS per 3s: []

════════════════════════════════════════════════════════════
  CALL ENDED  —  call-20260903-2055-tsid
────────────────────────────────────────────────────────────
  Doctor   : Dr. Jane Okafor
  Hospital : Northside Medical Group
  Duration : 0s
  Result   : ✅ RESOLVED — Branch: Northgate Campus
────────────────────────────────────────────────────────────
  TRANSCRIPT:
  [20:55:34] 🤖 AGENT : Hi, good afternoon - this is an automated assistant calling from Forage AI...
  [20:55:34] 👤 Caller: Yes, this is Northside.
  [20:55:34] 🤖 AGENT : Great - which location is Dr. Okafor practicing at?
  [20:55:34] 👤 Caller: She's at the Northgate campus.
  [20:55:34] 🤖 AGENT : Perfect, thank you so much. Have a great day!
────────────────────────────────────────────────────────────
  Recording: C:\Users\varun\AppData\Local\Temp\realtime-protocol-test\call-20260903-2055-tsid.wav
  JSON     : data/3 cases jsons/call-20260903-2055-tsid.json
════════════════════════════════════════════════════════════

  CONVERSATION SHAPE
    agent turns          3
    of which questions   1
    caller turns         2 (0 of them questions)
    stapled onto answers 0 of 0  (n/a)
    asked twice running  0
    asked twice in a turn 0
    turns stacking moves 0   (longest 2 sentences, 9 words)
    repeated sentences   0
    said twice in a row  0
    spoke over itself    0
    caller turns measured 0 of 2   <- unmeasured turns bypass the hint-echo check
    ⚠️  FALSE EMPLOYMENT CLAIM made on this call

────────────────────────────────────────────────────────
  💰  CALL COST — call-20260903-2055-tsid
      model=gpt-realtime-2  template=forage_data_collection
────────────────────────────────────────────────────────
  Duration         0s (0.0 min), 3 responses
  Audio in                1,200 tok  → $0.0384
  Audio in cached             0 tok  → $0.0000
  Audio out               2,400 tok  → $0.1536
  Text in                 2,126 tok  → $0.0085
  Text in cached          3,774 tok  → $0.0015
  Text out                   60 tok  → $0.0014
  Telephony                0.00 min  → $0.0000
────────────────────────────────────────────────────────
  TOTAL                              → $0.2035
  cache hit rate                       53.2%
────────────────────────────────────────────────────────

  [PASS] a resolved call still requests its spoken goodbye  — 2 response.create on the happy path

==================================================================
  WRITE-BACK — a resolved call must reach the Doctor record
==================================================================
  [PASS] resolved call sets Source.VOICE
  [PASS] resolved call writes the branch onto the Doctor
  [PASS] no specialization -> PARTIALLY_VERIFIED, not COMPLETE  — partially_verified
  [PASS] and the reason is named, not left as a bare False  — ['specialization']
  [PASS] enriched_at is set and timezone-aware
  [PASS] complete record + confirmed branch -> VERIFIED  — verified
  [PASS] city is carried across when the call captured one
  [PASS] unresolved call -> MISSING_BRANCH  — missing_branch
  [PASS] an unresolved call does NOT claim voice as the source  — website
  [PASS] same doctor+hospital upserts; a different hospital appends  — 2 rows
  [PASS] the re-call overwrote the earlier row rather than duplicating it

==================================================================
  GROUNDING — never save a location the caller did not say
==================================================================
  [PASS] blocks 'Riverside Clinic' given caller said 'Hello.'
  [PASS] allows 'Northgate Campus' given caller said "She's at the Northgate campus."
  [PASS] blocks 'Jubilee Hills' given caller said 'He works out of the Jubilee Hill'
  [PASS] allows '1420 Beacon Street' given caller said "He's at 1420 Beacon Street in Bo"
  [PASS] blocks 'the main branch' given caller said 'Yes this is Northside.'
  [PASS] allows 'Anything At All' given caller said '[...]'

==================================================================
  BRANCH VALIDATOR — a city is not a branch
==================================================================
  [PASS] rejects 'New York branch' with city='New York'
  [PASS] rejects 'London Branch' with city='London'
  [PASS] rejects 'New York City'
  [PASS] rejects 'Boston'
  [PASS] rejects 'the Boston office'
  [PASS] rejects 'Texas'
  [PASS] rejects 'Riverside Campus' with city='Riverside'
  [PASS] accepts 'Northgate Campus'
  [PASS] accepts 'Riverside Campus' with city='Los Angeles'
  [PASS] accepts 'Jubilee Hills'
  [PASS] accepts '1420 Beacon Street' with city='Boston'
  [PASS] accepts 'Mercy General South Campus' with city='Sacramento'
  [PASS] 'Newark branch': asks once, then accepts on retry
  [PASS] 'Newark branch': flagged as having needed clarification
  [PASS] 'the Boston office': asks once, then accepts on retry
  [PASS] 'the Boston office': flagged as having needed clarification
  [PASS] 'London Branch': asks once, then accepts on retry
  [PASS] 'London Branch': flagged as having needed clarification
  [PASS] 'Northgate Campus': real site name accepted first time
  [PASS] '1420 Beacon Street': real site name accepted first time
  [PASS] 'Mercy General South Campus': real site name accepted first time

==================================================================
  SCENARIO 4 — invalid branch ('the branch') must be rejected
==================================================================
[Realtime] Connected: gpt-realtime-2
[Realtime] Session configured — template=forage_data_collection voice=cedar
[Realtime] Waiting for Twilio stream start...
[Realtime] Twilio stream started: MZtest (0.00s after the socket opened — Twilio's own handshake)

════════════════════════════════════════════════════════════
  CALL STARTED  20:55:47
  Doctor  : Dr. Jane Okafor
  Hospital: Northside Medical Group
  Call ID : call-20260903-2055-tsid
════════════════════════════════════════════════════════════
  Greeting → Hi, this is David, calling on behalf of Forage AI about a doctor listing, do you know which branch Dr. Okafor works out of?
────────────────────────────────────────────────────────────

[Realtime] Context sent, greeting requested — starting audio loops

[20:55:47] 🤖 AGENT  : Hi, good afternoon...
[Realtime] usage: in_text=1900 (cached 0)  in_audio=400 (cached 0)  out_audio=800  out_text=20  (cap 1500)  [completed]
[Realtime] Greeting done — now listening to caller (OpenAI's audio clock starts 0.00s into ours)
[Recording] Full options rejected (Twilio disabled in tests) — retrying bare
[Recording] Could not start: Twilio disabled in tests. The local WAV mix will still be written.
[20:55:47] 👤 CALLER : She works at the branch.

[20:55:47] ⛔ BRANCH REJECTED: {'branch': 'branch'}
          reason: REJECTED 'branch': generic word | NEED: site name or street address
[Realtime] usage: in_text=2000 (cached 1887)  in_audio=400 (cached 0)  out_audio=800  out_text=20  (cap 1500)  [completed]
[Realtime] Recording: caller=8000 samples, agent_responses=0, n=8000
[Realtime] Caller raw RMS per 3s: []

════════════════════════════════════════════════════════════
  CALL ENDED  —  call-20260903-2055-tsid
────────────────────────────────────────────────────────────
  Doctor   : Dr. Jane Okafor
  Hospital : Northside Medical Group
  Duration : 0s
  Result   : ⚠️  NOT RESOLVED — unknown
────────────────────────────────────────────────────────────
  TRANSCRIPT:
  [20:55:47] 🤖 AGENT : Hi, good afternoon...
  [20:55:47] 👤 Caller: She works at the branch.
────────────────────────────────────────────────────────────
  Recording: C:\Users\varun\AppData\Local\Temp\realtime-protocol-test\call-20260903-2055-tsid.wav
  JSON     : data/3 cases jsons/call-20260903-2055-tsid.json
════════════════════════════════════════════════════════════

  CONVERSATION SHAPE
    agent turns          1
    of which questions   0
    caller turns         1 (0 of them questions)
    stapled onto answers 0 of 0  (n/a)
    asked twice running  0
    asked twice in a turn 0
    turns stacking moves 0   (longest 0 sentences, 0 words)
    repeated sentences   0
    said twice in a row  0
    spoke over itself    0
    caller turns measured 0 of 1   <- unmeasured turns bypass the hint-echo check

────────────────────────────────────────────────────────
  💰  CALL COST — call-20260903-2055-tsid
      model=gpt-realtime-2  template=forage_data_collection
────────────────────────────────────────────────────────
  Duration         0s (0.0 min), 2 responses
  Audio in                  800 tok  → $0.0256
  Audio in cached             0 tok  → $0.0000
  Audio out               1,600 tok  → $0.1024
  Text in                 2,013 tok  → $0.0081
  Text in cached          1,887 tok  → $0.0008
  Text out                   40 tok  → $0.0010
  Telephony                0.00 min  → $0.0000
────────────────────────────────────────────────────────
  TOTAL                              → $0.1378
  cache hit rate                       40.1%
────────────────────────────────────────────────────────

  [PASS] generic word rejected, call not resolved
  [PASS] save_branch returned an error the model can act on  — REJECTED 'branch': generic word | NEED: site name or street address

==================================================================
  HINT ECHO — a bare prompt word is not a location
==================================================================
  [PASS] the bare-word guard keeps its vocabulary after the hint is retired  — 30 words — from _RETIRED_VOCAB_TEXT, not the live hint
  [PASS] the call-1705 'Suite' is still refused with the hint empty  — retiring the hint must not cost the protection it bought
  [PASS] a caller may still answer 'which branch?' with 'Baptist'  — _RETIRED_HINT_TEXT must not reach a one-word test
  [PASS] a caller may still answer 'which branch?' with 'Mercy'  — _RETIRED_HINT_TEXT must not reach a one-word test
  [PASS] a caller may still answer 'which branch?' with 'Methodist'  — _RETIRED_HINT_TEXT must not reach a one-word test
  [PASS] a caller may still answer 'which branch?' with 'Providence'  — _RETIRED_HINT_TEXT must not reach a one-word test
  [PASS] a word from a SYNTHETIC hint is rejected — the guard follows the hint
  [PASS] and is allowed under a different hint that never contained it
  [PASS] which protects its own words instead
  [PASS] and with no hint at all nothing is protected — not even retired text  — a permanent one-word list here discards real single-word answers
  [PASS] no vocabulary is hardcoded in the guard body
  [PASS] bare hint word rejected: 'accepting'
  [PASS] bare hint word rejected: 'avenue'
  [PASS] bare hint word rejected: 'boulevard'
  [PASS] bare hint word rejected: 'campus'
  [PASS] bare hint word rejected: 'center'
  [PASS] bare hint word rejected: 'clinic'
  [PASS] bare hint word rejected: 'downtown'
  [PASS] bare hint word rejected: 'drive'
  [PASS] bare hint word rejected: 'east'
  [PASS] bare hint word rejected: 'insurance'
  [PASS] bare hint word rejected: 'list'
  [PASS] bare hint word rejected: 'location'
  [PASS] bare hint word rejected: 'medical'
  [PASS] bare hint word rejected: 'midtown'
  [PASS] bare hint word rejected: 'new'
  [PASS] bare hint word rejected: 'north'
  [PASS] bare hint word rejected: 'office'
  [PASS] bare hint word rejected: 'parkway'
  [PASS] bare hint word rejected: 'patients'
  [PASS] bare hint word rejected: 'referral'
  [PASS] bare hint word rejected: 'satellite'
  [PASS] bare hint word rejected: 'scheduling'
  [PASS] bare hint word rejected: 'south'
  [PASS] bare hint word rejected: 'street'
  [PASS] bare hint word rejected: 'suite'
  [PASS] bare hint word rejected: 'uptown'
  [PASS] bare hint word rejected: 'waiting'
  [PASS] bare hint word rejected: 'waitlist'
  [PASS] bare hint word rejected: 'west'
  [PASS] bare hint word rejected: 'words'
  [PASS] trailing punctuation does not smuggle one through
  [PASS] multi-word location survives despite hint words: 'Downtown East'
  [PASS] multi-word location survives despite hint words: '1420 Beacon Street'
  [PASS] multi-word location survives despite hint words: 'Northgate Campus'
  [PASS] multi-word location survives despite hint words: 'Riverside Clinic'
  [PASS] multi-word location survives despite hint words: 'Baptist Medical Center'
  [PASS] multi-word location survives despite hint words: 'Methodist Medical Center'
  [PASS] multi-word location survives despite hint words: 'Mercy General South Campus'
  [PASS] multi-word location survives despite hint words: 'Suite 200, Beacon Street'
  [PASS] real one-word name survives: 'Northgate'
  [PASS] real one-word name survives: 'Riverside'
  [PASS] real one-word name survives: 'Jubilee'
  [PASS] save_branch still accepts 'Northgate Campus'
  [PASS] save_branch still accepts 'Riverside Clinic'
  [PASS] save_branch still accepts 'Baptist Medical Center'
  [PASS] save_branch still accepts 'Methodist Medical Center'
  [PASS] save_branch still accepts 'Downtown East'
  [PASS] save_branch still accepts '1420 Beacon Street'
  [PASS] all three existing gates pass 'Suite' — this one is load-bearing

[20:55:51] 🎣 HINT ECHO BLOCKED: 'Suite' came from our own transcription prompt
[Realtime] budget NOT reset - that value was refused as ungrounded, so nothing the caller said bought it

[20:55:51] ⛔ BRANCH REJECTED: {'branch': 'Suite'}
          reason: NOT SAVED — 'Suite' is one generic location word, not the name of a place | LIKELY a transcription artifact on a turn that carried no speech | NEED: the site name in full, as they said it
  [PASS] the hmm fixture 'Suite' is refused at the tool call  — NOT SAVED — 'Suite' is one generic location word, not the name of a place | LIKELY a transcription artifact on a turn that carried no speech | NEED: the site name in full, as they said it
  [PASS] and nothing reached the record
  [PASS] and the refusal is recorded, not silently dropped
  [PASS] the rejection is terse machinery the model can act on
[Realtime] 🎯 outcome=complete  collected=branch

[20:55:51] ✅ BRANCH SAVED   : {'branch': 'Mission Bay Clinic'}
  [PASS] and the real branch still saves on the very next attempt
  [PASS] the fixture's rms is still above both audio thresholds
  [PASS] 'Yes.' is not hint vocabulary and is never quarantined
  [PASS] 'Okay.' is not hint vocabulary and is never quarantined
  [PASS] 'Sure.' is not hint vocabulary and is never quarantined
  [PASS] 'No.' is not hint vocabulary and is never quarantined

==================================================================
  BACKCHANNEL ECHO — our own mm-hm must not come back as speech
==================================================================
  [PASS] the echo guard is tested whether or not the feature is on
  [PASS] backchannels are off, or the shipping voice has clips  — voice='cedar' clips=4 enabled=False
  [PASS] the feature is never enabled on a voice that has no clips
  [PASS] the echo floor does not consult realtime_echo_gate
  [PASS] echo floor separates speech from silence under gate='pass'
  [PASS] echo floor separates speech from silence under gate='energy'
  [PASS] echo floor separates speech from silence under gate='drop'
  [PASS] an empty frame is not mistaken for speech
  [PASS] the clip is a noise, not a turn (voice=cedar)  — 0.65s
  [PASS] the mute window is derived from the clip's own length
  [PASS] plus a margin for the acoustic round trip
  [PASS] and that margin is non-zero  — 0.4s
  [PASS] suppressed frames are counted, not silently discarded
  [PASS] and both numbers reach the call artifact
  [PASS] outside the window, even silence is forwarded untouched
  [PASS] inside the window, a below-floor frame is withheld
  [PASS] inside the window, REAL SPEECH still gets through
  [PASS] the window closes on its own — it cannot eat the rest of the call
  [PASS] and the media loop counts the frame before dropping it
  [PASS] the floor sits below every caller level measured on a live call  — floor 0.02 vs quietest measured 0.079

==================================================================
  TURN DETECTION — whichever ships, the payload must be coherent
==================================================================
  [PASS] inbound stays g711 passthrough
  [PASS] outbound asks for PCM16 24k so it can be conditioned  — {'type': 'audio/pcm', 'rate': 24000}
  [PASS] omitting output_format leaves both legs on the inbound format
  [PASS] the conditioner has scipy and is actually running
  [PASS] chunked deltas produce byte-identical audio to one-shot — no seam  — 24000 vs 24000 bytes
  [PASS] ragged chunk sizes keep decimation phase — still byte-identical  — 24000 vs 24000
  [PASS] presence lift raises 2-3.4 kHz by more than half again  — 10.41% -> 26.72%
  [PASS] conditioning preserves level to within 1 dB at the nominal -16 dBFS  — -16.4 -> -17.3 dBFS
  [PASS] compression narrows the range without inverting it  — -8 -> -14.6, -16 -> -17.3, -24 -> -20.0 dBFS
  [PASS] and it narrows it at the configured 3:1  — 16 dB in spans 5.4 dB out = 2.97:1
  [PASS] the lift does not drive the signal into the mu-law ceiling  — 0.000% at ceiling
  [PASS] 3s in, 3s out — the truncation and recording clock still agrees  — 3.000s
  [PASS] with no scipy it still emits correctly-sized mu-law, unconditioned  — 3200 bytes
  [PASS] an odd-length delta is trimmed, not raised
  [PASS] in=pcmu out=pcmu: a 1s agent block measures 1s  — 1.000s via pcmu
  [PASS] in=pcmu out=pcm: a 1s agent block measures 1s  — 1.000s via pcm
  [PASS] in=pcm out=pcmu: a 1s agent block measures 1s  — 1.000s via pcmu
  [PASS] in=pcm out=pcm: a 1s agent block measures 1s  — 1.000s via pcm
  [PASS] no conditioner -> negotiate mu-law, never PCM we can't filter
  [PASS] and it comes back when the conditioner is available
  [PASS] the artifact records the conditioned leg when it ran  — pcm / True
  [PASS] and claims no downgrade when there was none
  [PASS] a silently downgraded call is recorded as the mu-law it really was, not the pcm it asked for  — setting said 'pcm', record said 'pcmu'
  [PASS] and it carries the reason, so a dull call points at scipy instead of at the prompt  — 'ImportError: simulated'
  [PASS] the inbound leg is on the record as well
  [PASS] the delta handler forwarded exactly one media frame  — 1
  [PASS] and what reached Twilio is conditioned mu-law, not the raw PCM  — 24000 bytes out of 144000 in (raw-PCM passthrough would be 144000)
  [PASS] the recording buffer holds exactly what was sent, not the source
  [PASS] and the sample count that bounds a truncation counts sent samples  — 24000
  [PASS] the shipping detector reaches session.update: 'server_vad'
  [PASS] barge-in stays on under either detector — the caller can cut in
  [PASS] server_vad is sent the silence timer it actually waits on  — 400ms
  [PASS] and NOT eagerness, which it would ignore
  [PASS] the silence timer clears the measured truncation floor  — 400ms vs 360ms
  [PASS] the true acoustic gaps for both detectors are recorded in config
  [PASS] and it says where they came from, not just what they were
  [PASS] the stacking breath still outlasts the silence timer  — 0.7s vs 0.4s

==================================================================
  THE MIRROR — what OpenAI got, and only that
==================================================================
  [PASS] the mirror is appended in exactly ONE place
  [PASS] and that place is immediately before the send to OpenAI  — 125 chars apart
  [PASS] no drop sits between the mirror append and the send
  [PASS] _utterance_slice reads the mirror, not the recording buffer
  [PASS] with nothing withheld the two buffers agree exactly
  [PASS] the recording keeps the withheld frames — the timeline stays gapless  — 27680 bytes
  [PASS] and every withheld frame is counted
  [PASS] the mirror holds exactly the forwarded frames  — 6400 bytes
  [PASS] 173 withheld frames is the 3.46s of drift that call measured
  [PASS] _listen_start_bytes is computed on the mirror, not the recording

==================================================================
  DETECTOR LAG — measured from audio_end_ms, never assumed
==================================================================
  [PASS] the per-detector constant is gone, not merely unused
  [PASS] the only site deriving from realtime_silence_ms is the backchannel pause bound — a threshold, never a reported latency  — 1 reader(s), 1 exempt: ['settings.realtime_silence_ms / 1000.0 - 0.08)']
  [PASS] the reply clock is backdated to when the caller actually stopped
  [PASS] and the lag is computed against the mirror, which makes it exact
  [PASS] the lag is clamped — a disagreeing buffer must not become a latency
  [PASS] no buffered audio past the stop -> zero lag
  [PASS] 500ms buffered after the caller stopped -> 0.5s of detector lag  — 0.500s
  [PASS] a negative lag clamps to zero rather than crediting the future
  [PASS] and a runaway one clamps rather than poisoning the median
  [PASS] the artifact reports a measured detector lag, not a setting
  [PASS] and reports nothing rather than zero when nothing was measured
  [PASS] every felt gap is at least the detector lag inside it
  [PASS] a zero-lag reply is still recorded — the floor cannot drop fast ones  — 3 of 3

==================================================================
  ASK BUDGET — a caller who names a place has engaged
==================================================================

[20:55:54] 🚫 HALLUCINATED BRANCH BLOCKED: {'branch': 'Mission Bay Clinic, 1825 4th Street', 'city': 'San Francisco'}
[Realtime] Ask budget reset — caller named a place (was unanswered=4 no-progress=8 give_up=True)

[20:55:54] ⛔ BRANCH REJECTED: {'branch': 'Mission Bay Clinic, 1825 4th Street', 'city': 'San Francisco'}
          reason: REJECTED — branch='Mission Bay Clinic, 1825 4th Street' (number 4 not in what the caller said) | RE-READ: caller turns, verbatim; a valid location is often already among them | NEED: their own words, any number in digits
  [PASS] a REJECTED save still resets BOTH counters — the caller answered  — unanswered=0 no_progress=0 give_up=False
  [PASS] and the rejection still stands — grounding is not weakened
[Realtime] ⚠️  grounded on other words — 'northgate' never appeared in the caller transcript

[20:55:54] 🚫 HALLUCINATED BRANCH BLOCKED: {'branch': 'Northgate Clinic'}
[Realtime] budget NOT reset - that value was refused as ungrounded, so nothing the caller said bought it

[20:55:54] ⛔ BRANCH REJECTED: {'branch': 'Northgate Clinic'}
          reason: REJECTED — branch='Northgate Clinic' | RE-READ: caller turns, verbatim; a valid location is often already among them | NEED: their own words, any number in digits
  [PASS] a rejection on a caller who named NOWHERE buys no fresh budget  — no_progress=8 — the model's claim that it heard a place is not evidence that one was given
  [PASS] and that rejection stands too

[20:55:55] 📍 ADDRESS DROPPED — they gave '1825 Ford Street'; asking for it to be saved too

[20:55:55] ⛔ BRANCH REJECTED: {'branch': '', 'city': 'San Francisco'}
          reason: NOT SAVED — a street address was given and this value omits it | THEY SAID: '1825 Ford Street' | RETRY: save_branch with both, comma-separated | ALREADY SUPPLIED, nothing further needed from them
  [PASS] an empty branch resets nothing — that is not a caller answering
  [PASS] rejected saves remain bounded by their own budget, which counts UP  — 3
  [PASS] and the save-rejection counter is NOT reset here — only the ask budget

==================================================================
  "YES" IS AN ANSWER — to a yes/no ask, and not to a place ask
==================================================================
  [PASS] place ask: filler=True  'Yes.'  — the whole bug in one string
  [PASS] yes/no ask: filler=False 'Yes.'  — the whole bug in one string
  [PASS] place ask: filler=True  'Yeah'  — same word, spoken
  [PASS] yes/no ask: filler=False 'Yeah'  — same word, spoken
  [PASS] place ask: filler=True  'Yep.'
  [PASS] yes/no ask: filler=False 'Yep.'
  [PASS] place ask: filler=True  'Yes, okay.'  — padded with an acknowledgement
  [PASS] yes/no ask: filler=False 'Yes, okay.'  — padded with an acknowledgement
  [PASS] place ask: filler=False 'No.'  — a refusal is information in either world
  [PASS] yes/no ask: filler=False 'No.'  — a refusal is information in either world
  [PASS] place ask: filler=False 'Nope'
  [PASS] yes/no ask: filler=False 'Nope'
  [PASS] place ask: filler=False "Not sure, I'd have to check."  — UNSURE is an answer
  [PASS] yes/no ask: filler=False "Not sure, I'd have to check."  — UNSURE is an answer
  [PASS] place ask: filler=False "We're full — you'd be number twent"  — the queue position the client actually wants
  [PASS] yes/no ask: filler=False "We're full — you'd be number twent"  — the queue position the client actually wants
  [PASS] place ask: filler=False "She's at the Mission Bay Clinic."  — content is content
  [PASS] yes/no ask: filler=False "She's at the Mission Bay Clinic."  — content is content
  [PASS] place ask: filler=True  'Mm-hm.'  — echo hazard: our own clip
  [PASS] yes/no ask: filler=True  'Mm-hm.'  — echo hazard: our own clip
  [PASS] place ask: filler=True  'Okay.'  — echo hazard: our own clip
  [PASS] yes/no ask: filler=True  'Okay.'  — echo hazard: our own clip
  [PASS] place ask: filler=True  'Right.'  — echo hazard: our own clip
  [PASS] yes/no ask: filler=True  'Right.'  — echo hazard: our own clip
  [PASS] place ask: filler=True  'Sure.'  — echo hazard: our own clip
  [PASS] yes/no ask: filler=True  'Sure.'  — echo hazard: our own clip
  [PASS] place ask: filler=True  'Hello?'  — a repair signal, not an answer
  [PASS] yes/no ask: filler=True  'Hello?'  — a repair signal, not an answer
  [PASS] place ask: filler=True  'Sorry, say again?'
  [PASS] yes/no ask: filler=True  'Sorry, say again?'
  [PASS] with no ask in view the old verdict stands — a bare yes is not a place  — the only ask this agent has ever made is for a place
  [PASS] expects ['place']: 'Which branch is Dr. Okafor working out of?'  — wh-form
  [PASS] expects ['place']: 'Could you tell me which office she practises a'
  [PASS] expects ['place']: "I'm trying to confirm the address she works fr"  — statement-form request
  [PASS] expects ['place']: "Do you know which office she's at?"  — opens with an auxiliary and is still a request for a place
  [PASS] expects ['choice']: 'Is that your only office there?'  — the branch-clarification ask
  [PASS] expects ['choice']: "That's the only one, right?"  — tag question
  [PASS] expects ['choice']: 'Are you accepting new patients at that locatio'  — the field the next script adds
  [PASS] a compound ask entitles them to answer either half  — ['choice', 'place']
  [PASS] choice=yes      'Yes, we are.'
  [PASS] choice=yes      'Yep, taking new patients right now.'
  [PASS] choice=no       "No, we're not accepting new patients."
  [PASS] choice=waitlist "We're full, but I can put you on the waitlis"  — a queue position recorded as 'no' is the one fact the client would have acted on
  [PASS] choice=waitlist "You'd be number twenty-one in the queue."  — a queue position recorded as 'no' is the one fact the client would have acted on
  [PASS] choice=waitlist "We're full right now."  — a queue position recorded as 'no' is the one fact the client would have acted on
  [PASS] choice=unsure   "I'm not sure, you'd have to ask the doctor."
  [PASS] choice=unsure   'It depends on the insurance.'
  [PASS] choice=none     "She's at the Mission Bay Clinic."
  [PASS] a CHOICE field holding a real state is collected
  [PASS] and only the CANONICAL state — the tool canonicalises, so anything else in the field is a bug in the tool, not a sentence to re-read
  [PASS] a CHOICE field holding an unclassifiable value is NOT collected  — otherwise the objective resolves on a value nobody can read

==================================================================
  SUCCESS CONDITION — declared by the template, not by save_branch
==================================================================
  [PASS] save_branch still records the field
  [PASS] and no longer decides the call — nothing set resolved  — None
  [PASS] the save_branch body was located (this check is worth something)
  [PASS] and nothing in it assigns resolved= any more
  [PASS] run_tool derives the verdict after the tool, from the objective  — resolved=True outcome='complete'
  [PASS] nothing collected -> NONE
  [PASS] branch without the accepting status -> PARTIAL, not a failure  — partial
  [PASS] accepting status without a branch -> PARTIAL, not NOTHING  — this is the call that recorded as NOT RESOLVED with real data in it
  [PASS] both fields -> COMPLETE
  [PASS] and the artifact names what is missing  — ('accepting',)
  [PASS] whether a partial is success is the TEMPLATE's call, not this file's  — success_at is the open question, declared rather than answered
  [PASS] a lenient objective still requires something to have been collected
  [PASS] a PARTIAL call still writes the branch it did get  — the old gate was `resolved and branch`, so a partial wrote nothing
  [PASS] but does not claim the record is VERIFIED  — partially_verified
  [PASS] and the change is recorded on the row
  [PASS] escalate records how the call ENDED and does not zero what it got  — resolved=True
  [PASS] a field no tool writes is caught, not left to look like a refusal
  [PASS] every field forage_data_collection declares is one a tool can write
  [PASS] forage_data_collection declares what it collects
  [PASS] every field forage_ai_disclosed declares is one a tool can write
  [PASS] forage_ai_disclosed declares what it collects
  [PASS] every field provider_verification declares is one a tool can write
  [PASS] provider_verification declares what it collects
  [PASS] every field patient_discovery declares is one a tool can write
  [PASS] patient_discovery declares what it collects

==================================================================
  ASK BUDGET — spent by silence, not by answers
==================================================================

[20:55:57] 🤖 AGENT  : Which branch is Dr. Okafor working out of?

[20:55:57] 🤖 AGENT  : Is that the only office she has, or is there another location?
[Realtime] Re-asked 0.0s after the last ask — telling the agent to give them room

[20:55:57] 🤖 AGENT  : Does she see patients at a different site as well?

[20:55:57] 🤖 AGENT  : What's the street address for that branch?
  [PASS] four asks the caller ANSWERED do not end the call  — this is the new script's happy path, and it is per doctor
  [PASS] nothing was charged to the budget  — 0
  [PASS] the no-progress ceiling still counted them — engaging is not supplying  — 4

[20:55:58] 🤖 AGENT  : Is that your only office there?

[20:55:58] 🤖 AGENT  : Is that the only branch, or is there another location?
[Realtime] Re-asked 0.0s after the last ask — telling the agent to give them room

[20:55:58] 🤖 AGENT  : Is this the only site she practises from?

[20:55:58] 🤖 AGENT  : Is that branch still her main office?

[20:55:58] 🤖 AGENT  : Is the campus on Main Street her only location?

[20:55:58] 🤖 AGENT  : Is that where she usually sees patients, at that address?
  [PASS] six yes/no asks answered 'Yes.' do not end the call  — with the old global filler filter every one of these was silence
  [PASS] a bare 'Yes.' to a yes/no ask advances nothing  — 0

[20:55:58] 🤖 AGENT  : Is that your only office there?

[20:55:58] 🤖 AGENT  : Is that the only branch, or is there another location?
[Realtime] Ask into silence (1/4 unanswered, 2/8 without progress)
[Realtime] Re-asked 0.0s after the last ask — telling the agent to give them room

[20:55:58] 🤖 AGENT  : Is this the only site she practises from?
[Realtime] Ask into silence (2/4 unanswered, 3/8 without progress)

[20:55:58] 🤖 AGENT  : Is that branch still her main office?
[Realtime] Ask into silence (3/4 unanswered, 4/8 without progress)

[20:55:58] 🤖 AGENT  : Is the campus on Main Street her only location?
[Realtime] Ask into silence (4/4 unanswered, 5/8 without progress)
[Realtime] 4 asks with no reply from the caller — telling the agent to stop and escalate

[20:55:58] 🤖 AGENT  : Is that where she usually sees patients, at that address?
[Realtime] Ask into silence (5/4 unanswered, 6/8 without progress)
  [PASS] five asks answered with nothing but 'Hello?' DO end the call  — the budget still exists; it counts the right thing now
  [PASS] the unanswered counter is what ran out  — 5/4
  [PASS] and the directive says so — they did not answer, they did not refuse  — unanswered
  [PASS] the escalate reason it dictates is true of this call  — 'caller engaged but never provided a location' was not

[20:55:59] 🤖 AGENT  : Which office is Dr. Okafor at on Monday?

[20:55:59] 🤖 AGENT  : Which office is Dr. Okafor at on Tuesday?
[Realtime] Re-asked 0.0s after the last ask — telling the agent to give them room

[20:55:59] 🤖 AGENT  : Which office is Dr. Okafor at on Wednesday?

[20:55:59] 🤖 AGENT  : Which office is Dr. Okafor at on Thursday?

[20:55:59] 🤖 AGENT  : Which office is Dr. Okafor at on Friday?

[20:55:59] 🤖 AGENT  : Which office is Dr. Okafor at on the weekend?

[20:55:59] 🤖 AGENT  : Which office is Dr. Okafor at on holidays?

[20:55:59] 🤖 AGENT  : Which office is Dr. Okafor at on most weeks?
[Realtime] 8 asks with nothing collected — telling the agent to stop and escalate

[20:55:59] 🤖 AGENT  : Which office is Dr. Okafor at on this week?

[20:55:59] 🤖 AGENT  : Which office is Dr. Okafor at on next week?
  [PASS] a caller who engages and never supplies still ends up closed out — there is no duration cap to catch this
  [PASS] and it is reported as no progress, not as silence  — no_progress
  [PASS] the liveness ceiling sits above the budget, or it would be the budget  — 8 vs 4
  [PASS] and above the happy path it has to survive  — 8 vs 4

[20:55:59] 🤖 AGENT  : Which office is Dr. Okafor at on Monday?

[20:55:59] 🤖 AGENT  : Which office is Dr. Okafor at on Tuesday?
[Realtime] Re-asked 0.0s after the last ask — telling the agent to give them room

[20:55:59] 🤖 AGENT  : Which office is Dr. Okafor at on Wednesday?
  [PASS] asks accumulate without progress
[Realtime] Ask budget reset — collected branch (was unanswered=0 no-progress=3 give_up=False)
  [PASS] and one collected field clears every counter, for the next doctor  — three hand-written reset sites disagreed about which to clear

==================================================================
  TEMPLATE 3 — provider verification: branch AND new-patient status
==================================================================
  [PASS] declares identity FIRST, then branch, then accepting  — ['identity', 'branch', 'accepting', 'scheduling', 'referral']
  [PASS] all of them are required — conditionally for the later two, which is what required_when expresses
  [PASS] the accepting field is CHOICE-kind and probes with ACCEPTING_ASK  — reusing what objectives.py already defines, not a second pattern
  [PASS] every field it declares is one a tool actually writes  — a key nothing writes is a template bug wearing a receptionist's clothes
  [PASS] and the field points at the key the tool writes, by constant not by spelling
  [PASS] success_at is still STRICT — branch-without-status is not a success  — flagged in the diff; change it when the client answers, not before
  [PASS] so branch-only reports PARTIAL and resolved=False  — partial is EXPRESSIBLE either way — that is the point of the three-valued outcome
  [PASS] and the artifact names only what is actually still owed  — scheduling and referral are not owed until accepting comes back yes
  [PASS] the greeting names the caller AND the organisation  — Hi, this is Alex, calling on behalf of Definitive Healthcare
  [PASS] the client's not-booking line comes AFTER the identification, not instead of it  — Hi, this is Alex, calling on behalf of Definitive Healthcare to verify some information that was missed on our website — I'm not calling to book anything. Is now a good time?
  [PASS] and still says 'on behalf of' — it does not claim employment

------------------------------------------------------------------
  save_new_patient_status — four states, and a value it can read
------------------------------------------------------------------
  [PASS] status='yes'      accepted=True
  [PASS]   and 'yes' is stored under the declared key
  [PASS] status='no'       accepted=True
  [PASS]   and 'no' is stored under the declared key
  [PASS] status='waitlist' accepted=True
  [PASS]   and 'waitlist' is stored under the declared key
  [PASS] status='unsure'   accepted=True
  [PASS]   and 'unsure' is stored under the declared key
  [PASS] status='maybe'    accepted=False  — REJECTED 'maybe': not one of the states | NEED: ye
  [PASS] status=''         accepted=False  — REJECTED '': not one of the states | NEED: yes | n
  [PASS] a sentence is classified rather than rejected — and a queue position is WAITLIST, not no  — 'waitlist'
  [PASS] their own words are kept beside the state  — the state is what the directory filters on; the wording is what a reviewer needs to believe it
  [PASS] a value the process cannot classify is NOT collected  — otherwise the objective resolves on something no reader can act on

------------------------------------------------------------------
  Grounding the status — why classify_choice(blob) is not enough
------------------------------------------------------------------
  [PASS] a real 'yes' on real audio grounds
  [PASS] and so does a waitlist answer in their own words
  [PASS] a blob check WOULD have found a yes in this call  — which is what makes the next assertion worth something
  [PASS] but 'Yes, speaking.' said BEFORE the question does not ground a yes  — callers say yes constantly for other reasons — a status is two bits and has no distinctiveness to protect it
  [PASS] a receptionist asking the question BACK does not ground the answer
  [PASS] a bare 'Yes.' on silent audio is refused — that is what a transcription artefact looks like
  [PASS] but a bare 'Yes.' on real audio is a real answer  — bare is the NORMAL shape of this answer; only the audio separates them
  [PASS] an unmeasured turn is not treated as fabricated  — absence of measurement is not evidence
  [PASS] no caller speech since the ask -> the guard stands down rather than blocking every save
  [PASS] nothing since the ask, on a call that IS transcribing -> blocked  — standing down accepts the field on no evidence at all, which is strictly weaker than the asked-back case this function already refuses twenty lines below
  [PASS] and a refusal is not recorded as an unchecked quote  — nothing was accepted, so there is no quote to mark

------------------------------------------------------------------
  A save whose evidence is still in flight
------------------------------------------------------------------

[20:56:09] ⏸️  HELD FOR EVIDENCE: save_new_patient_status({'status': 'yes', 'heard': "Yes, she's taking on new patients right now."})
          the transcript for that turn is still in flight — judging it when it lands, not now

[20:56:09] ✅ NEW_PATIENT   : {'status': 'yes', 'heard': "Yes, she's taking on new patients right now."}
  [PASS] a save proposed before its transcript is HELD, not refused  — refusing here is what produced the apology and the re-ask
  [PASS] and nothing is written while it is held  — None
  [PASS] the model is told it is in hand, not that nobody answered  — {'ok': True, 'pending': True, 'note': 'Held — their words are still being transcribed and this will be checked against them. Do not ask again and do not apologise; carry on.'}
  [PASS] and is not invited to re-ask

[20:56:09] ✅ SAVE_NEW_PATIENT_STATUS (held 0.02s for the transcript): {'status': 'yes', 'heard': "Yes, she's taking on new patients right now."}
[Realtime] 🎯 outcome=partial  collected=identity,accepting  missing=branch,scheduling,referral
  [PASS] when the words land the held save is applied  — None
  [PASS] and the artifact says it was applied late, not silently  — [{'tool': 'save_new_patient_status', 'args': {'status': 'yes', 'heard': "Yes, she's taking on new patients right now."}, 'waited_s': 0.02, 'outcome': 'applied', 'held_because': "status='yes' — nothing has been transcribed since you asked | NEED: their answer to THAT question, in their own words", 'error': None}]
  [PASS] and NO re-ask directive is injected — the question was answered

[20:56:09] ⏸️  HELD FOR EVIDENCE: save_new_patient_status({'status': 'yes', 'heard': 'Yes, she is.'})
          the transcript for that turn is still in flight — judging it when it lands, not now

[20:56:09] ✅ NEW_PATIENT   : {'status': 'yes', 'heard': 'Yes, she is.'}
  [PASS] a save with no transcript is held
  [PASS] a transcript that never comes writes NOTHING  — this is the fabrication the deferral must not introduce
  [PASS] and the unresolved save is still on the session for the artifact

[20:56:10] ⏸️  HELD FOR EVIDENCE: save_new_patient_status({'status': 'yes', 'heard': 'Yes, she is.'})
          the transcript for that turn is still in flight — judging it when it lands, not now

[20:56:10] ✅ NEW_PATIENT   : {'status': 'yes', 'heard': 'Yes, she is.'}

[20:56:10] 🚫 HELD ANSWER REFUSED — the transcript arrived and does not bear it out: save_new_patient_status({'status': 'yes', 'heard': 'Yes, she is.'})
          status='yes' — nothing the caller said since you asked reads as that answer | THEY SAID: 'No, she is not taking any new patients at the moment.'
  [PASS] a 'yes' the caller contradicted is NOT saved  — None
  [PASS] recorded as contradicted, with the guard's reason  — [{'tool': 'save_new_patient_status', 'args': {'status': 'yes', 'heard': 'Yes, she is.'}, 'waited_s': 0.0, 'outcome': 'contradicted', 'held_because': "status='yes' — nothing has been transcribed since you asked | NEED: their answer to THAT question, in their own words", 'why': "status='yes' — nothing the caller said since you asked reads as that answer | THEY SAID: 'No, she is not taking any new patients at the moment.'"}]
  [PASS] and NOW the model is told to ask again — there is evidence for it  — the re-ask this mechanism prevents is the UNEVIDENCED one

[20:56:10] ⏸️  HELD FOR EVIDENCE: save_new_patient_status({'status': 'yes', 'heard': "Yes, she's taking on new patients right now."})
          the transcript for that turn is still in flight — judging it when it lands, not now

[20:56:10] ✅ NEW_PATIENT   : {'status': 'yes', 'heard': "Yes, she's taking on new patients right now."}

[20:56:10] ✅ SAVE_NEW_PATIENT_STATUS (held 0.06s for the transcript): {'status': 'yes', 'heard': "Yes, she's taking on new patients right now."}
[Realtime] 🎯 outcome=partial  collected=identity,accepting  missing=branch,scheduling,referral
  [PASS] an answered question is saved and never re-asked  — saved=None injections=[{'type': 'conversation.item.create', 'item': {'type': 'function_call_output', 'call_id': 'd1', 'output': '{"ok": true, "pending": true, "note": "Held \\u2014 their words are still being transcribed and this will be checked against them. Do not ask again and do not apologise; carry on."}'}}]

[20:56:11] ⏸️  HELD FOR EVIDENCE: save_scheduling_status({'status': 'yes', 'heard': 'Yes, you can book online or call us directly also.'})
          the transcript for that turn is still in flight — judging it when it lands, not now

[20:56:11] ✅ SCHEDULING    : {'status': 'yes', 'heard': 'Yes, you can book online or call us directly also.'}
  [PASS] save_scheduling_status defers on the same condition

[20:56:11] ✅ SAVE_SCHEDULING_STATUS (held 0.03s for the transcript): {'status': 'yes', 'heard': 'Yes, you can book online or call us directly also.'}
[Realtime] 🎯 outcome=partial  collected=identity,accepting,scheduling  missing=branch,referral
  [PASS] and applies when the words land  — None

[20:56:11] ⏸️  HELD FOR EVIDENCE: save_new_patient_status({'status': 'no', 'heard': "No, she's not."})
          the transcript for that turn is still in flight — judging it when it lands, not now

[20:56:11] ✅ NEW_PATIENT   : {'status': 'no', 'heard': "No, she's not."}
  [PASS] held while the words are in flight, as before
  [PASS] and nothing is closing yet - the save has not actually happened

[20:56:12] ✅ SAVE_NEW_PATIENT_STATUS (held 0.20s for the transcript): {'status': 'no', 'heard': "No, she's not taking new patients."}
[Realtime] 🎯 outcome=complete  collected=identity,branch,accepting  n/a=scheduling,referral
[Realtime] 🏁 objective complete on the deferred save — closing after the response already in flight
  [PASS] the held save applies when the words land
  [PASS] and an objective completing on THAT save now closes the call  — before this, the deferred path could not end a call at all
  [PASS] the goodbye is NOT injected here  — `_closing_sent` is a local of the event loop and the in-flight response has not spoken yet - both are answerable one event later
  [PASS] and sess.done is not set here either - response.done owns that

[20:56:12] ⏸️  HELD FOR EVIDENCE: save_new_patient_status({'status': 'no', 'heard': "No, she's not."})
          the transcript for that turn is still in flight — judging it when it lands, not now

[20:56:12] ✅ NEW_PATIENT   : {'status': 'no', 'heard': "No, she's not."}

[20:56:12] ✅ SAVE_NEW_PATIENT_STATUS (held 0.14s for the transcript): {'status': 'no', 'heard': "No, she's not taking new patients."}
[Realtime] 🎯 outcome=partial  collected=identity,accepting  missing=branch  n/a=scheduling,referral
  [PASS] a save that leaves the branch outstanding still applies
  [PASS] but does not close the call - the branch is still missing  — missing=('branch',)
  [PASS] the loop re-runs the goodbye-shape test before hanging up  — hanging up on a question left a caller answering a dead line
  [PASS] and it is the same test: an utterance ending in '?' is not a farewell
  [PASS] the closing it asks for is bookkept, so THIS response.done is consumed and the goodbye's own one reaches the hang-up branch
  [PASS] and it stands down while a response is already in flight  — asking for the goodbye into a live response is the collision this module has been bitten by twice; the flag survives to try again

[20:56:13] 🚫 UNGROUNDED ANSWER BLOCKED: save_new_patient_status({'status': 'yes', 'heard': 'Yes, she is.'})
[Realtime] budget NOT reset - save_new_patient_status was refused as ungrounded, so nothing the caller said bought it

[20:56:13] ⛔ NEW_PATIENT   : REJECTED {'status': 'yes', 'heard': 'Yes, she is.'}
          reason: NOT SAVED — status='yes' — nothing the caller said since you asked reads as that answer | THEY SAID: 'No, she is not.' | RE-READ: their turns, verbatim; the answer is often already among them | NEED: their own words on new patients, or 'unsure'
  [PASS] with the transcript already in hand a bad save is refused ON THE SPOT  — deferring a contradiction would delay every correction to the hangup
  [PASS] and the model is told so immediately  — [{'type': 'conversation.item.create', 'item': {'type': 'function_call_output', 'call_id': 'd1', 'output': '{"ok": false, "error": "NOT SAVED \\u2014 status=\'yes\' \\u2014 nothing the caller said since you asked reads as that answer | THEY SAID: \'No, she is not.\' | RE-READ: their turns, verbatim; the answer is often already among them | NEED: their own words on new patients, or \'unsure\'"}'}}]

------------------------------------------------------------------
  A BRANCH save whose evidence is still in flight
------------------------------------------------------------------
[Realtime] ⚠️  grounded on other words — 'riverside' never appeared in the caller transcript

[20:56:14] ⏸️  BRANCH HELD FOR EVIDENCE: {'branch': 'Riverside campus'}
          the transcript for that turn is still in flight — judging it when it lands, not now

[20:56:14] ✅ BRANCH SAVED   : {'branch': 'Riverside campus'}
  [PASS] a branch proposed before its transcript is HELD, not blocked  — this path rejected, and the caller was asked a third time
  [PASS] and nothing is written while it is held  — None
  [PASS] the model is told it is in hand, not that it invented the name  — [{'type': 'conversation.item.create', 'item': {'type': 'function_call_output', 'call_id': 'b1', 'output': '{"ok": true, "pending": true, "note": "Held \\u2014 their words are still being transcribed and this will be checked against them. Do not ask again and do not apologise; carry on."}'}}]

[20:56:14] ✅ SAVE_BRANCH (held 0.08s for the transcript): {'branch': 'Riverside campus'}
[Realtime] 🎯 outcome=partial  collected=identity,branch  missing=accepting  n/a=scheduling,referral
  [PASS] and when the words land the branch is saved  — 'Riverside campus'
  [PASS] recorded as applied late, not silently  — [{'tool': 'save_branch', 'args': {'branch': 'Riverside campus'}, 'waited_s': 0.08, 'outcome': 'applied', 'held_because': "branch='Riverside campus'", 'error': None}]
[Realtime] ⚠️  grounded on other words — 'riverside' never appeared in the caller transcript

[20:56:15] ⏸️  BRANCH HELD FOR EVIDENCE: {'branch': 'Riverside campus, 1477 10th Street'}
          the transcript for that turn is still in flight — judging it when it lands, not now

[20:56:15] ✅ BRANCH SAVED   : {'branch': 'Riverside campus, 1477 10th Street'}
  [PASS] a branch with digits is held on the same condition

[20:56:15] ✅ SAVE_BRANCH (held 0.05s for the transcript): {'branch': 'Riverside campus, 1477 10th Street'}
[Realtime] 🎯 outcome=partial  collected=identity,branch  missing=accepting  n/a=scheduling,referral
  [PASS] and the digits ground once the words are actually there  — 'Riverside campus, 1477 10th Street'
[Realtime] ⚠️  grounded on other words — 'eastside' never appeared in the caller transcript

[20:56:15] ⏸️  BRANCH HELD FOR EVIDENCE: {'branch': 'Eastside Clinic'}
          the transcript for that turn is still in flight — judging it when it lands, not now

[20:56:15] ✅ BRANCH SAVED   : {'branch': 'Eastside Clinic'}

[20:56:15] 🚫 HELD ANSWER REFUSED — the transcript arrived and does not bear it out: save_branch({'branch': 'Eastside Clinic'})
          branch='Eastside Clinic'
  [PASS] a site name the words do not support is NOT saved  — None
  [PASS] recorded as contradicted  — [{'tool': 'save_branch', 'args': {'branch': 'Eastside Clinic'}, 'waited_s': 0.0, 'outcome': 'contradicted', 'held_because': "branch='Eastside Clinic'", 'why': "branch='Eastside Clinic'"}]
  [PASS] and NOW the model is told to ask again — there is evidence for it
[Realtime] ⚠️  grounded on other words — 'eastside' never appeared in the caller transcript

[20:56:16] 🚫 HALLUCINATED BRANCH BLOCKED: {'branch': 'Eastside Clinic'}

[20:56:16] ⛔ BRANCH REJECTED: {'branch': 'Eastside Clinic'}
          reason: REJECTED — branch='Eastside Clinic' | RE-READ: caller turns, verbatim; a valid location is often already among them | NEED: their own words, any number in digits
  [PASS] with the transcript in hand a fabricated branch is blocked immediately  — deferring a fabrication would be a regression, not a fix
  [PASS] and the model is told so at once  — [{'type': 'conversation.item.create', 'item': {'type': 'function_call_output', 'call_id': 'b1', 'output': '{"ok": false, "error": "REJECTED \\u2014 branch=\'Eastside Clinic\' | RE-READ: caller turns, verbatim; a valid location is often already among them | NEED: their own words, any number in digits"}'}}]
  [PASS] a placeholder the transcriber has not answered for is PENDING
  [PASS] one it HAS answered for — and the answer was discarded — is not  — waiting on that spends the ceiling for evidence that will never come
  [PASS] and a turn with real words is not pending either

------------------------------------------------------------------
  The caller asking to hang up
------------------------------------------------------------------
  [PASS] caller ending recognised: 'Thank you bye Cut the call.'
  [PASS] caller ending recognised: 'Bye-bye.'
  [PASS] caller ending recognised: 'Bye, I said.'
  [PASS] caller ending recognised: 'Goodbye.'
  [PASS] caller ending recognised: 'okay bye'
  [PASS] caller ending recognised: 'please cut the call'
  [PASS] caller ending recognised: 'end the call now'
  [PASS] caller ending recognised: 'can you hang up'
  [PASS] not treated as an ending: 'How many times you will tell me bro?'  — a false positive here hangs up on someone mid-sentence
  [PASS] not treated as an ending: 'By the way, she is at Riverside.'  — a false positive here hangs up on someone mid-sentence
  [PASS] not treated as an ending: 'I will pass you by the front desk.'  — a false positive here hangs up on someone mid-sentence
  [PASS] not treated as an ending: 'Hahaha.'  — a false positive here hangs up on someone mid-sentence
  [PASS] not treated as an ending: 'Yes, she is taking new patients.'  — a false positive here hangs up on someone mid-sentence
  [PASS] not treated as an ending: 'No, nothing else.'  — a false positive here hangs up on someone mid-sentence
[20:56:17] 👤 CALLER : Thank you bye. Cut the call.

[20:56:17] 👋 CALLER ENDED THE CALL: 'Thank you bye. Cut the call.'
[Realtime]   ^ closing after the reply already in flight
  [PASS] a caller farewell sets sess.done  — the only flag that reaches the hangup branch
  [PASS] and the caller's own words are recorded for the artifact  — 'Thank you bye. Cut the call.'
  [PASS] and NO second response is created from this path  — []
  [PASS] and no goodbye is injected either
[20:56:18] 👤 CALLER : Yes, a referral is always required.
[20:56:18] 💡 VOLUNTEERED — they answered 'referral' without being asked: 'Yes, a referral is always required.'
  [PASS] an ordinary answer does not end the call  — done=False ended_by=None
[20:56:19] 👤 CALLER : Yes, she is taking new patients. Okay bye.

[20:56:19] ✅ SAVE_NEW_PATIENT_STATUS (held 0.00s for the transcript): {'status': 'yes', 'heard': 'Yes, she is taking new patients. Okay bye.'}
[Realtime] 🎯 outcome=partial  collected=identity,accepting  missing=branch,scheduling,referral

[20:56:19] 👋 CALLER ENDED THE CALL: 'Yes, she is taking new patients. Okay bye.'
[Realtime]   ^ closing after the reply already in flight
  [PASS] the held save still lands on the turn that ends the call  — 'yes'
  [PASS] and the call still closes after it
  [PASS] sess.done reaches a real hangup, not just a flag  — the branch that drains the audio and closes the socket
  [PASS] and the reason reaches the call artifact  — a hangup we were ASKED for must be distinguishable from one we chose

------------------------------------------------------------------
  Claiming a save that never happened
------------------------------------------------------------------
  [PASS] claim caught: "Got it, thanks for clarifying - I'll go with E"  — a claim that names the FIELD escaped the pronoun-only pattern
  [PASS] claim caught: 'Okay, thanks for that - let me just note the l'  — a claim that names the FIELD escaped the pronoun-only pattern
  [PASS] claim caught: 'I have noted the branch as Eastside Clinic.'  — a claim that names the FIELD escaped the pronoun-only pattern
  [PASS] claim caught: 'Thanks - let me just capture the referral deta'  — a claim that names the FIELD escaped the pronoun-only pattern
  [PASS] claim caught: "I'll put you down as Riverside."  — a claim that names the FIELD escaped the pronoun-only pattern
  [PASS] claim caught: "I'll mark that as the Eastside site."  — a claim that names the FIELD escaped the pronoun-only pattern
  [PASS] still caught: "I'll note that."
  [PASS] still caught: "That's saved."
  [PASS] still caught: 'all set'
  [PASS] still caught: "we're done"
  [PASS] still caught: "that's all I needed"
  [PASS] still caught: 'I have everything I need'
  [PASS] still caught: 'got it noted'
  [PASS] still caught: "I'm saving that"
  [PASS] not a save claim: 'Which branch does Dr. Okafor work out of?'  — asking for a value is not claiming to have stored one
  [PASS] not a save claim: 'Thanks for that location - is she taking new p'  — asking for a value is not claiming to have stored one
  [PASS] not a save claim: 'Got it, thanks for confirming - let me check o'  — asking for a value is not claiming to have stored one
  [PASS] not a save claim: 'Could you give me the exact site name or the s'  — asking for a value is not claiming to have stored one
  [PASS] not a save claim: 'Let me ask you one more thing.'  — asking for a value is not claiming to have stored one
  [PASS] not a save claim: 'Sorry, the line cut out - could you say that a'  — asking for a value is not claiming to have stored one
  [PASS] not a save claim: 'Is a referral required, or does it depend on i'  — asking for a value is not claiming to have stored one
  [PASS] the grounding consumer still gates on the call not being finished
  [PASS] and the turns consumer still gates on the branch being unsaved  — without that gate a widened pattern would nag on correct closings

------------------------------------------------------------------
  response.create cannot race an active response
------------------------------------------------------------------
  [PASS] an idle session may create a response
  [PASS] and is marked active AT THE SEND, not a round trip later  — the gap between send and response.created is where the second create used to slip through
  [PASS] a second create while one is in flight is refused
  [PASS] and nothing goes on the wire  — [{'type': 'response.create'}]
  [PASS] no create while OpenAI's VAD is opening one for the turn just ended  — this is the exact 14:24:56 collision
  [PASS] nothing sent into that window  — []
  [PASS] the silence watchdog is exempt — it fires BECAUSE nothing came
  [PASS] and the silence watchdog call site actually passes the exemption
  [PASS] and the owed substance call site actually passes the exemption
  [PASS] as does the empty-response re-request, now in _handle_response_done
  [PASS] response.created closes the VAD window  — a window only an event can close is a call that never speaks again
  [PASS] and speech_stopped opens it

------------------------------------------------------------------
  call-20260826-1422, the happy path it should have been
------------------------------------------------------------------
[Realtime] 🎯 outcome=partial  collected=identity  missing=branch,accepting  n/a=scheduling,referral

[20:56:21] ✅ DOCTOR_IDENTITY: {'identity': 'confirmed', 'heard': 'Yes, Dr. Reyes is one of our oncologists.', 'detail': 'Oncology'}
  [PASS] identity confirmed from the caller's own sentence  — 'confirmed'
[Realtime] 🎯 outcome=partial  collected=identity,branch  missing=accepting  n/a=scheduling,referral

[20:56:21] ✅ BRANCH SAVED   : {'branch': 'West Side Campus 1476 8th Street'}
  [PASS] the branch and street number are saved, not called a fabrication  — 'West Side Campus 1476 8th Street'
  [PASS] and the house number survives verbatim  — 'West Side Campus 1476 8th Street'
[Realtime] 🎯 outcome=partial  collected=identity,branch,accepting  missing=scheduling,referral

[20:56:21] ✅ NEW_PATIENT   : {'status': 'yes', 'heard': "Yes, she's taking on new patients right now."}
  [PASS] accepting = yes  — 'yes'
[Realtime] 🎯 outcome=partial  collected=identity,branch,accepting,scheduling  missing=referral

[20:56:21] ✅ SCHEDULING    : {'status': 'yes', 'heard': 'Yes, you can book online or call us directly also.'}
  [PASS] scheduling = yes  — 'yes'
[Realtime] 🎯 outcome=complete  collected=identity,branch,accepting,scheduling,referral

[20:56:21] ✅ REFERRAL_REQUIREMENT: {'requirement': 'depends', 'heard': 'Only on, it depends upon the situation.', 'depends_on': 'the situation'}
  [PASS] referral = depends  — 'depends'
  [PASS] and the call reports COMPLETE on all five fields  — COMPLETE — collected ['accepting', 'branch', 'identity', 'referral', 'scheduling']
  [PASS] with nothing held — every transcript was already in hand  — the deferral must be inert on a call that never races
  [PASS] no caller speech has EVER transcribed -> the guard still stands down  — blocking here loses every row on a line that will not render
  [PASS] but the quote is marked as never checked ([{'field': 'status', 'value': 'yes', 'heard': 'Yes, we are.'}])  — selection never ran, so `heard` is the model's own words - storing it unmarked is how a model-authored quote became the provenance of a confirmed identity on 1731
  [PASS] they SPOKE since the ask and none of it answered -> blocked  — standing down here would let any of the four states be saved at that moment, with nothing else checking it
  [PASS] and the reason distinguishes it from silence, in the record
  [PASS] 'Yes, speaking.' classifies as YES on its own  — which is exactly why the unprompted path cannot take it
  [PASS] never asked + 'Yes, speaking.' at pickup does NOT ground a yes  — the single most common opening utterance in this corpus — it is the phrase the retired hint echoed four times
  [PASS] but an answer VOLUNTEERED before the question still grounds  — people do answer before being asked, and that turn is about the thing
  [PASS] the topical requirement does NOT apply once the question was asked  — or the normal shape of a real answer would be refused

------------------------------------------------------------------
  The call does not end on the first field
------------------------------------------------------------------
[Realtime] 🎯 outcome=partial  collected=identity,branch  missing=accepting  n/a=scheduling,referral

[20:56:24] ✅ BRANCH SAVED   : {'branch': 'Mission Bay Clinic'}
  [PASS] the branch saves on template 3
  [PASS] and the call is NOT over — there is a second question to ask  — setting done by tool name would hang up on the caller mid-script
  [PASS] the call reads as PARTIAL at this point, not as finished
[Realtime] 🎯 outcome=partial  collected=identity,branch,accepting  missing=scheduling,referral

[20:56:24] ✅ NEW_PATIENT   : {'status': 'yes', 'heard': 'Yes, we are taking new patients.'}
  [PASS] the status saves
  [PASS] a YES answer opens two more questions rather than ending the call  — outcome='partial' done=False
[Realtime] 🎯 outcome=partial  collected=identity,branch,accepting,scheduling  missing=referral

[20:56:24] ✅ SCHEDULING    : {'status': 'yes', 'heard': 'Yes, we can book them in next week.'}
  [PASS] still not over after the third field
[Realtime] 🎯 outcome=complete  collected=identity,branch,accepting,scheduling,referral

[20:56:24] ✅ REFERRAL_REQUIREMENT: {'requirement': 'depends', 'heard': 'It depends on their insurance.', 'depends_on': 'their insurance'}
  [PASS] the objective is COMPLETE and the call resolved  — outcome='complete'
  [PASS] and NOW the call is over — after the FOURTH field
[Realtime] 🎯 outcome=partial  collected=identity,branch  missing=accepting  n/a=scheduling,referral

[20:56:24] ✅ BRANCH SAVED   : {'branch': 'Mission Bay Clinic'}
[Realtime] 🎯 outcome=complete  collected=identity,branch,accepting  n/a=scheduling,referral

[20:56:24] ✅ NEW_PATIENT   : {'status': 'no', 'heard': "No, she's not taking new patients."}
  [PASS] a NO call is COMPLETE and over after two fields, not PARTIAL  — outcome='complete' done=True
  [PASS] and it reports resolved — the receptionist answered everything asked
[Realtime] 🎯 outcome=complete  collected=branch

[20:56:25] ✅ BRANCH SAVED   : {'branch': 'Mission Bay Clinic'}
  [PASS] on the branch-only template save_branch still ends the call  — the change is that the OBJECTIVE decides, not that it never ends
[Realtime] 🎯 outcome=partial  collected=identity,branch  missing=accepting  n/a=scheduling,referral

[20:56:25] ✅ BRANCH SAVED   : {'branch': 'Mission Bay Clinic'}
[Realtime] 🎯 outcome=complete  collected=identity,branch,accepting  n/a=scheduling,referral

[20:56:25] ✅ NEW_PATIENT   : {'status': 'no', 'heard': "No, she's not taking new patients."}

[20:56:25] ⏸️  CLOSE DEFERRED  : objective complete, but the turn just spoken is a question they have not answered — waiting for them
          asked: 'uld scheduling be the best group to ask about where she sees patients?'
  [PASS] the objective completes inside the response that asked a question
  [PASS] and the close is DEFERRED rather than taken  — hanging up here is call-20260831-1048: the injected goodbye used allow_when_done, which skips the playback guard, and its audio began 1.43s before the question had finished playing
[] ▶️  CLOSE RE-ARMED — they answered; closing after the agent replies
  [PASS] they answer, and the close re-arms for after the agent replies  — a deferral with no re-arm is a call that never ends
  [PASS] still not done at that instant — the reply is owed first
  [PASS] a value change registers as a delta, not as nothing  — names alone give set()
  [PASS] which the name-set could not see — it is identical either side  — the one line that would have told an operator why the call ended was suppressed by the very write that ended it

------------------------------------------------------------------
  The ask budget reaches the second field
------------------------------------------------------------------
  [PASS] an accepting-status ask names no location, so the old gate missed it  — which is why it needed generalising rather than confirming
  [PASS] the objective-aware gate sees it on template 3
  [PASS] and does NOT see it on a template that does not collect it  — a template's budget counts asks for ITS fields, not for every field any template has
  [PASS] while the location ask still counts everywhere it did before

==================================================================
  CONDITIONALLY REQUIRED — a 'no' call is COMPLETE, not PARTIAL
==================================================================
  [PASS] all five fields are declared, in the order the script asks them  — ['identity', 'branch', 'accepting', 'scheduling', 'referral']
  [PASS] every one of the four is written by a tool  — a declared field nothing writes is PARTIAL for ever, silently
  [PASS] and every conditional gate is structurally sound  — ()
  [PASS] nothing yet    -> partial  — partial
  [PASS] nothing yet       missing=['branch', 'accepting']  — ('branch', 'accepting')
  [PASS] nothing yet       n/a=['scheduling', 'referral']  — ('scheduling', 'referral')
  [PASS] branch only    -> partial  — partial
  [PASS] branch only       missing=['accepting']  — ('accepting',)
  [PASS] branch only       n/a=['scheduling', 'referral']  — ('scheduling', 'referral')
  [PASS] accepting=no   -> complete  — complete
  [PASS] accepting=no      missing=[]  — ()
  [PASS] accepting=no      n/a=['scheduling', 'referral']  — ('scheduling', 'referral')
  [PASS] waitlist       -> complete  — complete
  [PASS] waitlist          missing=[]  — ()
  [PASS] waitlist          n/a=['scheduling', 'referral']  — ('scheduling', 'referral')
  [PASS] unsure         -> complete  — complete
  [PASS] unsure            missing=[]  — ()
  [PASS] unsure            n/a=['scheduling', 'referral']  — ('scheduling', 'referral')
  [PASS] accepting=yes  -> partial  — partial
  [PASS] accepting=yes     missing=['scheduling', 'referral']  — ('scheduling', 'referral')
  [PASS] accepting=yes     n/a=[]  — ()
  [PASS] yes + sched    -> partial  — partial
  [PASS] yes + sched       missing=['referral']  — ('referral',)
  [PASS] yes + sched       n/a=[]  — ()
  [PASS] all four       -> complete  — complete
  [PASS] all four          missing=[]  — ()
  [PASS] all four          n/a=[]  — ()
  [PASS] a completed NO call has nothing to apologise for out loud  — ''
  [PASS] but a YES call that stopped early names what it still owes  — 'the whether a new patient can book in, the whether a referral is needed'
  [PASS] invalid_conditions catches: gate names a field that does not exist  — ("x is gated on 'nope', which this objective does not declare",)
  [PASS] invalid_conditions catches: gate on a value the gate field cannot hold  — ("x is gated on accepting=['ye'], which accepting can never hold (its states are ['no', 'unsure', 'waitlist', 'yes'])",)
  [PASS] invalid_conditions catches: gate on a field that is not itself required  — ("x is gated through accepting, and 'accepting' is not required at all — the chain can never resolve, so this is never asked",)
  [PASS] invalid_conditions catches: empty gate — never required  — ('x has an empty gate — never required',)
  [PASS] invalid_conditions catches: a sound gate  — ()
  [PASS] and a broken gate leaves the call PARTIAL rather than COMPLETE  — the failure has to be visible, not silently done

------------------------------------------------------------------
  The two new fields: tools, states, grounding
------------------------------------------------------------------
  [PASS] save_scheduling_status('waitlist') -> waitlist  — 'waitlist'
  [PASS] save_scheduling_status('not until January') rejected  — REJECTED 'not until January': not one of the states 
  [PASS] save_referral_requirement('always') -> always  — 'always'
  [PASS] save_referral_requirement('only for some insurers') -> depends  — 'depends'
  [PASS] save_referral_requirement('no referral needed') -> no  — 'no'
  [PASS] save_referral_requirement('purple') rejected  — REJECTED 'purple': not one of the states | NEED: alw
  [PASS] 'depends' is a first-class referral state  — the conditionality IS the answer the client acts on
  [PASS] and referral does not share the accepting field's states  — ['always', 'depends', 'no', 'unsure']
  [PASS] a DEPENDS answer is read as one: "It's depend upon situation."  — got <ReferralAnswer.DEPENDS: 'depends'>
  [PASS] a DEPENDS answer is read as one: "It's depend on situation."  — got <ReferralAnswer.DEPENDS: 'depends'>
  [PASS] a DEPENDS answer is read as one: 'It depends upon the situation.'  — got <ReferralAnswer.DEPENDS: 'depends'>
  [PASS] a DEPENDS answer is read as one: 'Depending upon the plan.'  — got <ReferralAnswer.DEPENDS: 'depends'>
  [PASS] a DEPENDS answer is read as one: 'It would depend upon their insurance.'  — got <ReferralAnswer.DEPENDS: 'depends'>
  [PASS] and a negated 'dependent' is still ALWAYS, not DEPENDS  — the loose stem would claim this sentence for the wrong state
  [PASS] with the other three states untouched
  [PASS] so an accepting-field state does not satisfy the referral field  — each field validates against its OWN vocabulary
  [PASS] a real scheduling answer grounds
  [PASS] a bare scheduling 'Yes.' on silent audio does not  — bare is the normal shape, so the audio carries the whole load
  [PASS] a real referral answer grounds
  [PASS] and claiming ALWAYS when they said DEPENDS is refused  — the classified state has to match the one being saved
  [PASS] an answer to the SCHEDULING question does not ground a REFERRAL claim  — each field anchors on its own probe, not on 'the last thing asked'

------------------------------------------------------------------
  A template must not promise a question it cannot ask
------------------------------------------------------------------
  [PASS] forage_data_collection: raises 'location' only if it declares a field for it  — the prompt promised a question the objective cannot end on — exactly what hung up call-20260824-1604
  [PASS] forage_data_collection: raises 'accepting' only if it declares a field for it  — the prompt promised a question the objective cannot end on — exactly what hung up call-20260824-1604
  [PASS] forage_data_collection: raises 'scheduling' only if it declares a field for it  — the prompt promised a question the objective cannot end on — exactly what hung up call-20260824-1604
  [PASS] forage_data_collection: raises 'referral' only if it declares a field for it  — the prompt promised a question the objective cannot end on — exactly what hung up call-20260824-1604
  [PASS] forage_ai_disclosed: raises 'location' only if it declares a field for it  — the prompt promised a question the objective cannot end on — exactly what hung up call-20260824-1604
  [PASS] forage_ai_disclosed: raises 'accepting' only if it declares a field for it  — the prompt promised a question the objective cannot end on — exactly what hung up call-20260824-1604
  [PASS] forage_ai_disclosed: raises 'scheduling' only if it declares a field for it  — the prompt promised a question the objective cannot end on — exactly what hung up call-20260824-1604
  [PASS] forage_ai_disclosed: raises 'referral' only if it declares a field for it  — the prompt promised a question the objective cannot end on — exactly what hung up call-20260824-1604
  [PASS] provider_verification: raises 'location' only if it declares a field for it  — the prompt promised a question the objective cannot end on — exactly what hung up call-20260824-1604
  [PASS] provider_verification: raises 'accepting' only if it declares a field for it  — the prompt promised a question the objective cannot end on — exactly what hung up call-20260824-1604
  [PASS] provider_verification: raises 'scheduling' only if it declares a field for it  — the prompt promised a question the objective cannot end on — exactly what hung up call-20260824-1604
  [PASS] provider_verification: raises 'referral' only if it declares a field for it  — the prompt promised a question the objective cannot end on — exactly what hung up call-20260824-1604
  [PASS] patient_discovery: raises 'location' only if it declares a field for it  — the prompt promised a question the objective cannot end on — exactly what hung up call-20260824-1604
  [PASS] patient_discovery: raises 'accepting' only if it declares a field for it  — the prompt promised a question the objective cannot end on — exactly what hung up call-20260824-1604
  [PASS] patient_discovery: raises 'scheduling' only if it declares a field for it  — the prompt promised a question the objective cannot end on — exactly what hung up call-20260824-1604
  [PASS] patient_discovery: raises 'referral' only if it declares a field for it  — the prompt promised a question the objective cannot end on — exactly what hung up call-20260824-1604
  [PASS] forage_data_collection: actually asks for the 'branch' it declares
  [PASS] forage_ai_disclosed: actually asks for the 'branch' it declares
  [PASS] provider_verification: actually asks for the 'identity' it declares
  [PASS] provider_verification: actually asks for the 'branch' it declares
  [PASS] provider_verification: actually asks for the 'accepting' it declares
  [PASS] provider_verification: actually asks for the 'scheduling' it declares
  [PASS] provider_verification: actually asks for the 'referral' it declares
  [PASS] patient_discovery: actually asks for the 'identity' it declares
  [PASS] patient_discovery: actually asks for the 'branch_confirmed' it declares
  [PASS] patient_discovery: actually asks for the 'accepting_new_patients' it declares
  [PASS] patient_discovery: actually asks for the 'waitlist_available' it declares
  [PASS] patient_discovery: actually asks for the 'new_location_known' it declares
  [PASS] patient_discovery: actually asks for the 'call_outcome' it declares
  [PASS] forage_data_collection: names a real tool (save_branch)  — not in ['escalate', 'note_info', 'save_branch', 'save_doctor_identity', 'save_new_patient_status', 'save_referral_requirement', 'save_scheduling_status']
  [PASS] forage_ai_disclosed: names a real tool (save_branch)  — not in ['escalate', 'note_info', 'save_branch', 'save_doctor_identity', 'save_new_patient_status', 'save_referral_requirement', 'save_scheduling_status']
  [PASS] provider_verification: names a real tool (save_scheduling_status)  — not in ['escalate', 'note_info', 'save_branch', 'save_doctor_identity', 'save_new_patient_status', 'save_referral_requirement', 'save_scheduling_status']
  [PASS] provider_verification: names a real tool (save_referral_requirement)  — not in ['escalate', 'note_info', 'save_branch', 'save_doctor_identity', 'save_new_patient_status', 'save_referral_requirement', 'save_scheduling_status']
  [PASS] provider_verification: names a real tool (save_doctor_identity)  — not in ['escalate', 'note_info', 'save_branch', 'save_doctor_identity', 'save_new_patient_status', 'save_referral_requirement', 'save_scheduling_status']
  [PASS] provider_verification: names a real tool (save_new_patient_status)  — not in ['escalate', 'note_info', 'save_branch', 'save_doctor_identity', 'save_new_patient_status', 'save_referral_requirement', 'save_scheduling_status']
  [PASS] provider_verification: names a real tool (save_branch)  — not in ['escalate', 'note_info', 'save_branch', 'save_doctor_identity', 'save_new_patient_status', 'save_referral_requirement', 'save_scheduling_status']
  [PASS] patient_discovery: names a real tool (save_new_patient_status)  — not in ['escalate', 'note_info', 'save_branch', 'save_doctor_identity', 'save_new_patient_status', 'save_referral_requirement', 'save_scheduling_status']
  [PASS] patient_discovery: names a real tool (save_branch)  — not in ['escalate', 'note_info', 'save_branch', 'save_doctor_identity', 'save_new_patient_status', 'save_referral_requirement', 'save_scheduling_status']
  [PASS] patient_discovery: names a real tool (save_doctor_identity)  — not in ['escalate', 'note_info', 'save_branch', 'save_doctor_identity', 'save_new_patient_status', 'save_referral_requirement', 'save_scheduling_status']

------------------------------------------------------------------
  back_to_back_asks counted a healthy call
------------------------------------------------------------------
  [PASS] two scripted questions with an answer between them count 0  — 0
  [PASS] but asking again into filler still counts 1  — that is the defect the metric is for, and it survives the fix
  [PASS] and so does asking twice with nothing at all in between

==================================================================
  A TOKEN NOBODY SAID, RIDING ALONG ON ONE THAT WAS
==================================================================
  [PASS] the value is still ACCEPTED — the caller did say the address  — blocking it would discard a correct answer, the expensive direction
  [PASS] but the word nobody was transcribed saying is named  — ['riverside']
  [PASS] a fully grounded value rides along on nothing
  [PASS] and a value the caller DID say reports nothing either
  [PASS] generic place nouns are not reported — they are not evidence either way
[Realtime] ⚠️  grounded on other words — 'riverside' never appeared in the caller transcript
[Realtime] 🎯 outcome=complete  collected=branch

[20:56:34] ✅ BRANCH SAVED   : {'branch': 'Riverside Campus, 1825 4th Street'}
  [PASS] the branch still saves
  [PASS] and the grounding stamp no longer claims the whole value was verified  — verified against caller transcript EXCEPT 'riverside', which the caller was never transcribed saying
  [PASS] with the tokens recorded as data, not only as prose  — so 'which rows contain a word nobody said' is answerable by query

==================================================================
  A CLEAN YES, REFUSED THREE TIMES — and the accept that was worse
==================================================================
  [PASS] choice=yes      "Ah, yes, she's taking the new patients."  — the live failure: ^\W* could not cross the 'Ah', and the phrase form had no room for 'the'
  [PASS] choice=yes      'Oh yeah, she is.'  — same lead-in, different interjection
  [PASS] choice=yes      'Well, yes.'
  [PASS] choice=yes      'Um, yes, taking on new patients.'
  [PASS] choice=yes      "She's taking any new patients she can get."  — three words of slack inside the phrase
  [PASS] choice=no       "She's not currently taking new patients."  — was YES — a refusal recorded as an acceptance
  [PASS] choice=no       "He's not seeing new patients at the moment."  — was None — missed entirely
  [PASS] choice=no       "She isn't currently accepting new patients."
  [PASS] choice=no       "We don't take new patients any more."
  [PASS] choice=yes      'Yes, she is.'
  [PASS] choice=yes      'Yes, we are.'
  [PASS] choice=no       'No.'
  [PASS] choice=no       'Nope.'
  [PASS] choice=waitlist "We're full, but I can put you on the waitlis"
  [PASS] choice=waitlist "You'd be number twenty-one in the queue."
  [PASS] choice=unsure   "I'm not sure, you'd have to ask."
  [PASS] choice=unsure   'It depends on the insurance.'
  [PASS] choice=None     'She is at the Riverside campus.'  — not an answer to this ask
  [PASS] choice=None     'Okay.'
  [PASS] choice=None     'and'
  [PASS] negation reaches the bare affirmative: "I don't think we are."  — the NO pattern does not match this — only _negated_before does
  [PASS] negation reaches the bare affirmative: "I wouldn't say we are."  — the NO pattern does not match this — only _negated_before does
  [PASS] a negator earlier in the same clause flips the affirmative
  [PASS] and an interjection before it does not

------------------------------------------------------------------
  The agent must not talk its own claim into the record
------------------------------------------------------------------
  [PASS] the restatement does match the TOPIC probe  — which is why a bare probe match was the wrong anchor
  [PASS] but it is NOT an ask, so it no longer moves the anchor  — the model cannot move the goalposts by talking — same principle as _ungrounded_terms excluding the agent's words from `heard`
  [PASS] while the real question still does
  [PASS] and so does a confirmation QUESTION — a yes after it is a real answer
  [PASS] 'trying to confirm which branch' is an ASK, not a read-back  — a bare 'to confirm' in the read-back list would stop the budget counting the phrasing the agent uses most
  [PASS] the promise does match the TOPIC probe  — which is why a bare probe match was never enough
  [PASS] but a promise to ask LATER is not an ask now
  [PASS] and filing a value as you say it is a read-back, not a branch ask
  [PASS] a deferred promise asks nothing: "I'll ask about new patients in a moment."
  [PASS] a deferred promise asks nothing: "Next I'll ask whether she's accepting new patients."
  [PASS] a deferred promise asks nothing: "Then I'll ask about the branch."
  [PASS] a deferred promise asks nothing: "After that I'll ask which office she works out of."
  [PASS] the real question is untouched
  [PASS] a bare 'I'll ask' with no deferral marker still counts as an ask  — a receptionist would simply answer it; the marker is required
  [PASS] the promise is consumed to its own sentence, so a real ask beside it survives
  [PASS] and a question mark in the promise's own sentence makes it an ask
  [PASS] the answer grounds on the turn it was actually given  — it took three refusals and a lucky stand-down on the live call
  [PASS] and still grounds after the agent restates it
  [PASS] while a status the caller never gave is still refused  — the window did not empty, so the guard can still judge

==================================================================
  A SPACE IS NOT A DIFFERENT ANSWER
==================================================================
  [PASS] grounds however the spaces fall: 'Eastside Clinic'
  [PASS]   and nothing is reported as riding along on 'Eastside Clinic'  — the word DID ground; reporting it would be crying wolf
  [PASS] grounds however the spaces fall: 'eastside clinic'
  [PASS]   and nothing is reported as riding along on 'eastside clinic'  — the word DID ground; reporting it would be crying wolf
  [PASS] grounds however the spaces fall: 'East Side Clinic'
  [PASS]   and nothing is reported as riding along on 'East Side Clinic'  — the word DID ground; reporting it would be crying wolf
  [PASS] grounds however the spaces fall: 'East-Side Clinic'
  [PASS]   and nothing is reported as riding along on 'East-Side Clinic'  — the word DID ground; reporting it would be crying wolf
  [PASS] 'Northside' grounds on 'the north side office'
  [PASS] 'Midtown' grounds on 'mid town clinic'
  [PASS] 'Saint Marys' grounds on 'saint marys hospital'
  [PASS] 'Westside' grounds on 'the west-side annex'
  [PASS] 'Riverside' still does NOT ground on 'resides at'  — the letters differ, not just the spaces — the case a threshold could not separate is untouched
  [PASS] and the documented fabrication is still refused
  [PASS] the invented house number is still refused  — digits keep their own exact comparison — the collapse does not route through the digit rule
  [PASS] the collapse keeps letters and digits and drops everything else  — eastsideclinic
  [PASS] boundary-insensitive, sequence-sensitive — both halves of the claim
  [PASS] at save time there was nothing to check against ('SKIPPED — no caller speech was transcrib')  — the placeholder is not silence — it is a transcript that has not arrived
[Realtime] ⏪ GROUNDING RE-READ on the finished transcript — the turn that corroborated it landed after the save
[Realtime]    at save: SKIPPED — no caller speech was transcribed on this call, so the saved location could not be checked against anything the caller actually said
[Realtime]    final  : verified against caller transcript
  [PASS] re-read on the finished transcript, the save is verified ('verified against caller transcript')  — the corroborating sentence is sitting in the artifact — a verdict written once, at save time, could never see it
  [PASS] and what was believed DURING the call is kept beside it  — a verdict that silently improves after the fact cannot be audited: 'did the guard fire on this call' has to stay answerable
[Realtime] ⏪ GROUNDING RE-READ on the finished transcript — the turn that corroborated it landed after the save
[Realtime]    at save: verified against caller transcript
[Realtime]    final  : verified against caller transcript EXCEPT 'riverside', which the caller was never transcribed saying
  [PASS] a word that never arrived is still called out at the end ("verified against caller transcript EXCEPT 'riverside', which the caller was never transcribed saying")  — if the re-read could only clear exceptions it would be a way of waiting out the guard
  [PASS] an uncontested save reads exactly as it always did  — the qualifier must cost nothing on a clean call
  [PASS] but a save made after a rejection says so ('CONTESTED — 1 earlier branch value(s) we')
  [PASS] and names the value that was refused, not just the count  — a reviewer reading the row needs the candidate to compare against
  [PASS] a session starts with no branch rejections
[Realtime] ⏪ GROUNDING RE-READ on the finished transcript — the turn that corroborated it landed after the save
[Realtime]    at save: verified against caller transcript
[Realtime]    final  : CONTESTED — 1 earlier branch value(s) were rejected as ungrounded on this call ('Riverside Campus'), so the saved wording may be the transcriber's rather than the caller's; verified against caller transcript
  [PASS] and the record-time re-read keeps the contest ('CONTESTED — 1 earlier branch value(s) we')  — _revisit_grounding re-decides from scratch, so a qualifier it did not know about would be silently dropped there
  [PASS] a call that saved nothing gets no grounding verdict invented for it

------------------------------------------------------------------
  The goodbye retry goes through the one response.create site
------------------------------------------------------------------
  [PASS] the goodbye retry requests its response through _create_response  — a raw oai_ws.send here is the regression this pins
  [PASS] and declares allow_when_done — it fires BECAUSE the call is closing  — the default policy would refuse it and drop the line in silence
  [PASS] and treats a refusal as 'nothing to retry', not as a failure
  [PASS] the server-side view of that race is recognised
  [PASS] and reported as benign rather than as an API ERROR  — printing API ERROR for an expected, already-handled race is how a log teaches people to ignore it

==================================================================
  `heard` IS SELECTED FROM THE TRANSCRIPT, NOT TAKEN ON TRUST
==================================================================
  [PASS] the status still grounds
  [PASS] and `heard` is REPLACED with the caller's real turn  — 'Yeah, definitely, you can reach out to them.'
  [PASS] the invented clause is gone, not flagged  — selection removes the failure mode; validation would only catch it
  [PASS] the status still grounds
  [PASS] and `heard` is the corroborating turn, not the model's version  — 'Yeah, you need to book through online or call.'
  [PASS] 'from the front desk' — a phrase absent from the whole call — is gone
  [PASS] an honest quote survives unchanged — selection is not a penalty
  [PASS] a status the caller never gave is still refused
  [PASS] and nothing is selected for a save that did not happen

------------------------------------------------------------------
  `detail` is dropped when it carries words nobody said
------------------------------------------------------------------
  [PASS] the live fabricated qualifier is caught, word by word  — 'desk' appears nowhere in the call
  [PASS] an honest summary of the same turn passes  — reordering and dropping words is what a summary IS
  [PASS] an absent qualifier is not a fabrication
  [PASS] and the collapse applies here too — front-desk is front desk
[Realtime] ⚠️  detail: 'front', 'desk' never appeared in the caller transcript — trimmed to 'Book online or call'
[Realtime] 🎯 outcome=partial  collected=identity,accepting,scheduling  missing=branch,referral

[20:56:43] ✅ SCHEDULING    : {'status': 'yes', 'heard': 'Yeah, you need to book through online or call.', 'detail': 'Book online or call'}
  [PASS] the verified status is still saved  — refusing the whole call over a footnote would throw away a real answer
  [PASS] the invented words are cut and the rest of the qualifier is kept  — discarding it whole cost a queue position on call-20260825-0922
  [PASS] and the word nobody said is gone from what was stored
  [PASS] and the drop is recorded, not silent  — a field quietly emptied is as invisible as the fabrication was

------------------------------------------------------------------
  The values reach the record at all
------------------------------------------------------------------
  [PASS] every declared field appears with its value  — ['accepting', 'branch', 'referral', 'scheduling']
  [PASS] the states themselves, which the artifact simply did not have
  [PASS] with the caller's own words beside them
  [PASS] and the qualifier under its own name, not flattened into one field
  [PASS] and it follows the objective, not a hand-written list of keys  — the omission that lost three fields was a list nobody updated
  [PASS] the directory row carries the non-branch fields  — ['branch', 'city', 'collected_fields', 'confidence', 'doctor_name', 'enriched_at', 'enriched_by', 'hospital_name', 'missing_for_complete', 'notes', 'source', 'specialization', 'status', 'status_before']
  [PASS] with their values, on the row the client actually reads  — doctors.json had branch and city and nothing else this call learned
  [PASS] and the call artifact record is wired to the collector  — collected=[...] without the values is a call that recorded THAT it succeeded and not WHAT it learned
  [PASS] and no tool schema still claims `heard` is checked  — it is REPLACED, which is a different and stronger promise

==================================================================
  call-20260825-0915 — four defects on one waitlist call
==================================================================

------------------------------------------------------------------
  1. selection took a fragment because it took the LAST match
------------------------------------------------------------------
  [PASS] the status still grounds
  [PASS] the LONGEST matching turn is selected, not the last  — 'Yeah, no no, we are full right now, so.'
  [PASS] so a mid-sentence fragment is no longer the record's evidence  — last-wins put exactly this scrap in the artifact
  [PASS] and a fragment arriving FIRST is not selected either  — 'We are full right now and you would be number 21.'
  [PASS] ties go to the later turn  — 'We are FULL!' (both are 12 chars)

------------------------------------------------------------------
  2. detail is trimmed, not discarded
------------------------------------------------------------------
  [PASS] will/would is an inflection of an auxiliary, not an invention  — []: reporting it cost the queue position once already
  [PASS] so the qualifier survives WHOLE, not trimmed to a fragment  — 'you would be number 21'
  [PASS] and the remainder reads cleanly once they are gone  — 'you would be number 21'
  [PASS] only the negator is ungrounded — everything else WAS said  — ['not']: so a strip would leave a fluent, inverted sentence
  [PASS] and the whole qualifier is dropped rather than trimmed  — trimming would have produced 'accepting until January' — the opposite of what the model wrote, reading as if a human wrote it
  [PASS] and the reason says why, rather than looking like a normal trim
  [PASS] nothing informative left -> emptied, with the words recorded  — a quietly blank field reads like a caller who volunteered nothing
  [PASS] and the reason distinguishes emptied from trimmed ('dropped whole - nothing informative survived')  — the same empty string is reached by a trim that removed the last word and by a qualifier that was never usable — a reviewer reading the artifact can only tell them apart from this
  [PASS] and a trailing function word left by the cut is trimmed  — 'Book online or call'
  [PASS] an honest qualifier passes through unchanged

------------------------------------------------------------------
  3. a waitlist answer that never uses the ask's vocabulary
------------------------------------------------------------------
  [PASS] no agent turn asked about new patients — the never-asked path
  [PASS] and the answer contains none of the ask's vocabulary  — which is what the old topical test was testing for
  [PASS] it grounds anyway — the turn states the condition in its own words  — refused twice on the live call, and the queue position was lost
  [PASS] a bare 'Yes, speaking.' with no ask is STILL refused  — it classifies on its opening token and asserts nothing
  [PASS] a bare 'No,' does not stand alone as a REFERRAL answer  — each field classifies with its own vocabulary, not classify_choice
  [PASS] but 'no referral needed' does — there the 'no' is the content  — an undelimited polarity word is a determiner, not a preface
  [PASS] the two vocabularies genuinely disagree on this sentence
  [PASS] so it does NOT stand alone as a referral answer  — defaulting to classify_choice would let an accepting answer ground a referral claim nobody was asked for
  [PASS] stands alone=False 'Yes, speaking.'  — strip the leading yes and see whether it still says the same
  [PASS] stands alone=False 'Yeah'  — strip the leading yes and see whether it still says the same
  [PASS] stands alone=True  'Yeah, we are full right now, but I can put y'  — strip the leading yes and see whether it still says the same
  [PASS] stands alone=True  "We're full right now."  — strip the leading yes and see whether it still says the same
  [PASS] stands alone=True  'we are not taking anyone'  — strip the leading yes and see whether it still says the same

------------------------------------------------------------------
  4. 'McDonald office' — where it came from
------------------------------------------------------------------
  [PASS] forage_data_collection: 'McDonald' is not in anything sent to the model
  [PASS] forage_ai_disclosed: 'McDonald' is not in anything sent to the model
  [PASS] provider_verification: 'McDonald' is not in anything sent to the model
  [PASS] patient_discovery: 'McDonald' is not in anything sent to the model
  [PASS] nor in the derived prompt-echo grams
  [PASS] and clean_doctor_name produces nothing like it from this doctor  — the .title() hypothesis is ruled out — 'McDonald' lives only in that function's DOCSTRING, which is never transmitted
  [PASS] a branch nobody said is still refused  — this is the guard doing its job, not a defect to fix
  [PASS] while the branch they DID say grounds

==================================================================
  SPECIALTY — the disambiguator, carried through to the call
==================================================================
  [PASS] the specialty reaches CALL CONTEXT
  [PASS] with the agent told to SAY it when identifying the doctor  — stating the fact alone reads as a form field, not as the half of the name that identifies the person
  [PASS] and told WHY, so it survives a turn where they sound unsure
  [PASS] no specialty -> the line is omitted, not sent as 'unknown'
  [PASS] without a specialty a perfect call still cannot reach COMPLETE  — the gap, unchanged — and now nameable rather than mysterious
  [PASS] with one, the record is COMPLETE at last  — []
  [PASS] and the resolved doctor is finally filed VERIFIED, not PARTIALLY  — verified
  [PASS] forage_data_collection: 'Jane' stays out of the cached instructions
  [PASS] forage_data_collection: 'Okafor' stays out of the cached instructions
  [PASS] forage_data_collection: 'Northside' stays out of the cached instructions
  [PASS] forage_data_collection: 'Forage AI' stays out of the cached instructions
  [PASS] forage_data_collection: 'David' stays out of the cached instructions
  [PASS] forage_ai_disclosed: 'Jane' stays out of the cached instructions
  [PASS] forage_ai_disclosed: 'Okafor' stays out of the cached instructions
  [PASS] forage_ai_disclosed: 'Northside' stays out of the cached instructions
  [PASS] forage_ai_disclosed: 'Forage AI' stays out of the cached instructions
  [PASS] forage_ai_disclosed: 'David' stays out of the cached instructions
  [PASS] provider_verification: 'Jane' stays out of the cached instructions
  [PASS] provider_verification: 'Okafor' stays out of the cached instructions
  [PASS] provider_verification: 'Northside' stays out of the cached instructions
  [PASS] provider_verification: 'Forage AI' stays out of the cached instructions
  [PASS] provider_verification: 'David' stays out of the cached instructions
  [PASS] patient_discovery: 'Jane' stays out of the cached instructions
  [PASS] patient_discovery: 'Okafor' stays out of the cached instructions
  [PASS] patient_discovery: 'Northside' stays out of the cached instructions
  [PASS] patient_discovery: 'Forage AI' stays out of the cached instructions
  [PASS] patient_discovery: 'David' stays out of the cached instructions
  [PASS] run_twilio.py accepts --specialty
  [PASS] --specialty wins over a specialty typed into the name  — the operator saying it outright beats a word left in a field
  [PASS] and one typed into the name is recovered when the flag is absent  — this is call-20260903-1126: it was dropped, and the surname ate it
  [PASS] an ordinary name yields no specialty at all
  [PASS] run_twilio.py resolves the specialty from the flag AND the name
  [PASS] and passes the resolved value into the Doctor it builds  — an accepted flag that reaches nothing is worse than no flag
  [PASS] run_twilio.py actually imports resolve_specialty  — a source grep for the call site cannot see a missing import
  [PASS] run_twilio.py actually imports split_doctor_specialty  — a source grep for the call site cannot see a missing import
  [PASS] run_twilio.py actually imports Doctor  — a source grep for the call site cannot see a missing import

------------------------------------------------------------------
  GREETING — the client contact's own wording
------------------------------------------------------------------
  [PASS] the greeting uses her phrasing  — Hi, this is David, calling on behalf of Forage AI to verify some information that was missed on our website — I'm not calling to book anything. Is now a good time?
  [PASS] and not the wording it replaced, which was ours
  [PASS] the identification still comes FIRST  — an automated call opens with the real caller and the organisation it represents — not negotiable against a preferred wording
  [PASS] and the not-booking clause is kept  — it is from her own script and does real work: asking whether a doctor takes new patients sounds like someone trying to become one
  [PASS] still 'on behalf of' — no employment claim
  [PASS] and it still ends on the ask, so the callee has a turn to take

==================================================================
  IDENTITY — the question the script never asked
==================================================================
  [PASS] identity is the FIRST field  — ['identity', 'branch', 'accepting', 'scheduling', 'referral']
  [PASS] every field is written by a tool — run BEFORE wiring, not after
  [PASS] and every gate in the chain is sound  — ()
  [PASS] branch is gated on identity
  [PASS] accepting is gated on identity
  [PASS] scheduling stays gated on accepting — a two-deep chain
  [PASS] referral stays gated on accepting — a two-deep chain
  [PASS] a branch is NOT filed while identity is unsettled  — this is 1437: None reached the directory under a doctor nobody had confirmed
  [PASS] it is HELD ([{'tool': 'save_branch', 'field': 'branch', 'arguments': {'branch': 'Eastside Clinic'}, 'gate': 'identity'}])  — refusing outright would discard an answer the caller gave, which looks identical afterwards to a receptionist who would not say
  [PASS] and the model is TOLD it is held ({'ok': False, 'error': 'NOT SAVED: identity unsettled — branch cannot be filed against a doctor nobody has confirmed | NEED: settle identity first. Value HELD, applied automatically. Nothing further needed from them on branch.'})  — otherwise it goes back and asks a question already answered
  [PASS] the held branch lands the moment identity is confirmed ('Eastside Clinic')  — held and never applied is the same lost answer with extra steps
  [PASS] and the flush is recorded, not silent (['branch'])
  [PASS] a branch is REFUSED outright once identity came back not_here  — holding it would be waiting for a turn that cannot come
  [PASS] and the drop says which answer closed it ([{'tool': 'save_branch', 'field': 'branch', 'arguments': {'branch': 'Eastside Clinic'}, 'gate': 'identity', 'why': 'identity=not_here'}])  — a value that evaporates between the caller saying it and the artifact being written is the invisibility every guard here was retrofitted for
  [PASS] the ungated field saves normally  — a gate that blocks the field opening the gate deadlocks the call
  [PASS] a second attempt at a held field replaces the first ([{'tool': 'save_branch', 'field': 'branch', 'arguments': {'branch': 'Riverside Campus'}, 'gate': 'identity'}])
  [PASS] and what lands is the one they stood behind last ('Riverside Campus')  — replaying both in order writes the value they retracted
  [PASS] identity=nothing       -> none  — none
  [PASS] identity=wrong_number  -> complete  — complete
  [PASS] identity=not_here      -> complete  — complete
  [PASS] identity=unsure        -> complete  — complete
  [PASS] identity=confirmed     -> partial  — partial
  [PASS] and everything downstream is n/a, not missing  — ('branch', 'accepting', 'scheduling', 'referral')
  [PASS] so the agent has nothing to apologise for out loud  — it did not fail to get a branch; there was no branch to get
  [PASS] not_here and wrong_number are separate states  — one says the listing is wrong and the number is fine; the other says the number is wrong. Collapsing them sends somebody to re-verify a number that was never the problem
  [PASS] identity=confirmed    "Yes, this is Dr. Okafor's office."
  [PASS] identity=confirmed    'Speaking.'
  [PASS] identity=not_here     "No, she doesn't work here."
  [PASS] identity=not_here     'There is no one by that name.'
  [PASS] identity=not_here     'She left last year.'
  [PASS] identity=not_here     "We have a Dr. Smith but he's a dermatologi"
  [PASS] identity=wrong_number "You've got the wrong number."
  [PASS] identity=wrong_number 'This is a bakery.'
  [PASS] identity=unsure       "I'm not sure, I'm new here."
  [PASS] identity=unsure       'We have a few doctors but I can check.'
  [PASS] identity=None         'It is 1426 7th Street.'
  [PASS] the identity ask is recognised
  [PASS] and a BRANCH ask is not — it would anchor the guard on the wrong turn
  [PASS] the caller's answer was always readable — the ASK was not  — which is why the fix is the probe, not the vocabulary
  [PASS] a softened identity ask is still an identity ask: 'Thanks — is this the office for Dr. Jennifer, Cardio'
  [PASS] a softened identity ask is still an identity ask: 'Right, thanks — just to be clear, is this the office'
  [PASS] a softened identity ask is still an identity ask: 'Is this the practice of Dr. Reyes?'
  [PASS] a softened identity ask is still an identity ask: 'Is this the office of Dr. Okafor?'
  [PASS] and a branch ask naming the doctor is still NOT one: 'Is this the branch Dr. Jennifer works out of?'
  [PASS] and a branch ask naming the doctor is still NOT one: 'Is this the campus Dr. Reyes works from?'
  [PASS] and a branch ask naming the doctor is still NOT one: 'Is this the site Dr. Okafor sees patients at?'
  [PASS] a padded no is still a no: 'Right now no.'  — got <ChoiceAnswer.NO: 'no'>
  [PASS] a padded no is still a no: 'Right now, no.'  — got <ChoiceAnswer.NO: 'no'>
  [PASS] a padded no is still a no: 'At the moment no.'  — got <ChoiceAnswer.NO: 'no'>
  [PASS] a padded no is still a no: 'Unfortunately no.'  — got <ChoiceAnswer.NO: 'no'>
  [PASS] a padded no is still a no: 'Sorry, no.'  — got <ChoiceAnswer.NO: 'no'>
  [PASS] a padded no is still a no: 'I think no.'  — got <ChoiceAnswer.NO: 'no'>
  [PASS] a padded no is still a no: 'Ah, no.'  — got <ChoiceAnswer.NO: 'no'>
  [PASS] and the referral vocabulary gets the same parity
  [PASS] 'There is no waitlist.' -> no  — got <ChoiceAnswer.NO: 'no'>
  [PASS] 'For now there is no waiting list, sorry.' -> no  — got <ChoiceAnswer.NO: 'no'>
  [PASS] 'Yeah, no no, we are full right now, so.' -> waitlist  — got <ChoiceAnswer.WAITLIST: 'waitlist'>
  [PASS] 'No problem, there is a waiting list you can join.' -> waitlist  — got <ChoiceAnswer.WAITLIST: 'waitlist'>
  [PASS] "We're full, but I can put you on the list." -> waitlist  — got <ChoiceAnswer.WAITLIST: 'waitlist'>
  [PASS] 'No idea.' -> unsure  — got <ChoiceAnswer.UNSURE: 'unsure'>
  [PASS] 'She is accepting new patients.' -> yes  — got <ChoiceAnswer.YES: 'yes'>
  [PASS] 'Right now yes.' -> yes  — got <ChoiceAnswer.YES: 'yes'>
  [PASS] "No she isn't." -> no  — got <ChoiceAnswer.NO: 'no'>
  [PASS] 'No we are not taking patients.' -> no  — got <ChoiceAnswer.NO: 'no'>
  [PASS] 'No problem' is an acknowledgement, not a refusal  — it used to classify NO — a YES answer recorded as its opposite
  [PASS] 'moment' is not a negator  — it merely ends in 'nt'
  [PASS] 'patient' is not a negator  — it merely ends in 'nt'
  [PASS] 'appointment' is not a negator  — it merely ends in 'nt'
  [PASS] 'current' is not a negator  — it merely ends in 'nt'
  [PASS] 'different' is not a negator  — it merely ends in 'nt'
  [PASS] 'urgent' is not a negator  — it merely ends in 'nt'
  [PASS] 'front' is not a negator  — it merely ends in 'nt'
  [PASS] 'want' is not a negator  — it merely ends in 'nt'
  [PASS] 'recent' is not a negator  — it merely ends in 'nt'
  [PASS] 'department' is not a negator  — it merely ends in 'nt'
  [PASS] an affirmative after the word 'patient' is not negated  — this classified NO — the wrong-row failure, on shipped patterns
  [PASS] real negation still reads as NO: "She's not currently taking new patients."
  [PASS] real negation still reads as NO: "We aren't taking anyone."
  [PASS] real negation still reads as NO: 'We arent taking anyone.'
  [PASS] real negation still reads as NO: "She isn't accepting."
  [PASS] real negation still reads as NO: "We don't take new patients."
  [PASS] real negation still reads as NO: 'We dont take new patients.'
  [PASS] both polarities read on the same shape: 'Right now yes.' / 'Right now no.'  — <ChoiceAnswer.YES: 'yes'> / <ChoiceAnswer.NO: 'no'>
  [PASS] both polarities read on the same shape: 'At the moment yes.' / 'At the moment no.'  — <ChoiceAnswer.YES: 'yes'> / <ChoiceAnswer.NO: 'no'>
  [PASS] both polarities read on the same shape: 'Unfortunately yes.' / 'Unfortunately no.'  — <ChoiceAnswer.YES: 'yes'> / <ChoiceAnswer.NO: 'no'>
  [PASS] both polarities read on the same shape: 'Sorry, yes.' / 'Sorry, no.'  — <ChoiceAnswer.YES: 'yes'> / <ChoiceAnswer.NO: 'no'>
  [PASS] both polarities read on the same shape: 'I think yes.' / 'I think no.'  — <ChoiceAnswer.YES: 'yes'> / <ChoiceAnswer.NO: 'no'>
  [PASS] both polarities read on the same shape: 'Probably yes.' / 'Probably no.'  — <ChoiceAnswer.YES: 'yes'> / <ChoiceAnswer.NO: 'no'>
  [PASS] a place named in the words a front desk uses: 'Which clinic does she work out of?'
  [PASS] a place named in the words a front desk uses: 'Which facility is she based at?'
  [PASS] a place named in the words a front desk uses: 'Which building does she see patients in?'
  [PASS] a place named in the words a front desk uses: 'Which centre is she at?'
  [PASS] a place named in the words a front desk uses: 'The medical center on Broadway.'
  [PASS] 'clinical' is not a place
  [PASS] slack between the verb and 'new'
  [PASS] and two words of slack does not reach across to an unrelated 'new'
  [PASS] note_info values are readable back off the session ({'callback_time': 'Caller requested callback in the afternoon.', 'email': 'directory@example.com'})  — a tool that reports ok and whose output nothing can see is the acts-and-leaves-no-trace defect wearing a third hat
  [PASS] the memory-namespacing prefix does not leak into the record
  [PASS] and a call that noted nothing reports nothing
  [PASS] notes reach the artifact  — one serialiser is how this got lost the first time
  [PASS] notes reach the doctor record  — one serialiser is how this got lost the first time
  [PASS] a sign-off is recognised: 'No problem — take care.'
  [PASS] a sign-off is recognised: 'Take care.'
  [PASS] a sign-off is recognised: 'Bye now.'
  [PASS] a sign-off is recognised: 'Have a good day.'
  [PASS] a sign-off is recognised: 'Alright, thanks for your time earlier — goodbye.'
  [PASS] and an ordinary turn is not: "I'll take care of that."
  [PASS] and an ordinary turn is not: 'I will take care of it for you.'
  [PASS] and an ordinary turn is not: 'Got it — which branch does she work out of?'
  [PASS] and an ordinary turn is not: "Got it — we'll follow up this afternoon."
  [PASS] the directive asks for the tool  — hanging up here would lose the reason the call ended
  [PASS] and it neither ends the call itself nor touches the wire
  [PASS] one-shot, and recorded so it cannot fire invisibly
  [PASS] a sign-off is recorded on ANY agent turn, tool or not  — at the tool site it could only see goodbyes attached to a refusal
  [PASS] and it stands down for a close that is already pending  — nudging into a correct close asks for an escalate on a good call
  [PASS] the persona's own close is a sign-off: "Let me just figure out my schedule, and I'll c"  — templates.py teaches this shape; the guard could not read it
  [PASS] the persona's own close is a sign-off: 'Thanks for explaining that. Let me think about'  — templates.py teaches this shape; the guard could not read it
  [PASS] the persona's own close is a sign-off: 'Thanks for explaining the wait list. Let me so'  — templates.py teaches this shape; the guard could not read it
  [PASS] and a hold is not a sign-off: 'Should I call back later, or is there a better'
  [PASS] and a hold is not a sign-off: 'They said they would call me back later.'
  [PASS] and a hold is not a sign-off: 'Could you call back if anything changes?'
  [PASS] and a hold is not a sign-off: 'Okay, thanks for explaining that list - let me'
  [PASS] and a hold is not a sign-off: 'Let me think about it for a second.'
  [PASS] the close accepts a real farewell, not any non-question sentence  — endswith('?') let 'let me think about it for a moment' close a call
  [PASS] an affirmative in a LATER clause is the operative answer  — the sentence _NEGATOR's docstring promises and did not deliver
  [PASS] and the form that already worked still does  — if this ever fails the fix went in at the wrong layer
  [PASS] a stated negative is not overturned by: "we're not taking new patients, but she is happ"  — got <ChoiceAnswer.NO: 'no'>
  [PASS] a stated negative is not overturned by: "we're not doing walk-ins, and we're not taking"  — got <ChoiceAnswer.NO: 'no'>
  [PASS] a stated negative is not overturned by: "We're not taking new patients."  — got <ChoiceAnswer.NO: 'no'>
  [PASS] a stated negative is not overturned by: "She's not currently taking new patients."  — got <ChoiceAnswer.NO: 'no'>
  [PASS] an affirmative in the SAME clause is not a later answer
  [PASS] third person is an answer too: 'She is accepting.'  — got <ChoiceAnswer.YES: 'yes'>
  [PASS] third person is an answer too: "She's accepting."  — got <ChoiceAnswer.YES: 'yes'>
  [PASS] third person is an answer too: 'They are accepting.'  — got <ChoiceAnswer.YES: 'yes'>
  [PASS] third person is an answer too: 'The doctor is accepting.'  — got <ChoiceAnswer.YES: 'yes'>
  [PASS] third person is an answer too: "We're accepting."  — got <ChoiceAnswer.YES: 'yes'>
  [PASS] and its negation is still NO: 'She is not accepting.'  — got <ChoiceAnswer.NO: 'no'>
  [PASS] and its negation is still NO: "She isn't accepting."  — got <ChoiceAnswer.NO: 'no'>
  [PASS] and its negation is still NO: 'They are not accepting.'  — got <ChoiceAnswer.NO: 'no'>

------------------------------------------------------------------
  check_refusals — finding the next probe gap without a person
------------------------------------------------------------------
  [PASS] refused and the field never landed -> COST  — the guard did not delay the answer, it destroyed it
  [PASS] refused and the field landed later -> PREMATURE  — the caller was made to say it again in words the probe recognised
  [PASS] a refusal on a field the call never needed is not a finding  — flagging every refusal is how a scan stops being read
  [PASS] and a call with no refusals is silent
  [PASS] the caller's exact words come out with the finding  — a refusal without them says a guard fired; with them it says which phrasing the probe could not read
  [PASS] on-the-spot, contradicted-after-the-wait and branch rejections all reach the scan
  [PASS] and a deferred save that APPLIED is not a refusal
  [PASS] one refusal recorded in two places counts once  — the sources overlap BY DESIGN - the docstring said so and the function did not act on it
  [PASS] so the finding is reported once, not twice
  [PASS] and the two records genuinely disagree about `heard`  — keying on it would dedupe nothing
  [PASS] without an `at` on either record the scan does not merge them  — it cannot prove they are one event, and a merged pair is a finding nobody ever sees
  [PASS] a refused 'unknown' is not a lost answer  — the model reaching for a placeholder is not a caller phrasing a probe could not read
  [PASS] and it is dropped before the verdict, not only from COST  — reporting it PREMATURE would say the caller was made to repeat something they never said
  [PASS] but a vague answer the caller actually gave still flags  — 'clinic' is in the tool's invalid-word set and is NOT a sentinel - the caller said something and the probe could not use it
  [PASS] the sentinel set overlaps the invalid-branch set without being it  — 6 shared of 23
  [PASS] the vague-place words are the tool's business and never sentinels  — if one migrated into SENTINELS, every vague-answer finding would go quiet and this file's own argument for the split would be false
  [PASS] a refusal the NAME guard caused is not a probe gap  — the spelling repair produced better evidence than existed before — nobody was made to repeat themselves
  [PASS] and an identity refusal with no mismatch behind it still flags  — otherwise the exemption would swallow every identity finding
  [PASS] a save refused before any question was asked is not a probe gap  — one agent turn before the refusal can only be the greeting
  [PASS] and the same refusal AFTER a question does flag  — the exemption is the missing question, not the field
  [PASS] a refusal after midnight is still judged, not exempted by the wrap  — two agent turns preceded it; string order says none did
  [PASS] the corpus scan finds "It's depend upon situation" (COST)  — [('call-20260827-1130-ed9f', 'referral'), ('call-20260827-1428-9f82', 'accepting'), ('call-20260902-1245-5dce', 'identity'), ('call-20260902-1716-25f1', 'identity'), ('call-20260902-1822-2537', 'identity'), ('call-20260902-2000-2811', 'identity'), ('call-20260902-2005-55b6', 'identity'), ('call-20260902-2108-3879', 'identity'), ('call-20260903-1333-f23b', 'identity'), ('call-20260903-1351-349f', 'identity'), ('call-20260903-1402-5164', 'identity'), ('call-20260903-1422-6321', 'identity'), ('call-20260903-1921-226c', 'identity'), ('call-20260903-1948-57b6', 'identity')]
  [PASS] and finds "Right now, no." (PREMATURE)
  [FAIL] and flags exactly the known gaps across 172 calls  — unexpected: [('call-20260902-2000-2811', 'identity'), ('call-20260902-2005-55b6', 'identity'), ('call-20260902-2108-3879', 'identity'), ('call-20260903-1333-f23b', 'identity'), ('call-20260903-1351-349f', 'identity'), ('call-20260903-1402-5164', 'identity'), ('call-20260903-1422-6321', 'identity'), ('call-20260903-1921-226c', 'identity'), ('call-20260903-1948-57b6', 'identity')] | missing: []
  [FAIL] each gap is reported once, not once per record of it  — 14 findings for 5 distinct gaps
  [PASS] call-20260831-1209 is clean: a blocked 'unknown' is not a finding  — it was reported twice, and neither was real
  [PASS] every module declares the private names other modules import from it
  [PASS] and the scan really sees the cross-module surface  — evidence=55 lifecycle=3
  [PASS] the package's re-exported surface is collected, not just its name  — evidence defines/re-exports 55
  [PASS] and submodules are scanned on both sides — defined and imported  — guards defines 7, patterns is imported for 24
  [PASS] each package's bottom layer is scanned in its own right  — evidence.probes=16 grounding.vocabulary=34
  [PASS] and no two modules collapse onto one key  — 26 keys for 26 files — a collision silently unguards whichever one sorts first

------------------------------------------------------------------
  Cited in source, untested until now
------------------------------------------------------------------
  [PASS] a repeat whose every CLAUSE is sub-threshold still counts: 'Okay, no problem, I will.'  — counting clauses instead of sentences loses exactly this shape
  [PASS] a repeat whose every CLAUSE is sub-threshold still counts: 'Right, so, let me see.'  — counting clauses instead of sentences loses exactly this shape
  [PASS] a repeat whose every CLAUSE is sub-threshold still counts: 'Sure, one moment, hang on.'  — counting clauses instead of sentences loses exactly this shape
  [PASS] a long repeat with long clauses is counted once, not per clause
  [PASS] and three words is below the threshold either way  — the threshold is what stops every 'okay' scoring as a repeat
  [PASS] a bare hint term on near-silent audio is quarantined  — call-1323: the callee never spoke and the agent answered anyway
  [PASS] the same words on real audio are a real answer
  [PASS] and a quiet turn that says MORE than the term is not an echo
  [PASS] an unmeasured turn gets the benefit of the doubt  — absence of measurement is not evidence of fabrication
  [PASS] a bare status token on silent audio is refused  — this is squarely what the transcriber fabricates
  [PASS] the same answer on real speech is accepted
  [PASS] and an unmeasured turn is not refused on an unmeasurement
  [PASS] forage_data_collection: raises identity only if it declares the field
  [PASS] forage_ai_disclosed: raises identity only if it declares the field
  [PASS] provider_verification: raises identity only if it declares the field
  [PASS] patient_discovery: raises identity only if it declares the field
  [PASS] a real confirmation grounds
  [PASS] and heard is selected from the transcript  — "Yes, that's us."
  [PASS] a confirmation the caller never gave is refused
  [PASS] the opener asks whether now is a good time  — Hi, this is David, calling on behalf of Forage AI to verify some information that was missed on our website — I'm not calling to book anything. Is now a good time?
  [PASS] after the identification, not before it
  [PASS] and the not-booking clause is still there
  [PASS] eviction left branch grounding unmoved: clean save  — forage_data_collection still has the evicted blocks, so a disagreement here would be the damage
  [PASS] eviction left branch grounding unmoved: space collapse  — forage_data_collection still has the evicted blocks, so a disagreement here would be the damage
  [PASS] eviction left branch grounding unmoved: ASR mangled  — forage_data_collection still has the evicted blocks, so a disagreement here would be the damage
  [PASS] eviction left branch grounding unmoved: fabrication  — forage_data_collection still has the evicted blocks, so a disagreement here would be the damage
  [PASS] eviction left branch grounding unmoved: invented house number  — forage_data_collection still has the evicted blocks, so a disagreement here would be the damage
  [PASS] eviction left branch grounding unmoved: reshaped hospital name  — forage_data_collection still has the evicted blocks, so a disagreement here would be the damage
  [PASS] eviction left branch grounding unmoved: nothing said  — forage_data_collection still has the evicted blocks, so a disagreement here would be the damage

==================================================================
  call-20260825-1226 — identity confirmed the wrong doctor
==================================================================
  [PASS] the affirmative alone still classifies as confirmed  — which is why the vocabulary could never have caught this
  [PASS] but confirming is now REFUSED — they named a different doctor  — the highest-priority defect: a row confirmed against the wrong person, attached to a real practice
  [PASS] and the refusal names the surname it heard
  [PASS] accept: "Yes, that's Dr. Okafor's office."  — our doctor, possessive
  [PASS] accept: 'Yes, Dr Okafor works here.'  — no full stop after Dr
  [PASS] accept: 'Yes, speaking.'  — nobody named — silence is not a mismatch
  [PASS] accept: "That's right."  — nobody named
  [PASS] refuse: 'Yes, we have a Dr. Smith here.'  — a different doctor
  [PASS] refuse: 'Yes, Doctor Kapoor is here.'  — spelled-out title
  [PASS] the surname extractor reads the name off the title
  [PASS] and finds none where none is claimed
  [PASS] 'Dr. Reyes is an oncologist.' -> ['reyes']  — ['reyes']: the s is part of the name
  [PASS] "Yes, that's Dr. Okafor's office." -> ['okafor']  — ['okafor']: a real possessive
  [PASS] "Dr. Jones' office is upstairs." -> ['jones']  — ['jones']: a bare trailing apostrophe is still a possessive
  [PASS] 'Dr. Hayes has left.' -> ['hayes']  — ['hayes']: and again with a different name
  [PASS] an s-final surname confirms against itself  — the guard refused our own doctor on a clean transcript, which is a false accusation and costs a turn spelling a correct name

------------------------------------------------------------------
  call-20260825-1620 - the guard asked before the evidence existed
------------------------------------------------------------------
  [PASS] words still in flight are recognised as still in flight  — the 1620 case: the guard is about to judge a turn the transcriber has not answered for
  [PASS] a turn that has landed is not pending
  [PASS] a placeholder the transcriber has ALREADY answered for is not pending - the evidence exists and is nothing
  [PASS] and an agent turn on the end is not a caller turn in flight

[20:57:28] 🚪 ESCALATION HELD — their last words are still transcribing: ''
  [PASS] escalating while their last turn is still transcribing is refused  — {"ok": false, "error": "NOT ESCALATED \u2014 their last turn is still transcribing | NEED: wait one turn; the answer may be in it"}
  [PASS] and the model is told to wait for the words, not to ask again
  [PASS] the ask budget is NOT reset - it ran out for its own reasons and this says nothing about whether they were engaging  — unanswered=4

[20:57:28] ⚠️  ESCALATED     : {'reason': 'caller engaged but never provided a location'}
  [PASS] the hold is one-shot; the second attempt is allowed through  — a guard that can refuse forever cannot end a call

------------------------------------------------------------------
  calls 1433/1437 — spell the name, because matching cannot
------------------------------------------------------------------
  [PASS] the name is offered one letter at a time
  [PASS] the refusal of 'Yeah, Dr. Riaz is here.' asks for the letters  — refusing without a repair is how both calls spent their whole budget on one question and hung up with nothing
  [PASS] the refusal of "That's Dr. Yes." asks for the letters  — refusing without a repair is how both calls spent their whole budget on one question and hung up with nothing
  [PASS] the refusal of 'Yes, Dr. Ayers speaking.' asks for the letters  — refusing without a repair is how both calls spent their whole budget on one question and hung up with nothing
  [PASS] spelling it out is recognised, and saying it plainly is not  — the plain name is the sound that was already mangled — if that counted as spelling, the repair would be satisfied by the failure
  [PASS] after the letters, their yes confirms  — scanning the whole call finds the mangled turn again and refuses forever — that is the loop 1437 died in
  [PASS] and a different name AFTER the letters is refused and routed to not_here  — asking a third time spends the call on a question already answered; not_here is the valuable negative result
  [PASS] after the letters the confirmation stands
  [PASS] and the stored quote is the turn it rests on ('Yes, the same doctor.')  — the longer pre-spelling turn names the doctor this call rejected - storing it makes the row cite its own counter-evidence
  [PASS] confirming before they answer the letters is refused ("identity='confirmed' — you spelled the name out to them and ")  — standing down would accept a confirmation whose only support is the turn the spelling was performed to supersede
  [PASS] an unspelled call selects as before ("Yes, that's Dr. Okafor's office.")  — the floor must be inert on every call that never needed it
  [PASS] the ask is recognised: 'Great - are you able to confirm this is Dr. '  — unrecognised, the answer is judged as if nobody had asked - and a proper answer is exactly what fails that test
  [PASS] and the quote is their real answer ('Yes, Dr. Reyes is our oncologist.')  — anchored at 0, an earlier unrelated turn is in the window too
  [PASS] the ask is recognised: 'Can you confirm this is Dr. Reyes, Oncology,'  — unrecognised, the answer is judged as if nobody had asked - and a proper answer is exactly what fails that test
  [PASS] and the quote is their real answer ('Yes, Dr. Reyes is our oncologist.')  — anchored at 0, an earlier unrelated turn is in the window too
  [PASS] the ask is recognised: 'Am I through to Dr. Reyes at Lakeview Medica'  — unrecognised, the answer is judged as if nobody had asked - and a proper answer is exactly what fails that test
  [PASS] and the quote is their real answer ('Yes, Dr. Reyes is our oncologist.')  — anchored at 0, an earlier unrelated turn is in the window too
  [PASS] still not an identity ask: 'Which branch does Dr. Reyes work out of?'  — a probe that matches a branch ask anchors the identity guard on the wrong turn, which is what the narrowness is protecting
  [PASS] still not an identity ask: 'Thanks - which branch does Dr. Reyes work '  — a probe that matches a branch ask anchors the identity guard on the wrong turn, which is what the narrowness is protecting
  [PASS] still not an identity ask: 'Do you know which branch Dr. Okafor works '  — a probe that matches a branch ask anchors the identity guard on the wrong turn, which is what the narrowness is protecting
  [PASS] still not an identity ask: 'Is she taking new patients?'  — a probe that matches a branch ask anchors the identity guard on the wrong turn, which is what the narrowness is protecting
  [PASS] still not an identity ask: 'Is there a waitlist or another way to book'  — a probe that matches a branch ask anchors the identity guard on the wrong turn, which is what the narrowness is protecting
  [PASS] still not an identity ask: 'Hi, this is David, calling on behalf of Fo'  — a probe that matches a branch ask anchors the identity guard on the wrong turn, which is what the narrowness is protecting
  [PASS] the wrong name is recorded once, with ours beside it ([{'heard': 'riaz', 'ours': 'reyes', 'said': 'Yeah, Dr. Riaz is here.', 'after_spelling': False}])  — a guard that refuses invisibly cannot be reviewed after the call

------------------------------------------------------------------
  call-20260831-1048 — the window has a ceiling, not just a floor
------------------------------------------------------------------
  [PASS] the confirmation still grounds while the window is open  — the ceiling must be inert on every call that never changes topic
  [PASS] an 'I don't know' about the BRANCH cannot ground the identity  — the branch ask closes the identity window; without a ceiling the answer to any later question is evidence for this one forever
  [PASS] and the refusal cites the turns inside the window, not the one outside it  — identity='unsure' — nothing the caller said since you asked reads as that answer | THEY SAID: 'Y
  [PASS] and `unsure` cannot overwrite a stored `confirmed` at the tool  — {'ok': False, 'error': "REJECTED 'unsure': already 'confirmed', and 'unsure' does not correct it | NEED: nothing further on this; 'confirmed' stands"}
  [PASS] the verified state survives the attempt  — memory.update ignores Nones, so a second call MERGES into the row - state from one turn beside a detail from another, a composite nobody uttered
  [PASS] so the objective stays PARTIAL and the call keeps asking  — flipping identity to unsure makes branch/accepting/scheduling/referral all not-required - that ONE write is what ended the call
  [PASS] but a caller putting us right still lands  — not_here is the most valuable negative this programme produces - the lock must not cost it

------------------------------------------------------------------
  A number said as a word is still that number
------------------------------------------------------------------
  [PASS] '7th' grounds on a caller who said 'Seventh'  — normalisation, not tolerance — the same number, a different notation
  [PASS] and so does the spelled form, as it always did
  [PASS] an invented house number is still refused
  [PASS] and the correct one still grounds
  [PASS] a DIFFERENT number said as a word is still caught  — '9th' does not ground on 'Seventh' — the map normalises, it does not blur

------------------------------------------------------------------
  cardiology / cardiologists — one fact, two parts of speech
------------------------------------------------------------------
  [PASS] the specialty survives when they said the practitioner form  — suffix-stripping cannot turn cardiologists into cardiology; a shared six-character prefix can
  [PASS] prefix matching covers the family
  [PASS] and does not reach across unrelated words  — they part company inside the first six characters
  [PASS] a branch is NOT grounded by prefix — that field keeps exact matching  — a loosening there costs a wrong address, which is a different price

------------------------------------------------------------------
  call-20260902-2002/-2005 - the outcome label is not a way out
------------------------------------------------------------------
  [PASS] the -2002 state: everything but the branch, which the guard refused  — ('branch_confirmed',)
  [PASS] the outcome label is REFUSED while a required field is outstanding
  [PASS] and the refusal names the field the model has to go back for  — REJECTED 'no_capacity': the call is not finished — branch_confirmed still unrecorded | NEE
  [PASS] the attempt is recorded, not merely refused  — [{'value': 'no_capacity', 'owed': ['branch_confirmed']}]
  [PASS] with what the call still owed at the moment it was attempted
  [PASS] and nothing was written
  [PASS] the label is refused outright, never held for replay  — a stale verdict applied later is the -2005 failure, not a fix
  [PASS] and it lands the moment the outstanding field does
  [PASS] the call the guard sent back for the branch then completes
  [PASS] note_info(phone) is untouched by the ordering guard  — a real answer the caller gave; refusing it is the expensive direction
  [PASS] note_info(website) is untouched by the ordering guard  — a real answer the caller gave; refusing it is the expensive direction
  [PASS] note_info(callback_time) is untouched by the ordering guard  — a real answer the caller gave; refusing it is the expensive direction
  [PASS] note_info(new_hospital) is untouched by the ordering guard  — a real answer the caller gave; refusing it is the expensive direction
  [PASS] note_info(waitlist) is untouched by the ordering guard  — a real answer the caller gave; refusing it is the expensive direction
  [PASS] the -2005 state: identity unsettled, so the label is refused
  [PASS] escalating opens it - a reason on the record is what a label labels
  [PASS] a miscased key is still the model stamping the ending
  [PASS] a REQUIRED ending label does not block itself  — owed=()
  [PASS] so it can actually be written, and the objective can complete
  [PASS] a key that is not an ending label gets no opinion at all
  [PASS] an ending label on a save_* key is reported, not silently inert
  [PASS] 'forage_data_collection' declares no unenforceable ending label
  [PASS] 'forage_ai_disclosed' declares no unenforceable ending label
  [PASS] 'provider_verification' declares no unenforceable ending label
  [PASS] 'patient_discovery' declares no unenforceable ending label
  [PASS] wired into the template validator, not left a library function
  [PASS] the ordering is read off the template's declaration
  [PASS] tools.py never spells the label's own name  — a hand-copied key is a key that drifts
  [PASS] and the refusals reach the artifact
  [PASS] a batch of notes is accepted in ONE call  — {'ok': True, 'written': {'waitlist': 'about number twenty in the queue', 'call_outcome': 'no_capacity'}}
  [PASS] and every key in it is actually written
  [PASS] the objective is re-derived across the batch, not before it
  [PASS] a batch carrying a premature ending label does NOT report success  — call_outcome: REJECTED 'no_capacity': the call is not finished — branch_confirmed still un
  [PASS] the label is refused just as hard inside a batch as outside one
  [PASS] and the real answer beside it is still written, never discarded
  [PASS] the result names what landed, so the model does not re-ask for it
  [PASS] the refusal is recorded from inside a batch too, not silently
  [PASS] REJECTED: an empty batch  — REJECTED: notes must be a non-empty object of key -> value | NEED: note_info aga
  [PASS] REJECTED: notes not an object  — REJECTED: notes must be a non-empty object of key -> value | NEED: note_info aga
  [PASS] REJECTED: both shapes at once  — REJECTED: the call carried both notes and key, value | NEED: note_info again: EI

[00:00:00] CLOSE DEFERRED  : objective complete, but they have just asked us something and we have not answered it
          they asked: 'No. Would you like me to add you?'
  [PASS] THEY asked us something: the deferral names that branch  — a bool could not tell this from the one below

[00:00:00] ⏸️  CLOSE DEFERRED  : objective complete, but the turn just spoken is a question they have not answered — waiting for them
          asked: 'Got it — is she taking new patients?'
  [PASS] we asked them something: the other branch, which must stay silent
  [PASS] 'theirs' asks for exactly one response, and asks for it here
  [PASS] steered by a conversation item, so the model speaks instead of emitting another tool call  — ['conversation.item.create']
  [PASS] never an instructions override, which would break the prefix cache
  [PASS] and never creates into the response still in flight
  [PASS] 'ours' still says nothing at all — no item, no response  — the only correct next sound on that line is theirs
  [PASS] the two deferrals are distinct values in the source, not one bool
  [PASS] we were the last voice on the line

[00:00:00] ⏸️  CLOSE DEFERRED  : objective complete, but we were the last voice on the line and this tool said nothing
          a goodbye now would stack on our own turn — waiting for them
  [PASS] a silent completing tool after a turn of ours defers instead of asking for a goodbye
  [PASS] the call is not marked done — the close waits for their next turn  — done=False armed=True
  [PASS] and the hold is counted; the console line scrolls past, the artifact does not
  [PASS] 'spoken' says nothing at all, exactly like 'ours'  — a second utterance is the whole thing being avoided
  [PASS] the same turns, but with audio in the completing response, close normally
  [PASS] with their turn newest, we did not speak last
  [PASS] a silent completing tool after THEIR turn still closes at once  — holding there is dead air, not courtesy
  [PASS] a placeholder does not make the caller the last voice
[00:00:01] ▶️  CLOSE RE-ARMED — they answered; closing after the agent replies
  [PASS] their next turn re-arms it, and the goodbye lands as a reply
  [PASS] handed to _close_after_response, so the model's REPLY is the close
  [PASS] and the reason is cleared with it — a stale one would let the watchdog close a call that has already re-armed
  [PASS] the held close times out BEFORE the silence prompt would speak  — 4.5s vs 7.0s
[20:57:48] 🏁 CLOSE HELD 5.5s FOR A REPLY THAT DID NOT COME — closing now rather than asking whether they are still there
  [PASS] a 'spoken' hold that nobody answers closes the call itself  — done=True
  [PASS] and what it asks for is the goodbye  — ['(say a brief warm goodbye now, then stop. ONE short sentence. You have ALREADY thanked them in the turn you just spoke — do not thank them again. Do not repeat or rephrase anything you just said, and do not raise anything new.)']
  [PASS] never 'are you still with me?' — nobody was asked anything  — that is the wrong sentence about a call that is already complete
  [PASS] exactly one response is created, not one per tick  — state is cleared before the create here, so a refusal cannot re-enter and say goodbye twice
  [PASS] a 'ours' hold is left alone by this clock  — somebody owes a turn there; the silence budget owns it
  [PASS] a 'theirs' hold is left alone by this clock  — somebody owes a turn there; the silence budget owns it
  [PASS] both goodbye sites ask through the one definition
  [PASS] and neither still carries a copy of the sentence  — one definition means the literal is gone from both call sites
  [PASS] after a turn that thanked them, the directive says not to again  — two thank-yous in three seconds is what everybody heard
  [PASS] and it does not say so when they have not been thanked  — a model told something untrue about its own call stops trusting the channel
  [PASS] every form forbids opening a new topic on the way out
  [PASS] a stall is not a farewell: 'Okay, let me just think about how I want to '
  [PASS] and it IS recognised as a stall: 'Okay, let me just think about how I want to '
  [PASS] a stall is not a farewell: 'Okay, thanks for explaining that list - let '
  [PASS] and it IS recognised as a stall: 'Okay, thanks for explaining that list - let '
  [PASS] a stall is not a farewell: "Yeah, I'm here—let me quickly note what you "
  [PASS] and it IS recognised as a stall: "Yeah, I'm here—let me quickly note what you "
  [PASS] a stall is not a farewell: 'Let me just record what you told me.'
  [PASS] and it IS recognised as a stall: 'Let me just record what you told me.'
  [PASS] a real close still reads as a farewell: "I appreciate you explaining that — I'll sort"
  [PASS] and the taught goodbye is NOT read as a stall: "I appreciate you explaining that — I'll sort"  — without the farewell exclusion this call can never end
  [PASS] a real close still reads as a farewell: "Let me just figure out my schedule, and I'll"
  [PASS] and the taught goodbye is NOT read as a stall: "Let me just figure out my schedule, and I'll"  — without the farewell exclusion this call can never end
  [PASS] a real close still reads as a farewell: 'Let me think about it and I might call back.'
  [PASS] and the taught goodbye is NOT read as a stall: 'Let me think about it and I might call back.'  — without the farewell exclusion this call can never end
  [PASS] a real close still reads as a farewell: 'You too, take care.'
  [PASS] and the taught goodbye is NOT read as a stall: 'You too, take care.'  — without the farewell exclusion this call can never end
  [PASS] a real close still reads as a farewell: 'Thanks for your time.'
  [PASS] and the taught goodbye is NOT read as a stall: 'Thanks for your time.'  — without the farewell exclusion this call can never end
  [PASS] a question is neither a farewell nor a stall: 'Got it — is she taking new patients righ'
  [PASS] a question is neither a farewell nor a stall: 'Let me check: which office is that?'
  [PASS] lifecycle.py still decides whether a goodbye was said
  [PASS] lifecycle.py decides it with _spoken_farewell, not by hand  — _sounded_like_a_goodbye = _spoken_farewell(_last_agent)
  [PASS] teardown.py still decides whether a goodbye was said
  [PASS] teardown.py decides it with _spoken_farewell, not by hand  — sounded_like_a_goodbye = _spoken_farewell(last_agent)
  [PASS] and both import it from the one module that defines it

[00:00:00] CLOSE DEFERRED  : objective complete, but they have just asked us something and we have not answered it
          they asked: 'Would you like me to add you to the list?'
  [PASS] a stall between their question and the close leaves it OWED  — this is call-20260903-1126: it returned '' and hung up on them
  [PASS] so the call is NOT marked done on a question still on the table
  [PASS] and the agent is asked for the answer it never gave
  [PASS] a real answer-and-close still ends the call  — the fix must not make every call unclosable
  [PASS] and sess.done is set for it
  [PASS] 'Mark F. Abel Pediatric' splits to name 'Mark F. Abel'  — got 'Mark F. Abel' / 'Pediatric'
  [PASS] 'John Smith Cardiology' splits to name 'John Smith'  — got 'John Smith' / 'Cardiology'
  [PASS] 'Mark F. Abel Internal Medicine' splits to name 'Mark F. Abel'  — got 'Mark F. Abel' / 'Internal Medicine'
  [PASS] 'Robert Chen MD FACS' splits to name 'Robert Chen'  — got 'Robert Chen' / 'MD FACS'
  [PASS] 'Ana Reyes, M.D.' splits to name 'Ana Reyes'  — got 'Ana Reyes' / 'M.D.'
  [PASS] 'Sarah Okafor' splits to name 'Sarah Okafor'  — got 'Sarah Okafor' / ''
  [PASS] 'McDonald DeSilva' splits to name 'McDonald DeSilva'  — got 'McDonald DeSilva' / ''
  [PASS] so the SURNAME the greeting speaks is the person, not the specialty  — this is the whole of the -1126 name defect
  [PASS] a two-token name is never cut into: 'Mary Surgery'
  [PASS] a two-token name is never cut into: 'Internal Medicine'
  [PASS] a two-token name is never cut into: 'Lee Park'
  [PASS] a surname that is not ours is recorded after identity is settled  — the active guard has stopped looking by then
  [PASS] recorded as PASSIVE, so it reads apart from a guard that acted
  [PASS] and the same utterance never files a second row  — double-counting one event is what made the refusal corpus unreadable
  [PASS] the passive path writes no directive and no memory the model reads
  [PASS] our own doctor named is not a mismatch
  [PASS] note_info's schema offers the batched form
  [PASS] and the description tells the model to use one call, not one each
  [PASS] the schema example names no ending label  — a hand-copied key here goes stale the day a template renames it
  [PASS] the -1126 turn is caught: name AND date of birth  — I haven't registered with you yet, but my name is Ingrid Bennett. I'm 
  [PASS] the compliant answer — name, one disclaimer, no DOB — is not  — strictly the first detail asked for, and nothing else
  [PASS] and it carries zero date-of-birth tokens  — Sure, I haven't registered with you yet, but my name is Ingrid Bennett.
  [PASS] with EXACTLY ONE disclaimer, which is what stops it sounding robotic  — the doubling everyone heard was two disclaimers, one per detail
  [PASS] a SMOOTHER sentence giving both is still caught  — fluency is not the test; the pair leaving together is
  [PASS] the date of birth alone, asked for alone, is fine
  [PASS] and an ordinary turn is not flagged
  [PASS] patient_discovery tells the agent what to do when asked for both  — it said 'give ONLY the one they asked for' and never covered two
  [PASS] and names the ask verbatim, because that is how intake always asks
  [PASS] the per-detail scripts no longer sit in the cached prompt too  — one copy, in CALL CONTEXT, where the details actually are
  [PASS] the failure reaches the artifact under its own name
  [PASS] and the older counter is left alone — it asks a different question  — was it VOLUNTEERED, which is silent here because they did ask
  [PASS] solicited PII is still not an unsolicited dump  — they asked; that counter is right to stay at zero here
  [PASS] both -1422 turns carry the not-a-patient line
  [PASS] the bare follow-up carries the detail and no line
  [PASS] a reworded disclaimer is still recognised  — I'm not a patient there yet, but my name is Ingrid.
  [PASS] a reworded disclaimer is still recognised  — I haven't gone through intake yet, but I'm at 12 Main Street
  [PASS] a reworded disclaimer is still recognised  — I've not been seen there before, but my name is Ingrid.
  [PASS] and a negation in a DIFFERENT sentence is not one  — the window stops at the sentence end, or every hedge would count
  [PASS] somebody ELSE being a patient is not the persona disclaiming  — the subject is the test; adjacency is what carries it
  [PASS] and a question about them is not a claim about us
  [PASS] answered bare with the line still standing from the turn before: allowed, and this is what stops the recording sound
  [PASS] the SAME sentence after an exchange about something else is bare — the line went stale and has to go back in front
  [PASS] and a previous turn with no line in it never covered anything
  [PASS] a turn carrying its own line is never bare, whatever came before
  [PASS] a turn with no detail in it is not a bare detail

[20:57:54] 🤖 AGENT  : Hi, I'm looking for a new doctor — is this Dr. Abel's office?

[20:57:54] 🤖 AGENT  : I haven't registered with you yet, but my name is Ingrid Bennett.
  [PASS] the first detail, with its line in front, is clean

[20:57:54] 🤖 AGENT  : I'm not in your system yet, but it's November 3, 2000.
[20:57:54] 🗣️  DISCLAIMER SAID TWICE RUNNING — the not-a-patient line was already standing from the turn before
  [PASS] the -1422 pair is caught on a real session  — [{'said': "I'm not in your system yet, but it's November 3, 2000.", 'after': "I haven't registered with you yet, but my name is Ingrid Bennett.", 'at': '20:57:54'}]
  [PASS] and it is NOT a bare detail — the line was there, twice over
  [PASS] the model is told once, mid-call, that the line was still standing

[20:57:54] 🤖 AGENT  : Hi, is this Dr. Abel's office?

[20:57:54] 🤖 AGENT  : My name is Ingrid Bennett.

[20:57:54] 🩺 DETAIL GIVEN BARE — no not-a-patient line was standing; they have a record open in front of them
  [PASS] a name handed over with no line standing is caught  — [{'said': 'My name is Ingrid Bennett.', 'at': '20:57:54', 'prev_agent': "Hi, is this Dr. Abel's office?", 'callers_since': 1}]
  [PASS] and the model is told to say the line now, not at the next detail
  [PASS] a bare detail is not also counted as a repeat — they are opposite failures and one number cannot mean both
  [PASS] both reach the artifact under their own names
  [PASS] CALL CONTEXT teaches the one-turn exception
  [PASS] and the cached prompt does not carry a second copy of it
  [PASS] "every single time" is gone from the cached prompt  — an absolute and an exception cannot both be the rule
  [PASS] "every single time" is gone from the CALL CONTEXT  — an absolute and an exception cannot both be the rule
  [PASS] and both state the invariant that survived: never with NO line standing in front of the detail
  [PASS] category echo counted: 'Got it, thanks for the location — is she taking new '  — got 1
  [PASS] category echo counted: "Thanks for that address — that's all I needed."  — got 1
  [PASS] category echo counted: 'Thanks for the branch information — take care.'  — got 1
  [PASS] category echo not counted: 'Got it, Northgate — is she taking new patients right'  — got 0
  [PASS] category echo not counted: "Got it — do you know if she's taking new patients ri"  — got 0
  [PASS] category echo not counted: 'No problem — thanks for your time.'  — got 0
  [PASS] category echo not counted: 'Thanks for checking.'  — got 0
  [PASS] forage_data_collection: the closing rule names the place, not the category
  [PASS] forage_data_collection: and the ambiguous wording is gone  — 'that specific thing' is what the model read as 'the location'
  [PASS] forage_ai_disclosed: the closing rule names the place, not the category
  [PASS] forage_ai_disclosed: and the ambiguous wording is gone  — 'that specific thing' is what the model read as 'the location'
  [PASS] provider_verification: the closing rule names the place, not the category
  [PASS] provider_verification: and the ambiguous wording is gone  — 'that specific thing' is what the model read as 'the location'
  [PASS] patient_discovery: the closing rule names the place, not the category
  [PASS] patient_discovery: and the ambiguous wording is gone  — 'that specific thing' is what the model read as 'the location'
  [PASS] the metrics module still declares itself measure-only  — a counter is not an enforcement; only the prompt can pick a word
  [PASS] with nothing measured the floor is the configured absolute  — a floor derived from three frames is a guess wearing a number
  [PASS] a QUIET caller lowers the floor beneath their own speech  — 0.0109 vs 0.02
  [PASS] a LOUD caller leaves the floor exactly where it is  — this change cannot regress the calls it was not written for
  [PASS] silence between words is not a sample  — a median dragged toward zero would disable the guard
  [PASS] the drain barge-in keeps its own absolute threshold
  [PASS] the backchannel pool carries no lexical token: "right"  — a word over live speech is an interruption, not a continuer
  [PASS] the backchannel pool carries no lexical token: "sure"  — a word over live speech is an interruption, not a continuer
  [PASS] the backchannel pool carries no lexical token: "okay"  — a word over live speech is an interruption, not a continuer
  [PASS] the backchannel pool carries no lexical token: "yeah"  — a word over live speech is an interruption, not a continuer
  [PASS] the backchannel pool carries no lexical token: "gotit"  — a word over live speech is an interruption, not a continuer
  [PASS] the backchannel pool carries no lexical token: "got it"  — a word over live speech is an interruption, not a continuer
  [PASS] and enough of them that the no-repeat exclusion has a choice  — 4 clips for 'cedar'
  [PASS] the compound-ask rule forbids narrating itself  — 'answer ONLY the first' paraphrased into dialogue on a live call
  [PASS] a repeated opener is counted even inside ONE recorded turn  — the two utterances were flushed 3s apart and merged into one turn
  [PASS] and the existing counter still reads 0 on it — they measure different things  — which is why this is not folded into that one
  [PASS] distinct openers are not flagged
  [PASS] a two-word stock opener is below the floor  — back_to_back_repeats owns the identical-turn case
  [PASS] forage_data_collection: no longer teaches 'take care'
  [PASS] forage_data_collection: teaches a close the caller's side would use
  [PASS] forage_ai_disclosed: no longer teaches 'take care'
  [PASS] forage_ai_disclosed: teaches a close the caller's side would use
  [PASS] provider_verification: no longer teaches 'take care'
  [PASS] provider_verification: teaches a close the caller's side would use
  [PASS] patient_discovery: no longer teaches 'take care'
  [PASS] patient_discovery: teaches a close the caller's side would use
  [PASS] forage_data_collection: the help-thanks ban states WHEN it applies  — BANNED IF THEY DID NOT: "thanks for checking", "thanks for your help"
  [PASS] forage_ai_disclosed: the help-thanks ban states WHEN it applies  — BANNED IF THEY DID NOT: "thanks for checking", "thanks for your help"
  [PASS] provider_verification: the help-thanks ban states WHEN it applies  — BANNED IF THEY DID NOT: "thanks for checking", "thanks for your help"
  [PASS] patient_discovery: the help-thanks ban states WHEN it applies  — BANNED IF THEY DID NOT: "thanks for checking", "thanks for your help"
  [PASS] the speech request carries no instructions override at the site  — the comment there may discuss one; the code may not contain one

------------------------------------------------------------------
  call-20260902-2002 - announced a question, asked none
------------------------------------------------------------------
  [PASS] detected: 'Okay, thanks for that. Let me just ask one mor'
  [PASS] detected: 'Okay, thanks for checking - let me ask one qui'
  [PASS] detected: 'Thanks for hanging on - I need to clear up one'
  [PASS] an announcement followed by the question is not padding
  [PASS] a spelled name is substance, not padding
  [PASS] and so is a house number
  [PASS] 'a question' about THEIR question is not an announcement  — the adjective is required for exactly this
  [PASS] an ordinary close announces nothing
  [PASS] the -2207 close is recognised as the goodbye it is  — farewell_without_close was null on a call that ended with one
  [PASS] and is not a promised question
  [PASS] and so is the close the template actually teaches
  [PASS] the first-person-future close is recognised: "I'll figure out my schedule and th"  — the prompt asks the model to vary its wording; five probe defects on this project have been a regex that did not
  [PASS] the first-person-future close is recognised: 'Let me just work out my schedule a'  — the prompt asks the model to vary its wording; five probe defects on this project have been a regex that did not
  [PASS] sorting out anything else is not a goodbye
  [PASS] dropped from the verb list: 'Let me sort out the details on tha'  — sort out / go over / run through were added on no evidence; every observed padding turn used ask or clear up
  [PASS] dropped from the verb list: "I'll go over the options with them"  — sort out / go over / run through were added on no evidence; every observed padding turn used ask or clear up
  [PASS] dropped from the verb list: 'Let me run through that again.'  — sort out / go over / run through were added on no evidence; every observed padding turn used ask or clear up
  [PASS] no turn reads as a farewell AND a promised question  — clashes: []
[20:57:57] ❓ PROMISED A QUESTION, ASKED NONE (3.5s of silence) — asking for it now: 'Let me just ask one more thing.'
  [PASS] the watchdog chases the question that was promised  — 1 directives sent
  [PASS] and creates the response that carries it - a directive nobody speaks is the dead air it was written to end
  [PASS] the debt is cleared only after the create succeeds  — the owed-substance recovery shipped the other way round and printed 'saying it now' for a response that was refused
  [PASS] recorded with what was said and how long the line was silent  — [{'said': 'Let me just ask one more thing.', 'silent_s': 3.5, 'outcome': 'chased'}]
  [PASS] the silence it measures is real seconds on the wire  — measured from when the audio finished PLAYING, not from response.done — see _agent_quiet_since
  [PASS] and it covers a window the silence prompt does not reach
  [PASS] which is a fact about the thresholds, not about this fixture  — 2.5s vs 7.0s
[20:57:58] ⚠️  ANNOUNCED QUESTION ABANDONED (2 chases spent) — the caller was promised a question and never got one
[Realtime] 3.5s of silence — prompting the callee (opening 1/2)
  [PASS] the chase gives up at the cap, and says so in the artifact  — [{'said': 'Let me just ask one more thing.', 'silent_s': 3.52, 'outcome': 'abandoned'}]
  [PASS] and sends nothing further once it has
[Realtime] 3.5s of silence — prompting the callee (opening 1/2)
  [PASS] _close_when_answered stands the chase down  — the system must not demand speech from an agent that is already hanging up
  [PASS] and the debt is held, not thrown away  — a deferred close can be re-armed; the question may still be owed after it
[Realtime] 3.5s of silence — prompting the callee (opening 1/2)
  [PASS] _close_after_response stands the chase down  — the system must not demand speech from an agent that is already hanging up
  [PASS] and the debt is held, not thrown away  — a deferred close can be re-armed; the question may still be owed after it

[20:58:02] 🤖 AGENT  : Hi, this is Sarah calling on behalf of Forage AI about a doctor listing.
  [PASS] an ordinary opening arms nothing

[20:58:02] 🤖 AGENT  : Okay, thanks for that. Let me just ask one more thing.
[20:58:02] ⏳ ANNOUNCED A QUESTION — nothing asked yet; watching the line
  [PASS] the -2002 turn arms the debt on a real session  — 'Okay, thanks for that. Let me just ask one more thing.'

[20:58:03] 🤖 AGENT  : Which office is Dr. Okafor working out of?
  [PASS] and asking the question clears it before the watchdog can chase it

[20:58:03] 🤖 AGENT  : Okay, so I need to check which office she is at.
[Realtime] Ask into silence (1/4 unanswered, 2/8 without progress)
[Realtime] Re-asked 0.2s after the last ask — telling the agent to give them room
  [PASS] an ask by CONTENT is not padding - same predicate the budget uses  — a statement-form request is a request; chasing it would ask the agent for a question it had already put to them
  [PASS] the debt is cleared on every agent turn before it is re-armed
  [PASS] and the dead air the caller sat through reaches the artifact

==================================================================
  FAILED
==================================================================

